Component: ARM Compiler 5.06 update 6 (build 750) Tool: armlink [4d35ed]

==============================================================================

Section Cross References

    startup_stm32f446xx.o(STACK) refers (Special) to heapauxi.o(.text) for __use_two_region_memory
    startup_stm32f446xx.o(HEAP) refers (Special) to heapauxi.o(.text) for __use_two_region_memory
    startup_stm32f446xx.o(RESET) refers (Special) to heapauxi.o(.text) for __use_two_region_memory
    startup_stm32f446xx.o(RESET) refers to startup_stm32f446xx.o(STACK) for __initial_sp
    startup_stm32f446xx.o(RESET) refers to startup_stm32f446xx.o(.text) for Reset_Handler
    startup_stm32f446xx.o(RESET) refers to stm32f4xx_it.o(i.NMI_Handler) for NMI_Handler
    startup_stm32f446xx.o(RESET) refers to cmb_fault.o(.text) for HardFault_Handler
    startup_stm32f446xx.o(RESET) refers to stm32f4xx_it.o(i.MemManage_Handler) for MemManage_Handler
    startup_stm32f446xx.o(RESET) refers to stm32f4xx_it.o(i.BusFault_Handler) for BusFault_Handler
    startup_stm32f446xx.o(RESET) refers to stm32f4xx_it.o(i.UsageFault_Handler) for UsageFault_Handler
    startup_stm32f446xx.o(RESET) refers to port.o(.emb_text) for SVC_Handler
    startup_stm32f446xx.o(RESET) refers to stm32f4xx_it.o(i.DebugMon_Handler) for DebugMon_Handler
    startup_stm32f446xx.o(RESET) refers to cmsis_os2.o(i.SysTick_Handler) for SysTick_Handler
    startup_stm32f446xx.o(RESET) refers to stm32f4xx_it.o(i.DMA1_Stream4_IRQHandler) for DMA1_Stream4_IRQHandler
    startup_stm32f446xx.o(RESET) refers to stm32f4xx_it.o(i.CAN1_RX0_IRQHandler) for CAN1_RX0_IRQHandler
    startup_stm32f446xx.o(RESET) refers to hrtimer.o(i.TIM8_UP_TIM13_IRQHandler) for TIM8_UP_TIM13_IRQHandler
    startup_stm32f446xx.o(RESET) refers to stm32f4xx_it.o(i.TIM8_TRG_COM_TIM14_IRQHandler) for TIM8_TRG_COM_TIM14_IRQHandler
    startup_stm32f446xx.o(RESET) refers to stm32f4xx_it.o(i.UART4_IRQHandler) for UART4_IRQHandler
    startup_stm32f446xx.o(RESET) refers to stm32f4xx_it.o(i.CAN2_RX0_IRQHandler) for CAN2_RX0_IRQHandler
    startup_stm32f446xx.o(.text) refers (Special) to heapauxi.o(.text) for __use_two_region_memory
    startup_stm32f446xx.o(.text) refers to system_stm32f4xx.o(i.SystemInit) for SystemInit
    startup_stm32f446xx.o(.text) refers to __main.o(!!!main) for __main
    startup_stm32f446xx.o(.text) refers to startup_stm32f446xx.o(HEAP) for Heap_Mem
    startup_stm32f446xx.o(.text) refers to startup_stm32f446xx.o(STACK) for Stack_Mem
    bsp_uart.o(i.USART4_Init) refers to lwrb.o(i.lwrb_init) for lwrb_init
    bsp_uart.o(i.USART4_Init) refers to stm32f4xx_hal_uart.o(i.HAL_UART_RegisterCallback) for HAL_UART_RegisterCallback
    bsp_uart.o(i.USART4_Init) refers to bsp_uart.o(.bss) for .bss
    bsp_uart.o(i.USART4_Init) refers to bsp_uart.o(i.USART4_TxTcCb) for USART4_TxTcCb
    bsp_uart.o(i.USART4_Init) refers to usart.o(.bss) for huart4
    bsp_uart.o(i.USART4_SendData) refers to lwrb.o(i.lwrb_write) for lwrb_write
    bsp_uart.o(i.USART4_SendData) refers to bsp_uart.o(i.USART4_Start_DmaTx) for USART4_Start_DmaTx
    bsp_uart.o(i.USART4_SendData) refers to bsp_uart.o(.bss) for .bss
    bsp_uart.o(i.USART4_Start_DmaTx) refers to lwrb.o(i.lwrb_get_linear_block_read_length) for lwrb_get_linear_block_read_length
    bsp_uart.o(i.USART4_Start_DmaTx) refers to bsp_uart.o(.data) for .data
    bsp_uart.o(i.USART4_Start_DmaTx) refers to bsp_uart.o(.bss) for .bss
    bsp_uart.o(i.USART4_Start_DmaTx) refers to usart.o(.bss) for hdma_uart4_tx
    bsp_uart.o(i.USART4_Start_DmaTx) refers to lwrb.o(i.lwrb_get_linear_block_read_address) for lwrb_get_linear_block_read_address
    bsp_uart.o(i.USART4_Start_DmaTx) refers to stm32f4xx_hal_uart.o(i.HAL_UART_Transmit_DMA) for HAL_UART_Transmit_DMA
    bsp_uart.o(i.USART4_TxTcCb) refers to lwrb.o(i.lwrb_skip) for lwrb_skip
    bsp_uart.o(i.USART4_TxTcCb) refers to bsp_uart.o(i.USART4_Start_DmaTx) for USART4_Start_DmaTx
    bsp_uart.o(i.USART4_TxTcCb) refers to bsp_uart.o(.data) for .data
    bsp_uart.o(i.USART4_TxTcCb) refers to bsp_uart.o(.bss) for .bss
    main.o(.rev16_text) refers (Special) to use_no_semi_2.o(.text) for __use_no_semihosting
    main.o(.revsh_text) refers (Special) to use_no_semi_2.o(.text) for __use_no_semihosting
    main.o(.rrx_text) refers (Special) to use_no_semi_2.o(.text) for __use_no_semihosting
    main.o(i.Error_Handler) refers (Special) to use_no_semi_2.o(.text) for __use_no_semihosting
    main.o(i.HAL_TIM_PeriodElapsedCallback) refers (Special) to use_no_semi_2.o(.text) for __use_no_semihosting
    main.o(i.HAL_TIM_PeriodElapsedCallback) refers to stm32f4xx_hal.o(i.HAL_IncTick) for HAL_IncTick
    main.o(i.SystemClock_Config) refers (Special) to use_no_semi_2.o(.text) for __use_no_semihosting
    main.o(i.SystemClock_Config) refers to rt_memclr_w.o(.text) for __aeabi_memclr4
    main.o(i.SystemClock_Config) refers to stm32f4xx_hal_rcc_ex.o(i.HAL_RCC_OscConfig) for HAL_RCC_OscConfig
[...]
    __rt_memcpy                              0x08000a4d   Thumb Code   138  rt_memcpy_v6.o(.text)
    _memcpy_lastbytes                        0x08000ab3   Thumb Code     0  rt_memcpy_v6.o(.text)
    __aeabi_memcpy4                          0x08000ad7   Thumb Code     0  rt_memcpy_w.o(.text)
    __aeabi_memcpy8                          0x08000ad7   Thumb Code     0  rt_memcpy_w.o(.text)
    __rt_memcpy_w                            0x08000ad7   Thumb Code   100  rt_memcpy_w.o(.text)
    _memcpy_lastbytes_aligned                0x08000b1f   Thumb Code     0  rt_memcpy_w.o(.text)
    __aeabi_memset                           0x08000b3b   Thumb Code    16  aeabi_memset.o(.text)
    __aeabi_memclr                           0x08000b4b   Thumb Code     0  rt_memclr.o(.text)
    __rt_memclr                              0x08000b4b   Thumb Code    68  rt_memclr.o(.text)
    _memset                                  0x08000b4f   Thumb Code     0  rt_memclr.o(.text)
    __aeabi_memclr4                          0x08000b8f   Thumb Code     0  rt_memclr_w.o(.text)
    __aeabi_memclr8                          0x08000b8f   Thumb Code     0  rt_memclr_w.o(.text)
    __rt_memclr_w                            0x08000b8f   Thumb Code    78  rt_memclr_w.o(.text)
    _memset_w                                0x08000b93   Thumb Code     0  rt_memclr_w.o(.text)
    strncpy                                  0x08000bdd   Thumb Code    86  strncpy.o(.text)
    __use_two_region_memory                  0x08000c33   Thumb Code     2  heapauxi.o(.text)
    __rt_heap_escrow$2region                 0x08000c35   Thumb Code     2  heapauxi.o(.text)
    __rt_heap_expand$2region                 0x08000c37   Thumb Code     2  heapauxi.o(.text)
    __I$use$semihosting                      0x08000c39   Thumb Code     0  use_no_semi.o(.text)
    __use_no_semihosting_swi                 0x08000c39   Thumb Code     2  use_no_semi.o(.text)
    _ll_udiv10                               0x08000c3b   Thumb Code   138  lludiv10.o(.text)
    _printf_truncate_signed                  0x08000cc5   Thumb Code    18  _printf_truncate.o(.text)
    _printf_truncate_unsigned                0x08000cd7   Thumb Code    18  _printf_truncate.o(.text)
    _printf_int_common                       0x08000ce9   Thumb Code   178  _printf_intcommon.o(.text)
    _printf_charcount                        0x08000d9b   Thumb Code    40  _printf_charcount.o(.text)
    _printf_char_common                      0x08000dcf   Thumb Code    32  _printf_char_common.o(.text)
    _sputc                                   0x08000df5   Thumb Code    10  _sputc.o(.text)
    _snputc                                  0x08000dff   Thumb Code    16  _snputc.o(.text)
    _printf_cs_common                        0x08000e0f   Thumb Code    20  _printf_char.o(.text)
    _printf_char                             0x08000e23   Thumb Code    16  _printf_char.o(.text)
    _printf_string                           0x08000e33   Thumb Code     8  _printf_char.o(.text)
    _printf_wctomb                           0x08000e3d   Thumb Code   182  _printf_wctomb.o(.text)
    _printf_longlong_oct                     0x08000ef9   Thumb Code    66  _printf_oct_int_ll.o(.text)
    _printf_int_oct                          0x08000f3b   Thumb Code    24  _printf_oct_int_ll.o(.text)
    _printf_ll_oct                           0x08000f53   Thumb Code    12  _printf_oct_int_ll.o(.text)
    __lib_sel_fp_printf                      0x08000f69   Thumb Code     2  _printf_fp_dec.o(.text)
    _printf_fp_dec_real                      0x0800111b   Thumb Code   620  _printf_fp_dec.o(.text)
    _printf_fp_hex_real                      0x08001389   Thumb Code   756  _printf_fp_hex.o(.text)
    _printf_lcs_common                       0x08001685   Thumb Code    20  _printf_wchar.o(.text)
    _printf_wchar                            0x08001699   Thumb Code    16  _printf_wchar.o(.text)
    _printf_wstring                          0x080016a9   Thumb Code     8  _printf_wchar.o(.text)
    _wcrtomb                                 0x080016b1   Thumb Code    64  _wcrtomb.o(.text)
    __user_setup_stackheap                   0x080016f1   Thumb Code    74  sys_stackheap_outer.o(.text)
    __rt_ctype_table                         0x0800173d   Thumb Code    16  rt_ctype_table.o(.text)
    __rt_locale                              0x0800174d   Thumb Code     8  rt_locale_intlibspace.o(.text)
    _printf_fp_infnan                        0x08001755   Thumb Code   112  _printf_fp_infnan.o(.text)
    _btod_etento                             0x080017d5   Thumb Code   224  bigflt0.o(.text)
    exit                                     0x080018b9   Thumb Code    18  exit.o(.text)
    __user_libspace                          0x080018cd   Thumb Code     8  libspace.o(.text)
    __user_perproc_libspace                  0x080018cd   Thumb Code     0  libspace.o(.text)
    __user_perthread_libspace                0x080018cd   Thumb Code     0  libspace.o(.text)
    strcmp                                   0x080018d5   Thumb Code   128  strcmpv7m.o(.text)
    _btod_d2e                                0x08001955   Thumb Code    62  btod.o(CL$$btod_d2e)
    _d2e_denorm_low                          0x08001993   Thumb Code    70  btod.o(CL$$btod_d2e_denorm_low)
    _d2e_norm_op1                            0x080019d9   Thumb Code    96  btod.o(CL$$btod_d2e_norm_op1)
    __btod_div_common                        0x08001a39   Thumb Code   696  btod.o(CL$$btod_div_common)
    _e2e                                     0x08001d71   Thumb Code   220  btod.o(CL$$btod_e2e)
    _btod_ediv                               0x08001e4d   Thumb Code    42  btod.o(CL$$btod_ediv)
    _btod_emul                               0x08001e77   Thumb Code    42  btod.o(CL$$btod_emul)
    __btod_mult_common                       0x08001ea1   Thumb Code   580  btod.o(CL$$btod_mult_common)
    BusFault_Handler                         0x080020e5   Thumb Code     2  stm32f4xx_it.o(i.BusFault_Handler)
    CAN1_RX0_IRQHandler                      0x080020e9   Thumb Code     6  stm32f4xx_it.o(i.CAN1_RX0_IRQHandler)
    CAN2_RX0_IRQHandler                      0x080020f5   Thumb Code     6  stm32f4xx_it.o(i.CAN2_RX0_IRQHandler)
    CAN_Init                                 0x08002101   Thumb Code    38  bsp_can.o(i.CAN_Init)
    CAN_SetAllReceivingFilters               0x08002131   Thumb Code   170  bsp_can.o(i.CAN_SetAllReceivingFilters)
    DMA1_Stream4_IRQHandler                  0x08002259   Thumb Code     6  stm32f4xx_it.o(i.DMA1_Stream4_IRQHandler)
    DebugMon_Handler                         0x08002333   Thumb Code     2  stm32f4xx_it.o(i.DebugMon_Handler)
    Error_Handler                            0x08002335   Thumb Code     4  main.o(i.Error_Handler)
    HAL_CAN_ActivateNotification             0x08002339   Thumb Code    36  stm32f4xx_hal_can.o(i.HAL_CAN_ActivateNotification)
    HAL_CAN_ConfigFilter                     0x0800235d   Thumb Code   266  stm32f4xx_hal_can.o(i.HAL_CAN_ConfigFilter)
    HAL_CAN_ErrorCallback                    0x0800246d   Thumb Code     2  stm32f4xx_hal_can.o(i.HAL_CAN_ErrorCallback)
    HAL_CAN_GetRxMessage                     0x0800246f   Thumb Code   274  stm32f4xx_hal_can.o(i.HAL_CAN_GetRxMessage)
    HAL_CAN_IRQHandler                       0x08002581   Thumb Code   508  stm32f4xx_hal_can.o(i.HAL_CAN_IRQHandler)
    HAL_CAN_Init                             0x0800277d   Thumb Code   338  stm32f4xx_hal_can.o(i.HAL_CAN_Init)
    HAL_CAN_MspInit                          0x080028d1   Thumb Code   240  can.o(i.HAL_CAN_MspInit)
    HAL_CAN_RxFifo0FullCallback              0x080029d5   Thumb Code     2  stm32f4xx_hal_can.o(i.HAL_CAN_RxFifo0FullCallback)
    HAL_CAN_RxFifo0MsgPendingCallback        0x080029d9   Thumb Code   416  bsp_can.o(i.HAL_CAN_RxFifo0MsgPendingCallback)
    HAL_CAN_RxFifo1FullCallback              0x08002c49   Thumb Code     2  stm32f4xx_hal_can.o(i.HAL_CAN_RxFifo1FullCallback)
    HAL_CAN_RxFifo1MsgPendingCallback        0x08002c4b   Thumb Code     2  stm32f4xx_hal_can.o(i.HAL_CAN_RxFifo1MsgPendingCallback)
    HAL_CAN_SleepCallback                    0x08002c4d   Thumb Code     2  stm32f4xx_hal_can.o(i.HAL_CAN_SleepCallback)
    HAL_CAN_Start                            0x08002c4f   Thumb Code    88  stm32f4xx_hal_can.o(i.HAL_CAN_Start)
    HAL_CAN_TxMailbox0AbortCallback          0x08002ca7   Thumb Code     2  stm32f4xx_hal_can.o(i.HAL_CAN_TxMailbox0AbortCallback)
    HAL_CAN_TxMailbox0CompleteCallback       0x08002ca9   Thumb Code     2  stm32f4xx_hal_can.o(i.HAL_CAN_TxMailbox0CompleteCallback)
    HAL_CAN_TxMailbox1AbortCallback          0x08002cab   Thumb Code     2  stm32f4xx_hal_can.o(i.HAL_CAN_TxMailbox1AbortCallback)
    HAL_CAN_TxMailbox1CompleteCallback       0x08002cad   Thumb Code     2  stm32f4xx_hal_can.o(i.HAL_CAN_TxMailbox1CompleteCallback)
    HAL_CAN_TxMailbox2AbortCallback          0x08002caf   Thumb Code     2  stm32f4xx_hal_can.o(i.HAL_CAN_TxMailbox2AbortCallback)
    HAL_CAN_TxMailbox2CompleteCallback       0x08002cb1   Thumb Code     2  stm32f4xx_hal_can.o(i.HAL_CAN_TxMailbox2CompleteCallback)
    HAL_CAN_WakeUpFromRxMsgCallback          0x08002cb3   Thumb Code     2  stm32f4xx_hal_can.o(i.HAL_CAN_WakeUpFromRxMsgCallback)
    HAL_DMA_Abort                            0x08002cb5   Thumb Code   142  stm32f4xx_hal_dma.o(i.HAL_DMA_Abort)
    HAL_DMA_Abort_IT                         0x08002d43   Thumb Code    36  stm32f4xx_hal_dma.o(i.HAL_DMA_Abort_IT)
    HAL_DMA_IRQHandler                       0x08002d69   Thumb Code   460  stm32f4xx_hal_dma.o(i.HAL_DMA_IRQHandler)
    HAL_DMA_Init                             0x08002f39   Thumb Code   208  stm32f4xx_hal_dma.o(i.HAL_DMA_Init)
    HAL_DMA_Start_IT                         0x0800300d   Thumb Code   110  stm32f4xx_hal_dma.o(i.HAL_DMA_Start_IT)
    HAL_Delay                                0x0800307d   Thumb Code    32  stm32f4xx_hal.o(i.HAL_Delay)
    HAL_GPIO_Init                            0x080030a1   Thumb Code   410  stm32f4xx_hal_gpio.o(i.HAL_GPIO_Init)
    HAL_GPIO_TogglePin                       0x08003265   Thumb Code    16  stm32f4xx_hal_gpio.o(i.HAL_GPIO_TogglePin)
    HAL_GPIO_WritePin                        0x08003275   Thumb Code    14  stm32f4xx_hal_gpio.o(i.HAL_GPIO_WritePin)
    HAL_GetTick                              0x08003285   Thumb Code     6  stm32f4xx_hal.o(i.HAL_GetTick)
    HAL_IncTick                              0x08003291   Thumb Code    12  stm32f4xx_hal.o(i.HAL_IncTick)
    HAL_Init                                 0x080032a1   Thumb Code    48  stm32f4xx_hal.o(i.HAL_Init)
    HAL_InitTick                             0x080032d5   Thumb Code   132  stm32f4xx_hal_timebase_tim.o(i.HAL_InitTick)
    HAL_MspInit                              0x0800336d   Thumb Code    52  stm32f4xx_hal_msp.o(i.HAL_MspInit)
    HAL_NVIC_EnableIRQ                       0x080033a5   Thumb Code    26  stm32f4xx_hal_cortex.o(i.HAL_NVIC_EnableIRQ)
    HAL_NVIC_SetPriority                     0x080033c1   Thumb Code    60  stm32f4xx_hal_cortex.o(i.HAL_NVIC_SetPriority)
    HAL_NVIC_SetPriorityGrouping             0x08003401   Thumb Code    26  stm32f4xx_hal_cortex.o(i.HAL_NVIC_SetPriorityGrouping)
    HAL_RCC_ClockConfig                      0x08003425   Thumb Code   310  stm32f4xx_hal_rcc.o(i.HAL_RCC_ClockConfig)
    HAL_RCC_GetClockConfig                   0x08003571   Thumb Code    52  stm32f4xx_hal_rcc.o(i.HAL_RCC_GetClockConfig)
    HAL_RCC_GetHCLKFreq                      0x080035ad   Thumb Code     6  stm32f4xx_hal_rcc.o(i.HAL_RCC_GetHCLKFreq)
    HAL_RCC_GetPCLK1Freq                     0x080035b9   Thumb Code    22  stm32f4xx_hal_rcc.o(i.HAL_RCC_GetPCLK1Freq)
    HAL_RCC_GetPCLK2Freq                     0x080035d9   Thumb Code    22  stm32f4xx_hal_rcc.o(i.HAL_RCC_GetPCLK2Freq)
    HAL_RCC_GetSysClockFreq                  0x080035f9   Thumb Code   156  stm32f4xx_hal_rcc_ex.o(i.HAL_RCC_GetSysClockFreq)
    HAL_RCC_OscConfig                        0x080036a1   Thumb Code  1028  stm32f4xx_hal_rcc_ex.o(i.HAL_RCC_OscConfig)
    HAL_TIMEx_BreakCallback                  0x08003aa5   Thumb Code     2  stm32f4xx_hal_tim_ex.o(i.HAL_TIMEx_BreakCallback)
    HAL_TIMEx_CommutCallback                 0x08003aa7   Thumb Code     2  stm32f4xx_hal_tim_ex.o(i.HAL_TIMEx_CommutCallback)
    HAL_TIMEx_MasterConfigSynchronization    0x08003aa9   Thumb Code   114  stm32f4xx_hal_tim_ex.o(i.HAL_TIMEx_MasterConfigSynchronization)
    HAL_TIM_Base_Init                        0x08003b39   Thumb Code    74  stm32f4xx_hal_tim.o(i.HAL_TIM_Base_Init)
    HAL_TIM_Base_MspInit                     0x08003b85   Thumb Code    72  tim.o(i.HAL_TIM_Base_MspInit)
    HAL_TIM_Base_Start_IT                    0x08003bd9   Thumb Code   110  stm32f4xx_hal_tim.o(i.HAL_TIM_Base_Start_IT)
    HAL_TIM_ConfigClockSource                0x08003c65   Thumb Code   232  stm32f4xx_hal_tim.o(i.HAL_TIM_ConfigClockSource)
    HAL_TIM_IC_CaptureCallback               0x08003d4d   Thumb Code     2  stm32f4xx_hal_tim.o(i.HAL_TIM_IC_CaptureCallback)
    HAL_TIM_IRQHandler                       0x08003d4f   Thumb Code   312  stm32f4xx_hal_tim.o(i.HAL_TIM_IRQHandler)
    HAL_TIM_MspPostInit                      0x08003e89   Thumb Code   116  tim.o(i.HAL_TIM_MspPostInit)
    HAL_TIM_OC_DelayElapsedCallback          0x08003f0d   Thumb Code     2  stm32f4xx_hal_tim.o(i.HAL_TIM_OC_DelayElapsedCallback)
    HAL_TIM_PWM_ConfigChannel                0x08003f0f   Thumb Code   216  stm32f4xx_hal_tim.o(i.HAL_TIM_PWM_ConfigChannel)
    HAL_TIM_PWM_Init                         0x08003fe7   Thumb Code    74  stm32f4xx_hal_tim.o(i.HAL_TIM_PWM_Init)
    HAL_TIM_PWM_MspInit                      0x08004031   Thumb Code    30  tim.o(i.HAL_TIM_PWM_MspInit)
    HAL_TIM_PWM_PulseFinishedCallback        0x08004055   Thumb Code     2  stm32f4xx_hal_tim.o(i.HAL_TIM_PWM_PulseFinishedCallback)
    HAL_TIM_PeriodElapsedCallback            0x08004059   Thumb Code    14  main.o(i.HAL_TIM_PeriodElapsedCallback)
    HAL_TIM_TriggerCallback                  0x0800406d   Thumb Code     2  stm32f4xx_hal_tim.o(i.HAL_TIM_TriggerCallback)
    HAL_UARTEx_RxEventCallback               0x0800406f   Thumb Code     2  stm32f4xx_hal_uart.o(i.HAL_UARTEx_RxEventCallback)
    HAL_UART_AbortCpltCallback               0x08004071   Thumb Code     2  stm32f4xx_hal_uart.o(i.HAL_UART_AbortCpltCallback)
    HAL_UART_AbortReceiveCpltCallback        0x08004073   Thumb Code     2  stm32f4xx_hal_uart.o(i.HAL_UART_AbortReceiveCpltCallback)
    HAL_UART_AbortTransmitCpltCallback       0x08004075   Thumb Code     2  stm32f4xx_hal_uart.o(i.HAL_UART_AbortTransmitCpltCallback)
    HAL_UART_ErrorCallback                   0x08004077   Thumb Code     2  stm32f4xx_hal_uart.o(i.HAL_UART_ErrorCallback)
    HAL_UART_IRQHandler                      0x08004079   Thumb Code   602  stm32f4xx_hal_uart.o(i.HAL_UART_IRQHandler)
    HAL_UART_Init                            0x080042d9   Thumb Code   116  stm32f4xx_hal_uart.o(i.HAL_UART_Init)
    HAL_UART_MspInit                         0x08004351   Thumb Code   320  usart.o(i.HAL_UART_MspInit)
    HAL_UART_RegisterCallback                0x080044b5   Thumb Code   152  stm32f4xx_hal_uart.o(i.HAL_UART_RegisterCallback)
    HAL_UART_RxCpltCallback                  0x0800454d   Thumb Code     2  stm32f4xx_hal_uart.o(i.HAL_UART_RxCpltCallback)
    HAL_UART_RxHalfCpltCallback              0x0800454f   Thumb Code     2  stm32f4xx_hal_uart.o(i.HAL_UART_RxHalfCpltCallback)
    HAL_UART_Transmit_DMA                    0x08004551   Thumb Code   128  stm32f4xx_hal_uart.o(i.HAL_UART_Transmit_DMA)
    HAL_UART_TxCpltCallback                  0x080045dd   Thumb Code     2  stm32f4xx_hal_uart.o(i.HAL_UART_TxCpltCallback)
    HAL_UART_TxHalfCpltCallback              0x080045df   Thumb Code     2  stm32f4xx_hal_uart.o(i.HAL_UART_TxHalfCpltCallback)
    MX_CAN1_Init                             0x080045e1   Thumb Code    60  can.o(i.MX_CAN1_Init)
    MX_CAN2_Init                             0x08004625   Thumb Code    60  can.o(i.MX_CAN2_Init)
    MX_DMA_Init                              0x08004669   Thumb Code    40  dma.o(i.MX_DMA_Init)
    MX_FREERTOS_Init                         0x08004695   Thumb Code    18  freertos.o(i.MX_FREERTOS_Init)
    MX_GPIO_Init                             0x080046b5   Thumb Code   164  gpio.o(i.MX_GPIO_Init)
    MX_TIM13_Init                            0x08004769   Thumb Code    46  tim.o(i.MX_TIM13_Init)
    MX_TIM2_Init                             0x080047a1   Thumb Code   102  tim.o(i.MX_TIM2_Init)
    MX_TIM3_Init                             0x0800480d   Thumb Code   190  tim.o(i.MX_TIM3_Init)
    MX_UART4_Init                            0x080048d5   Thumb Code    46  usart.o(i.MX_UART4_Init)
    MX_USART1_UART_Init                      0x08004911   Thumb Code    48  usart.o(i.MX_USART1_UART_Init)
    MX_USART2_UART_Init                      0x08004949   Thumb Code    48  usart.o(i.MX_USART2_UART_Init)
    MemManage_Handler                        0x08004981   Thumb Code     2  stm32f4xx_it.o(i.MemManage_Handler)
    NMI_Handler                              0x08004983   Thumb Code     2  stm32f4xx_it.o(i.NMI_Handler)
    StartDefaultTask                         0x08004985   Thumb Code    62  freertos.o(i.StartDefaultTask)
    SysTick_Handler                          0x08004a0d   Thumb Code    26  cmsis_os2.o(i.SysTick_Handler)
    SystemClock_Config                       0x08004a29   Thumb Code   142  main.o(i.SystemClock_Config)
    SystemInit                               0x08004ac1   Thumb Code    22  system_stm32f4xx.o(i.SystemInit)
    TIM8_TRG_COM_TIM14_IRQHandler            0x08004add   Thumb Code     6  stm32f4xx_it.o(i.TIM8_TRG_COM_TIM14_IRQHandler)
    TIM8_UP_TIM13_IRQHandler                 0x08004ae9   Thumb Code    60  hrtimer.o(i.TIM8_UP_TIM13_IRQHandler)
    TIM_Base_SetConfig                       0x08004b2d   Thumb Code   168  stm32f4xx_hal_tim.o(i.TIM_Base_SetConfig)
    TIM_ETR_SetConfig                        0x08004c01   Thumb Code    20  stm32f4xx_hal_tim.o(i.TIM_ETR_SetConfig)
    TIM_OC2_SetConfig                        0x08004c8d   Thumb Code   106  stm32f4xx_hal_tim.o(i.TIM_OC2_SetConfig)
    UART4_IRQHandler                         0x08004e0d   Thumb Code     6  stm32f4xx_it.o(i.UART4_IRQHandler)
    UART_InitCallbacksToDefault              0x08004f39   Thumb Code    38  stm32f4xx_hal_uart.o(i.UART_InitCallbacksToDefault)
    USART4_Init                              0x080051c1   Thumb Code    44  bsp_uart.o(i.USART4_Init)
    USART4_SendData                          0x080051f9   Thumb Code    20  bsp_uart.o(i.USART4_SendData)
    USART4_Start_DmaTx                       0x08005211   Thumb Code  1558  bsp_uart.o(i.USART4_Start_DmaTx)
    USART4_TxTcCb                            0x0800583d   Thumb Code    24  bsp_uart.o(i.USART4_TxTcCb)
    UsageFault_Handler                       0x0800585d   Thumb Code     2  stm32f4xx_it.o(i.UsageFault_Handler)
    __ARM_fpclassify                         0x0800585f   Thumb Code    48  fpclassify.o(i.__ARM_fpclassify)
    _is_digit                                0x080058af   Thumb Code    14  __printf_wp.o(i._is_digit)
    _sys_exit                                0x080058bd   Thumb Code     2  main.o(i._sys_exit)
    app_init                                 0x080058c1   Thumb Code    56  app_init.o(i.app_init)
    cm_backtrace_call_stack                  0x08005951   Thumb Code   190  cm_backtrace.o(i.cm_backtrace_call_stack)
    cm_backtrace_fault                       0x08005a19   Thumb Code   384  cm_backtrace.o(i.cm_backtrace_fault)
    cm_backtrace_firmware_info               0x08005c51   Thumb Code    30  cm_backtrace.o(i.cm_backtrace_firmware_info)
    cm_backtrace_init                        0x08005c7d   Thumb Code    88  cm_backtrace.o(i.cm_backtrace_init)
    elog_get_filter_tag_lvl                  0x08005de5   Thumb Code   144  elog.o(i.elog_get_filter_tag_lvl)
    elog_init                                0x08005ee1   Thumb Code    54  elog.o(i.elog_init)
    elog_output                              0x08005f1d   Thumb Code   692  elog.o(i.elog_output)
    elog_output_lock                         0x08006269   Thumb Code    30  elog.o(i.elog_output_lock)
    elog_output_lock_enabled                 0x0800628d   Thumb Code    42  elog.o(i.elog_output_lock_enabled)
    elog_output_unlock                       0x080062bd   Thumb Code    30  elog.o(i.elog_output_unlock)
    elog_port_get_p_info                     0x080062e1   Thumb Code     4  elog_port.o(i.elog_port_get_p_info)
    elog_port_get_t_info                     0x080062f1   Thumb Code     4  elog_port.o(i.elog_port_get_t_info)
    elog_port_get_time                       0x080062fd   Thumb Code    24  elog_port.o(i.elog_port_get_time)
    elog_port_init                           0x08006325   Thumb Code     4  elog_port.o(i.elog_port_init)
    elog_port_output                         0x08006329   Thumb Code     8  elog_port.o(i.elog_port_output)
    elog_port_output_lock                    0x08006339   Thumb Code     4  elog_port.o(i.elog_port_output_lock)
    elog_port_output_unlock                  0x0800633d   Thumb Code     4  elog_port.o(i.elog_port_output_unlock)
    elog_set_filter_lvl                      0x08006341   Thumb Code    64  elog.o(i.elog_set_filter_lvl)
    elog_set_fmt                             0x08006429   Thumb Code    72  elog.o(i.elog_set_fmt)
    elog_set_output_enabled                  0x080064e5   Thumb Code     8  elog.o(i.elog_set_output_enabled)
    elog_start                               0x080064f1   Thumb Code    34  elog.o(i.elog_start)
    elog_strcpy                              0x08006571   Thumb Code   148  elog_utils.o(i.elog_strcpy)
    hrt_absolute_time                        0x0800696d   Thumb Code    22  hrtimer.o(i.hrt_absolute_time)
    hrtimer_init                             0x0800698d   Thumb Code    12  hrtimer.o(i.hrtimer_init)
    lwrb_get_free                            0x0800699d   Thumb Code    78  lwrb.o(i.lwrb_get_free)
    lwrb_get_full                            0x080069f1   Thumb Code    84  lwrb.o(i.lwrb_get_full)
    lwrb_get_linear_block_read_address       0x08006a49   Thumb Code    38  lwrb.o(i.lwrb_get_linear_block_read_address)
    lwrb_get_linear_block_read_length        0x08006a75   Thumb Code    76  lwrb.o(i.lwrb_get_linear_block_read_length)
    lwrb_init                                0x08006ac5   Thumb Code    44  lwrb.o(i.lwrb_init)
    lwrb_skip                                0x08006af5   Thumb Code    92  lwrb.o(i.lwrb_skip)
    lwrb_write                               0x08006b55   Thumb Code   150  lwrb.o(i.lwrb_write)
    main                                     0x08006bf1   Thumb Code    62  main.o(i.main)
    my_log_init                              0x08006c2f   Thumb Code    62  elog_port.o(i.my_log_init)
    myprintf                                 0x08006c6d   Thumb Code    34  elog_port.o(i.myprintf)
    osDelay                                  0x08006c95   Thumb Code    28  cmsis_os2.o(i.osDelay)
    osKernelInitialize                       0x08006cb1   Thumb Code    34  cmsis_os2.o(i.osKernelInitialize)
    osKernelStart                            0x08006cd9   Thumb Code    48  cmsis_os2.o(i.osKernelStart)
    osThreadNew                              0x08006d11   Thumb Code   186  cmsis_os2.o(i.osThreadNew)
    pvPortMalloc                             0x08007679   Thumb Code   214  heap_4.o(i.pvPortMalloc)
    pxPortInitialiseStack                    0x08007755   Thumb Code    30  port.o(i.pxPortInitialiseStack)
    uxListRemove                             0x08007795   Thumb Code    38  list.o(i.uxListRemove)
    vApplicationGetIdleTaskMemory            0x080077bd   Thumb Code    16  cmsis_os2.o(i.vApplicationGetIdleTaskMemory)
    vApplicationGetTimerTaskMemory           0x080077d1   Thumb Code    18  cmsis_os2.o(i.vApplicationGetTimerTaskMemory)
    vListInitialise                          0x080077e9   Thumb Code    22  list.o(i.vListInitialise)
    vListInitialiseItem                      0x080077ff   Thumb Code     6  list.o(i.vListInitialiseItem)
    vListInsert                              0x08007805   Thumb Code    48  list.o(i.vListInsert)
    vListInsertEnd                           0x08007835   Thumb Code    24  list.o(i.vListInsertEnd)
    vPortEnterCritical                       0x0800784d   Thumb Code    54  port.o(i.vPortEnterCritical)
    vPortExitCritical                        0x0800788d   Thumb Code    38  port.o(i.vPortExitCritical)
    vPortFree                                0x080078b9   Thumb Code    94  heap_4.o(i.vPortFree)
    vPortSetupTimerInterrupt                 0x0800791d   Thumb Code    32  port.o(i.vPortSetupTimerInterrupt)
    vPortValidateInterruptPriority           0x08007941   Thumb Code    74  port.o(i.vPortValidateInterruptPriority)
    vQueueAddToRegistry                      0x08007995   Thumb Code    32  queue.o(i.vQueueAddToRegistry)
    vQueueWaitForMessageRestricted           0x080079b9   Thumb Code    70  queue.o(i.vQueueWaitForMessageRestricted)
    vTaskDelay                               0x08007a01   Thumb Code    70  tasks.o(i.vTaskDelay)
    vTaskInternalSetTimeOutState             0x08007a51   Thumb Code    12  tasks.o(i.vTaskInternalSetTimeOutState)
    vTaskMissedYield                         0x08007a61   Thumb Code     8  tasks.o(i.vTaskMissedYield)
    vTaskPlaceOnEventList                    0x08007a6d   Thumb Code    46  tasks.o(i.vTaskPlaceOnEventList)
    vTaskPlaceOnEventListRestricted          0x08007aa1   Thumb Code    54  tasks.o(i.vTaskPlaceOnEventListRestricted)
    vTaskStartScheduler                      0x08007add   Thumb Code   126  tasks.o(i.vTaskStartScheduler)
    vTaskSuspendAll                          0x08007b6d   Thumb Code    10  tasks.o(i.vTaskSuspendAll)
    vTaskSwitchContext                       0x08007b7d   Thumb Code    94  tasks.o(i.vTaskSwitchContext)
    xPortStartScheduler                      0x08007be5   Thumb Code   222  port.o(i.xPortStartScheduler)
    xPortSysTickHandler                      0x08007cd9   Thumb Code    38  port.o(i.xPortSysTickHandler)
    xQueueGenericCreateStatic                0x08007d05   Thumb Code   108  queue.o(i.xQueueGenericCreateStatic)
    xQueueGenericReset                       0x08007d71   Thumb Code   134  queue.o(i.xQueueGenericReset)
    xQueueGenericSend                        0x08007dfd   Thumb Code   352  queue.o(i.xQueueGenericSend)
    xQueueGenericSendFromISR                 0x08007f61   Thumb Code   192  queue.o(i.xQueueGenericSendFromISR)
    xQueueReceive                            0x08008021   Thumb Code   310  queue.o(i.xQueueReceive)
    xTaskCheckForTimeOut                     0x0800815d   Thumb Code   118  tasks.o(i.xTaskCheckForTimeOut)
    xTaskCreate                              0x080081d9   Thumb Code   100  tasks.o(i.xTaskCreate)
    xTaskCreateStatic                        0x0800823d   Thumb Code    92  tasks.o(i.xTaskCreateStatic)
    xTaskGetSchedulerState                   0x08008299   Thumb Code    24  tasks.o(i.xTaskGetSchedulerState)
    xTaskGetTickCount                        0x080082b5   Thumb Code     6  tasks.o(i.xTaskGetTickCount)
    xTaskIncrementTick                       0x080082c1   Thumb Code   196  tasks.o(i.xTaskIncrementTick)
    xTaskPriorityDisinherit                  0x0800838d   Thumb Code   116  tasks.o(i.xTaskPriorityDisinherit)
    xTaskRemoveFromEventList                 0x08008409   Thumb Code   106  tasks.o(i.xTaskRemoveFromEventList)
    xTaskResumeAll                           0x08008481   Thumb Code   184  tasks.o(i.xTaskResumeAll)
    xTimerCreateTimerTask                    0x08008549   Thumb Code    86  timers.o(i.xTimerCreateTimerTask)
    xTimerGenericCommand                     0x080085b1   Thumb Code   104  timers.o(i.xTimerGenericCommand)
    _get_lc_numeric                          0x0800861d   Thumb Code    44  lc_numeric_c.o(locale$$code)
    _get_lc_ctype                            0x08008649   Thumb Code    44  lc_ctype_c.o(locale$$code)
    _fp_init                                 0x08008675   Thumb Code    10  fpinit.o(x$fpl$fpinit)
    __fplib_config_fpu_vfp                   0x0800867d   Thumb Code     0  fpinit.o(x$fpl$fpinit)
    __fplib_config_pureend_doubles           0x0800867d   Thumb Code     0  fpinit.o(x$fpl$fpinit)
    _printf_fp_dec                           0x0800867f   Thumb Code     4  printf1.o(x$fpl$printf1)
    _printf_fp_hex                           0x08008683   Thumb Code     4  printf2.o(x$fpl$printf2)
    __I$use$fp                               0x08008686   Number         0  usenofp.o(x$fpl$usenofp)
    defaultTask_attributes                   0x08008688   Data          36  freertos.o(.constdata)
    AHBPrescTable                            0x08008702   Data          16  system_stm32f4xx.o(.constdata)
    APBPrescTable                            0x08008712   Data           8  system_stm32f4xx.o(.constdata)
    Region$$Table$$Base                      0x0800930c   Number         0  anon$$obj.o(Region$$Table)
    Region$$Table$$Limit                     0x0800932c   Number         0  anon$$obj.o(Region$$Table)
    __ctype                                  0x08009355   Data           0  lc_ctype_c.o(locale$$data)
    Image$$ER_IROM1$$Limit                   0x08009458   Number         0  anon$$obj.o ABSOLUTE
    usart4_tx_dma_current_len                0x20000000   Data           4  bsp_uart.o(.data)
    defaultTaskHandle                        0x20000004   Data           4  freertos.o(.data)
    uwTickFreq                               0x2000000c   Data           1  stm32f4xx_hal.o(.data)
    uwTickPrio                               0x20000010   Data           4  stm32f4xx_hal.o(.data)
    uwTick                                   0x20000014   Data           4  stm32f4xx_hal.o(.data)
    SystemCoreClock                          0x20000018   Data           4  system_stm32f4xx.o(.data)
    elog_assert_hook                         0x2000001c   Data           4  elog.o(.data)
    pxCurrentTCB                             0x20000058   Data           4  tasks.o(.data)
    usart4_rx_rb                             0x200000d8   Data          28  bsp_uart.o(.bss)
    usart4_tx_rb                             0x200000f4   Data          28  bsp_uart.o(.bss)
    usart4_rx_rb_data                        0x20000110   Data         128  bsp_uart.o(.bss)
    usart4_tx_rb_data                        0x20000190   Data        2280  bsp_uart.o(.bss)
    hcan1                                    0x20000a78   Data          40  can.o(.bss)
    hcan2                                    0x20000aa0   Data          40  can.o(.bss)
    htim2                                    0x20000ac8   Data          72  tim.o(.bss)
    htim3                                    0x20000b10   Data          72  tim.o(.bss)
    htim13                                   0x20000b58   Data          72  tim.o(.bss)
    huart4                                   0x20000ba0   Data         120  usart.o(.bss)
    huart1                                   0x20000c18   Data         120  usart.o(.bss)
    huart2                                   0x20000c90   Data         120  usart.o(.bss)
    hdma_uart4_tx                            0x20000d08   Data          96  usart.o(.bss)
    htim14                                   0x20000d68   Data          72  stm32f4xx_hal_timebase_tim.o(.bss)
    xQueueRegistry                           0x2000117c   Data          64  queue.o(.bss)
    __libspace_start                         0x20005a50   Data          96  libspace.o(.bss)
    __temporary_stack_top$libspace           0x20005ab0   Data           0  libspace.o(.bss)
    STACK$$Base                              0x20005eb0   Number         0  startup_stm32f446xx.o(STACK)
    STACK$$Limit                             0x200066b0   Number         0  startup_stm32f446xx.o(STACK)



==============================================================================

Memory Map of the image

  Image Entry point : 0x080001c5

  Load Region LR_IROM1 (Base: 0x08000000, Size: 0x00009530, Max: 0x00080000, ABSOLUTE)

    Execution Region ER_IROM1 (Exec base: 0x08000000, Load base: 0x08000000, Size: 0x00009458, Max: 0x00080000, ABSOLUTE)

    Exec Addr    Load Addr    Size         Type   Attr      Idx    E Section Name        Object

    0x08000000   0x08000000   0x000001c4   Data   RO            3    RESET               startup_stm32f446xx.o
    0x080001c4   0x080001c4   0x00000008   Code   RO         6206  * !!!main             c_w.l(__main.o)
    0x080001cc   0x080001cc   0x00000034   Code   RO         6478    !!!scatter          c_w.l(__scatter.o)
    0x08000200   0x08000200   0x0000001a   Code   RO         6480    !!handler_copy      c_w.l(__scatter_copy.o)
    0x0800021a   0x0800021a   0x00000002   PAD
    0x0800021c   0x0800021c   0x0000001c   Code   RO         6482    !!handler_zi        c_w.l(__scatter_zi.o)
    0x08000238   0x08000238   0x00000000   Code   RO         6180    .ARM.Collect$$_printf_percent$$00000000  c_w.l(_printf_percent.o)
    0x08000238   0x08000238   0x00000006   Code   RO         6240    .ARM.Collect$$_printf_percent$$00000001  c_w.l(_printf_n.o)
    0x0800023e   0x0800023e   0x00000006   Code   RO         6241    .ARM.Collect$$_printf_percent$$00000002  c_w.l(_printf_p.o)
    0x08000244   0x08000244   0x00000006   Code   RO         6245    .ARM.Collect$$_printf_percent$$00000003  c_w.l(_printf_f.o)
    0x0800024a   0x0800024a   0x00000006   Code   RO         6246    .ARM.Collect$$_printf_percent$$00000004  c_w.l(_printf_e.o)
    0x08000250   0x08000250   0x00000006   Code   RO         6247    .ARM.Collect$$_printf_percent$$00000005  c_w.l(_printf_g.o)
    0x08000256   0x08000256   0x00000006   Code   RO         6248    .ARM.Collect$$_printf_percent$$00000006  c_w.l(_printf_a.o)
    0x0800025c   0x0800025c   0x0000000a   Code   RO         6252    .ARM.Collect$$_printf_percent$$00000007  c_w.l(_printf_ll.o)
    0x08000266   0x08000266   0x00000006   Code   RO         6243    .ARM.Collect$$_printf_percent$$00000008  c_w.l(_printf_i.o)
    0x0800026c   0x0800026c   0x00000006   Code   RO         6179    .ARM.Collect$$_printf_percent$$00000009  c_w.l(_printf_d.o)
    0x08000272   0x08000272   0x00000006   Code   RO         6244    .ARM.Collect$$_printf_percent$$0000000A  c_w.l(_printf_u.o)
    0x08000278   0x08000278   0x00000006   Code   RO         6242    .ARM.Collect$$_printf_percent$$0000000B  c_w.l(_printf_o.o)
    0x0800027e   0x0800027e   0x00000006   Code   RO         6178    .ARM.Collect$$_printf_percent$$0000000C  c_w.l(_printf_x.o)
    0x08000284   0x08000284   0x00000006   Code   RO         6250    .ARM.Collect$$_printf_percent$$0000000D  c_w.l(_printf_lli.o)
    0x0800028a   0x0800028a   0x00000006   Code   RO         6181    .ARM.Collect$$_printf_percent$$0000000E  c_w.l(_printf_lld.o)
    0x08000290   0x08000290   0x00000006   Code   RO         6251    .ARM.Collect$$_printf_percent$$0000000F  c_w.l(_printf_llu.o)
    0x08000296   0x08000296   0x00000006   Code   RO         6256    .ARM.Collect$$_printf_percent$$00000010  c_w.l(_printf_llo.o)
    0x0800029c   0x0800029c   0x00000006   Code   RO         6257    .ARM.Collect$$_printf_percent$$00000011  c_w.l(_printf_llx.o)
    0x080002a2   0x080002a2   0x0000000a   Code   RO         6253    .ARM.Collect$$_printf_percent$$00000012  c_w.l(_printf_l.o)
    0x080002ac   0x080002ac   0x00000006   Code   RO         6176    .ARM.Collect$$_printf_percent$$00000013  c_w.l(_printf_c.o)
    0x080002b2   0x080002b2   0x00000006   Code   RO         6177    .ARM.Collect$$_printf_percent$$00000014  c_w.l(_printf_s.o)
    0x080002b8   0x080002b8   0x00000006   Code   RO         6254    .ARM.Collect$$_printf_percent$$00000015  c_w.l(_printf_lc.o)
    0x080002be   0x080002be   0x00000006   Code   RO         6255    .ARM.Collect$$_printf_percent$$00000016  c_w.l(_printf_ls.o)
    0x080002c4   0x080002c4   0x00000004   Code   RO         6249    .ARM.Collect$$_printf_percent$$00000017  c_w.l(_printf_percent_end.o)
    0x080002c8   0x080002c8   0x00000002   Code   RO         6344    .ARM.Collect$$libinit$$00000000  c_w.l(libinit.o)
    0x080002ca   0x080002ca   0x00000004   Code   RO         6366    .ARM.Collect$$libinit$$00000001  c_w.l(libinit2.o)
    0x080002ce   0x080002ce   0x00000000   Code   RO         6369    .ARM.Collect$$libinit$$00000004  c_w.l(libinit2.o)
    0x080002ce   0x080002ce   0x00000000   Code   RO         6372    .ARM.Collect$$libinit$$0000000A  c_w.l(libinit2.o)
    0x080002ce   0x080002ce   0x00000000   Code   RO         6374    .ARM.Collect$$libinit$$0000000C  c_w.l(libinit2.o)
    0x080002ce   0x080002ce   0x00000000   Code   RO         6376    .ARM.Collect$$libinit$$0000000E  c_w.l(libinit2.o)
    0x080002ce   0x080002ce   0x00000006   Code   RO         6377    .ARM.Collect$$libinit$$0000000F  c_w.l(libinit2.o)
    0x080002d4   0x080002d4   0x00000000   Code   RO         6379    .ARM.Collect$$libinit$$00000011  c_w.l(libinit2.o)
    0x080002d4   0x080002d4   0x0000000c   Code   RO         6380    .ARM.Collect$$libinit$$00000012  c_w.l(libinit2.o)
    0x080002e0   0x080002e0   0x00000000   Code   RO         6381    .ARM.Collect$$libinit$$00000013  c_w.l(libinit2.o)
    0x080002e0   0x080002e0   0x00000000   Code   RO         6383    .ARM.Collect$$libinit$$00000015  c_w.l(libinit2.o)
    0x080002e0   0x080002e0   0x0000000a   Code   RO         6384    .ARM.Collect$$libinit$$00000016  c_w.l(libinit2.o)
    0x080002ea   0x080002ea   0x00000000   Code   RO         6385    .ARM.Collect$$libinit$$00000017  c_w.l(libinit2.o)
    0x080002ea   0x080002ea   0x00000000   Code   RO         6387    .ARM.Collect$$libinit$$00000019  c_w.l(libinit2.o)
    0x080002ea   0x080002ea   0x00000000   Code   RO         6389    .ARM.Collect$$libinit$$0000001B  c_w.l(libinit2.o)
    0x080002ea   0x080002ea   0x00000000   Code   RO         6391    .ARM.Collect$$libinit$$0000001D  c_w.l(libinit2.o)
    0x080002ea   0x080002ea   0x00000000   Code   RO         6393    .ARM.Collect$$libinit$$0000001F  c_w.l(libinit2.o)
    0x080002ea   0x080002ea   0x00000000   Code   RO         6395    .ARM.Collect$$libinit$$00000021  c_w.l(libinit2.o)
    0x080002ea   0x080002ea   0x00000000   Code   RO         6397    .ARM.Collect$$libinit$$00000023  c_w.l(libinit2.o)
    0x080002ea   0x080002ea   0x00000000   Code   RO         6399    .ARM.Collect$$libinit$$00000025  c_w.l(libinit2.o)
    0x080002ea   0x080002ea   0x00000000   Code   RO         6403    .ARM.Collect$$libinit$$0000002C  c_w.l(libinit2.o)
    0x080002ea   0x080002ea   0x00000000   Code   RO         6405    .ARM.Collect$$libinit$$0000002E  c_w.l(libinit2.o)
    0x080002ea   0x080002ea   0x00000000   Code   RO         6407    .ARM.Collect$$libinit$$00000030  c_w.l(libinit2.o)
    0x080002ea   0x080002ea   0x00000000   Code   RO         6409    .ARM.Collect$$libinit$$00000032  c_w.l(libinit2.o)
    0x080002ea   0x080002ea   0x00000002   Code   RO         6410    .ARM.Collect$$libinit$$00000033  c_w.l(libinit2.o)
    0x080002ec   0x080002ec   0x00000002   Code   RO         6434    .ARM.Collect$$libshutdown$$00000000  c_w.l(libshutdown.o)
    0x080002ee   0x080002ee   0x00000000   Code   RO         6460    .ARM.Collect$$libshutdown$$00000002  c_w.l(libshutdown2.o)
    0x080002ee   0x080002ee   0x00000000   Code   RO         6462    .ARM.Collect$$libshutdown$$00000004  c_w.l(libshutdown2.o)
    0x080002ee   0x080002ee   0x00000000   Code   RO         6465    .ARM.Collect$$libshutdown$$00000007  c_w.l(libshutdown2.o)
    0x080002ee   0x080002ee   0x00000000   Code   RO         6468    .ARM.Collect$$libshutdown$$0000000A  c_w.l(libshutdown2.o)
    0x080002ee   0x080002ee   0x00000000   Code   RO         6470    .ARM.Collect$$libshutdown$$0000000C  c_w.l(libshutdown2.o)
    0x080002ee   0x080002ee   0x00000000   Code   RO         6473    .ARM.Collect$$libshutdown$$0000000F  c_w.l(libshutdown2.o)
    0x080002ee   0x080002ee   0x00000002   Code   RO         6474    .ARM.Collect$$libshutdown$$00000010  c_w.l(libshutdown2.o)
    0x080002f0   0x080002f0   0x00000000   Code   RO         6210    .ARM.Collect$$rtentry$$00000000  c_w.l(__rtentry.o)
    0x080002f0   0x080002f0   0x00000000   Code   RO         6267    .ARM.Collect$$rtentry$$00000002  c_w.l(__rtentry2.o)
    0x080002f0   0x080002f0   0x00000006   Code   RO         6279    .ARM.Collect$$rtentry$$00000004  c_w.l(__rtentry4.o)
    0x080002f6   0x080002f6   0x00000000   Code   RO         6269    .ARM.Collect$$rtentry$$00000009  c_w.l(__rtentry2.o)
    0x080002f6   0x080002f6   0x00000004   Code   RO         6270    .ARM.Collect$$rtentry$$0000000A  c_w.l(__rtentry2.o)
    0x080002fa   0x080002fa   0x00000000   Code   RO         6272    .ARM.Collect$$rtentry$$0000000C  c_w.l(__rtentry2.o)
    0x080002fa   0x080002fa   0x00000008   Code   RO         6273    .ARM.Collect$$rtentry$$0000000D  c_w.l(__rtentry2.o)
    0x08000302   0x08000302   0x00000002   Code   RO         6353    .ARM.Collect$$rtexit$$00000000  c_w.l(rtexit.o)
    0x08000304   0x08000304   0x00000000   Code   RO         6412    .ARM.Collect$$rtexit$$00000002  c_w.l(rtexit2.o)
    0x08000304   0x08000304   0x00000004   Code   RO         6413    .ARM.Collect$$rtexit$$00000003  c_w.l(rtexit2.o)
    0x08000308   0x08000308   0x00000006   Code   RO         6414    .ARM.Collect$$rtexit$$00000004  c_w.l(rtexit2.o)
    0x0800030e   0x0800030e   0x00000002   PAD
    0x08000310   0x08000310   0x000000be   Code   RO         6032    .emb_text           port.o
    0x080003ce   0x080003ce   0x00000002   PAD
    0x080003d0   0x080003d0   0x00000040   Code   RO            4    .text               startup_stm32f446xx.o
    0x08000410   0x08000410   0x0000000c   Code   RO         4158    .text               cmb_fault.o
    0x0800041c   0x0800041c   0x00000002   Code   RO         6111    .text               c_w.l(use_no_semi_2.o)
    0x0800041e   0x0800041e   0x000000ee   Code   RO         6113    .text               c_w.l(lludivv7m.o)
    0x0800050c   0x0800050c   0x00000034   Code   RO         6115    .text               c_w.l(vsnprintf.o)
    0x08000540   0x08000540   0x0000002c   Code   RO         6117    .text               c_w.l(__2sprintf.o)
    0x0800056c   0x0800056c   0x00000038   Code   RO         6119    .text               c_w.l(__2snprintf.o)
    0x080005a4   0x080005a4   0x0000004e   Code   RO         6127    .text               c_w.l(_printf_pad.o)
    0x080005f2   0x080005f2   0x00000052   Code   RO         6129    .text               c_w.l(_printf_str.o)
    0x08000644   0x08000644   0x00000078   Code   RO         6131    .text               c_w.l(_printf_dec.o)
    0x080006bc   0x080006bc   0x0000007c   Code   RO         6133    .text               c_w.l(_printf_longlong_dec.o)
    0x08000738   0x08000738   0x00000094   Code   RO         6153    .text               c_w.l(_printf_hex_int_ll_ptr.o)
    0x080007cc   0x080007cc   0x00000188   Code   RO         6173    .text               c_w.l(__printf_flags_ss_wp.o)
    0x08000954   0x08000954   0x00000024   Code   RO         6182    .text               c_w.l(strstr.o)
    0x08000978   0x08000978   0x0000003e   Code   RO         6184    .text               c_w.l(strlen.o)
    0x080009b6   0x080009b6   0x00000096   Code   RO         6188    .text               c_w.l(strncmp.o)
    0x08000a4c   0x08000a4c   0x0000008a   Code   RO         6190    .text               c_w.l(rt_memcpy_v6.o)
    0x08000ad6   0x08000ad6   0x00000064   Code   RO         6192    .text               c_w.l(rt_memcpy_w.o)
    0x08000b3a   0x08000b3a   0x00000010   Code   RO         6196    .text               c_w.l(aeabi_memset.o)
    0x08000b4a   0x08000b4a   0x00000044   Code   RO         6198    .text               c_w.l(rt_memclr.o)
    0x08000b8e   0x08000b8e   0x0000004e   Code   RO         6200    .text               c_w.l(rt_memclr_w.o)
    0x08000bdc   0x08000bdc   0x00000056   Code   RO         6202    .text               c_w.l(strncpy.o)
    0x08000c32   0x08000c32   0x00000006   Code   RO         6204    .text               c_w.l(heapauxi.o)
    0x08000c38   0x08000c38   0x00000002   Code   RO         6208    .text               c_w.l(use_no_semi.o)
    0x08000c3a   0x08000c3a   0x0000008a   Code   RO         6215    .text               c_w.l(lludiv10.o)
    0x08000cc4   0x08000cc4   0x00000024   Code   RO         6217    .text               c_w.l(_printf_truncate.o)
    0x08000ce8   0x08000ce8   0x000000b2   Code   RO         6219    .text               c_w.l(_printf_intcommon.o)
    0x08000d9a   0x08000d9a   0x00000028   Code   RO         6221    .text               c_w.l(_printf_charcount.o)
    0x08000dc2   0x08000dc2   0x00000002   PAD
    0x08000dc4   0x08000dc4   0x00000030   Code   RO         6223    .text               c_w.l(_printf_char_common.o)
    0x08000df4   0x08000df4   0x0000000a   Code   RO         6225    .text               c_w.l(_sputc.o)
    0x08000dfe   0x08000dfe   0x00000010   Code   RO         6227    .text               c_w.l(_snputc.o)
    0x08000e0e   0x08000e0e   0x0000002c   Code   RO         6229    .text               c_w.l(_printf_char.o)
    0x08000e3a   0x08000e3a   0x00000002   PAD
    0x08000e3c   0x08000e3c   0x000000bc   Code   RO         6231    .text               c_w.l(_printf_wctomb.o)
    0x08000ef8   0x08000ef8   0x00000070   Code   RO         6238    .text               c_w.l(_printf_oct_int_ll.o)
    0x08000f68   0x08000f68   0x0000041e   Code   RO         6283    .text               c_w.l(_printf_fp_dec.o)
    0x08001386   0x08001386   0x00000002   PAD
    0x08001388   0x08001388   0x000002fc   Code   RO         6285    .text               c_w.l(_printf_fp_hex.o)
    0x08001684   0x08001684   0x0000002c   Code   RO         6290    .text               c_w.l(_printf_wchar.o)
    0x080016b0   0x080016b0   0x00000040   Code   RO         6292    .text               c_w.l(_wcrtomb.o)
    0x080016f0   0x080016f0   0x0000004a   Code   RO         6294    .text               c_w.l(sys_stackheap_outer.o)
    0x0800173a   0x0800173a   0x00000002   PAD
    0x0800173c   0x0800173c   0x00000010   Code   RO         6296    .text               c_w.l(rt_ctype_table.o)
    0x0800174c   0x0800174c   0x00000008   Code   RO         6301    .text               c_w.l(rt_locale_intlibspace.o)
    0x08001754   0x08001754   0x00000080   Code   RO         6303    .text               c_w.l(_printf_fp_infnan.o)
    0x080017d4   0x080017d4   0x000000e4   Code   RO         6305    .text               c_w.l(bigflt0.o)
    0x080018b8   0x080018b8   0x00000012   Code   RO         6333    .text               c_w.l(exit.o)
    0x080018ca   0x080018ca   0x00000002   PAD
    0x080018cc   0x080018cc   0x00000008   Code   RO         6350    .text               c_w.l(libspace.o)
    0x080018d4   0x080018d4   0x00000080   Code   RO         6364    .text               c_w.l(strcmpv7m.o)
    0x08001954   0x08001954   0x0000003e   Code   RO         6308    CL$$btod_d2e        c_w.l(btod.o)
    0x08001992   0x08001992   0x00000046   Code   RO         6310    CL$$btod_d2e_denorm_low  c_w.l(btod.o)
    0x080019d8   0x080019d8   0x00000060   Code   RO         6309    CL$$btod_d2e_norm_op1  c_w.l(btod.o)
    0x08001a38   0x08001a38   0x00000338   Code   RO         6318    CL$$btod_div_common  c_w.l(btod.o)
    0x08001d70   0x08001d70   0x000000dc   Code   RO         6315    CL$$btod_e2e        c_w.l(btod.o)
    0x08001e4c   0x08001e4c   0x0000002a   Code   RO         6312    CL$$btod_ediv       c_w.l(btod.o)
    0x08001e76   0x08001e76   0x0000002a   Code   RO         6311    CL$$btod_emul       c_w.l(btod.o)
    0x08001ea0   0x08001ea0   0x00000244   Code   RO         6317    CL$$btod_mult_common  c_w.l(btod.o)
    0x080020e4   0x080020e4   0x00000002   Code   RO          572    i.BusFault_Handler  stm32f4xx_it.o
    0x080020e6   0x080020e6   0x00000002   PAD
    0x080020e8   0x080020e8   0x0000000c   Code   RO          573    i.CAN1_RX0_IRQHandler  stm32f4xx_it.o
    0x080020f4   0x080020f4   0x0000000c   Code   RO          574    i.CAN2_RX0_IRQHandler  stm32f4xx_it.o
    0x08002100   0x08002100   0x00000030   Code   RO          736    i.CAN_Init          bsp_can.o
    0x08002130   0x08002130   0x00000128   Code   RO          737    i.CAN_SetAllReceivingFilters  bsp_can.o
    0x08002258   0x08002258   0x0000000c   Code   RO          575    i.DMA1_Stream4_IRQHandler  stm32f4xx_it.o
    0x08002264   0x08002264   0x0000002c   Code   RO         2609    i.DMA_CalcBaseAndBitshift  stm32f4xx_hal_dma.o
    0x08002290   0x08002290   0x00000078   Code   RO         2610    i.DMA_CheckFifoParam  stm32f4xx_hal_dma.o
    0x08002308   0x08002308   0x0000002a   Code   RO         2611    i.DMA_SetConfig     stm32f4xx_hal_dma.o
    0x08002332   0x08002332   0x00000002   Code   RO          576    i.DebugMon_Handler  stm32f4xx_it.o
    0x08002334   0x08002334   0x00000004   Code   RO          177    i.Error_Handler     main.o
    0x08002338   0x08002338   0x00000024   Code   RO         1778    i.HAL_CAN_ActivateNotification  stm32f4xx_hal_can.o
    0x0800235c   0x0800235c   0x00000110   Code   RO         1780    i.HAL_CAN_ConfigFilter  stm32f4xx_hal_can.o
    0x0800246c   0x0800246c   0x00000002   Code   RO         1783    i.HAL_CAN_ErrorCallback  stm32f4xx_hal_can.o
    0x0800246e   0x0800246e   0x00000112   Code   RO         1786    i.HAL_CAN_GetRxMessage  stm32f4xx_hal_can.o
    0x08002580   0x08002580   0x000001fc   Code   RO         1790    i.HAL_CAN_IRQHandler  stm32f4xx_hal_can.o
    0x0800277c   0x0800277c   0x00000152   Code   RO         1791    i.HAL_CAN_Init      stm32f4xx_hal_can.o
    0x080028ce   0x080028ce   0x00000002   PAD
    0x080028d0   0x080028d0   0x00000104   Code   RO          373    i.HAL_CAN_MspInit   can.o
    0x080029d4   0x080029d4   0x00000002   Code   RO         1798    i.HAL_CAN_RxFifo0FullCallback  stm32f4xx_hal_can.o
    0x080029d6   0x080029d6   0x00000002   PAD
    0x080029d8   0x080029d8   0x00000270   Code   RO          739    i.HAL_CAN_RxFifo0MsgPendingCallback  bsp_can.o
    0x08002c48   0x08002c48   0x00000002   Code   RO         1800    i.HAL_CAN_RxFifo1FullCallback  stm32f4xx_hal_can.o
    0x08002c4a   0x08002c4a   0x00000002   Code   RO         1801    i.HAL_CAN_RxFifo1MsgPendingCallback  stm32f4xx_hal_can.o
    0x08002c4c   0x08002c4c   0x00000002   Code   RO         1802    i.HAL_CAN_SleepCallback  stm32f4xx_hal_can.o
    0x08002c4e   0x08002c4e   0x00000058   Code   RO         1803    i.HAL_CAN_Start     stm32f4xx_hal_can.o
    0x08002ca6   0x08002ca6   0x00000002   Code   RO         1805    i.HAL_CAN_TxMailbox0AbortCallback  stm32f4xx_hal_can.o
    0x08002ca8   0x08002ca8   0x00000002   Code   RO         1806    i.HAL_CAN_TxMailbox0CompleteCallback  stm32f4xx_hal_can.o
    0x08002caa   0x08002caa   0x00000002   Code   RO         1807    i.HAL_CAN_TxMailbox1AbortCallback  stm32f4xx_hal_can.o
    0x08002cac   0x08002cac   0x00000002   Code   RO         1808    i.HAL_CAN_TxMailbox1CompleteCallback  stm32f4xx_hal_can.o
    0x08002cae   0x08002cae   0x00000002   Code   RO         1809    i.HAL_CAN_TxMailbox2AbortCallback  stm32f4xx_hal_can.o
    0x08002cb0   0x08002cb0   0x00000002   Code   RO         1810    i.HAL_CAN_TxMailbox2CompleteCallback  stm32f4xx_hal_can.o
    0x08002cb2   0x08002cb2   0x00000002   Code   RO         1812    i.HAL_CAN_WakeUpFromRxMsgCallback  stm32f4xx_hal_can.o
    0x08002cb4   0x08002cb4   0x0000008e   Code   RO         2612    i.HAL_DMA_Abort     stm32f4xx_hal_dma.o
    0x08002d42   0x08002d42   0x00000024   Code   RO         2613    i.HAL_DMA_Abort_IT  stm32f4xx_hal_dma.o
    0x08002d66   0x08002d66   0x00000002   PAD
    0x08002d68   0x08002d68   0x000001d0   Code   RO         2617    i.HAL_DMA_IRQHandler  stm32f4xx_hal_dma.o
    0x08002f38   0x08002f38   0x000000d4   Code   RO         2618    i.HAL_DMA_Init      stm32f4xx_hal_dma.o
    0x0800300c   0x0800300c   0x0000006e   Code   RO         2622    i.HAL_DMA_Start_IT  stm32f4xx_hal_dma.o
    0x0800307a   0x0800307a   0x00000002   PAD
    0x0800307c   0x0800307c   0x00000024   Code   RO         3067    i.HAL_Delay         stm32f4xx_hal.o
    0x080030a0   0x080030a0   0x000001c4   Code   RO         2505    i.HAL_GPIO_Init     stm32f4xx_hal_gpio.o
    0x08003264   0x08003264   0x00000010   Code   RO         2508    i.HAL_GPIO_TogglePin  stm32f4xx_hal_gpio.o
    0x08003274   0x08003274   0x0000000e   Code   RO         2509    i.HAL_GPIO_WritePin  stm32f4xx_hal_gpio.o
    0x08003282   0x08003282   0x00000002   PAD
    0x08003284   0x08003284   0x0000000c   Code   RO         3073    i.HAL_GetTick       stm32f4xx_hal.o
    0x08003290   0x08003290   0x00000010   Code   RO         3079    i.HAL_IncTick       stm32f4xx_hal.o
    0x080032a0   0x080032a0   0x00000034   Code   RO         3080    i.HAL_Init          stm32f4xx_hal.o
    0x080032d4   0x080032d4   0x00000098   Code   RO          697    i.HAL_InitTick      stm32f4xx_hal_timebase_tim.o
    0x0800336c   0x0800336c   0x00000038   Code   RO          673    i.HAL_MspInit       stm32f4xx_hal_msp.o
    0x080033a4   0x080033a4   0x0000001a   Code   RO         2915    i.HAL_NVIC_EnableIRQ  stm32f4xx_hal_cortex.o
    0x080033be   0x080033be   0x00000002   PAD
    0x080033c0   0x080033c0   0x00000040   Code   RO         2921    i.HAL_NVIC_SetPriority  stm32f4xx_hal_cortex.o
    0x08003400   0x08003400   0x00000024   Code   RO         2922    i.HAL_NVIC_SetPriorityGrouping  stm32f4xx_hal_cortex.o
    0x08003424   0x08003424   0x0000014c   Code   RO         2012    i.HAL_RCC_ClockConfig  stm32f4xx_hal_rcc.o
    0x08003570   0x08003570   0x0000003c   Code   RO         2016    i.HAL_RCC_GetClockConfig  stm32f4xx_hal_rcc.o
    0x080035ac   0x080035ac   0x0000000c   Code   RO         2017    i.HAL_RCC_GetHCLKFreq  stm32f4xx_hal_rcc.o
    0x080035b8   0x080035b8   0x00000020   Code   RO         2019    i.HAL_RCC_GetPCLK1Freq  stm32f4xx_hal_rcc.o
    0x080035d8   0x080035d8   0x00000020   Code   RO         2020    i.HAL_RCC_GetPCLK2Freq  stm32f4xx_hal_rcc.o
    0x080035f8   0x080035f8   0x000000a8   Code   RO         2123    i.HAL_RCC_GetSysClockFreq  stm32f4xx_hal_rcc_ex.o
    0x080036a0   0x080036a0   0x00000404   Code   RO         2124    i.HAL_RCC_OscConfig  stm32f4xx_hal_rcc_ex.o
    0x08003aa4   0x08003aa4   0x00000002   Code   RO         1510    i.HAL_TIMEx_BreakCallback  stm32f4xx_hal_tim_ex.o
    0x08003aa6   0x08003aa6   0x00000002   Code   RO         1511    i.HAL_TIMEx_CommutCallback  stm32f4xx_hal_tim_ex.o
    0x08003aa8   0x08003aa8   0x00000090   Code   RO         1529    i.HAL_TIMEx_MasterConfigSynchronization  stm32f4xx_hal_tim_ex.o
    0x08003b38   0x08003b38   0x0000004a   Code   RO          795    i.HAL_TIM_Base_Init  stm32f4xx_hal_tim.o
    0x08003b82   0x08003b82   0x00000002   PAD
    0x08003b84   0x08003b84   0x00000054   Code   RO          446    i.HAL_TIM_Base_MspInit  tim.o
    0x08003bd8   0x08003bd8   0x0000008c   Code   RO          800    i.HAL_TIM_Base_Start_IT  stm32f4xx_hal_tim.o
    0x08003c64   0x08003c64   0x000000e8   Code   RO          804    i.HAL_TIM_ConfigClockSource  stm32f4xx_hal_tim.o
    0x08003d4c   0x08003d4c   0x00000002   Code   RO          829    i.HAL_TIM_IC_CaptureCallback  stm32f4xx_hal_tim.o
    0x08003d4e   0x08003d4e   0x00000138   Code   RO          843    i.HAL_TIM_IRQHandler  stm32f4xx_hal_tim.o
    0x08003e86   0x08003e86   0x00000002   PAD
    0x08003e88   0x08003e88   0x00000084   Code   RO          447    i.HAL_TIM_MspPostInit  tim.o
    0x08003f0c   0x08003f0c   0x00000002   Code   RO          846    i.HAL_TIM_OC_DelayElapsedCallback  stm32f4xx_hal_tim.o
    0x08003f0e   0x08003f0e   0x000000d8   Code   RO          867    i.HAL_TIM_PWM_ConfigChannel  stm32f4xx_hal_tim.o
    0x08003fe6   0x08003fe6   0x0000004a   Code   RO          870    i.HAL_TIM_PWM_Init  stm32f4xx_hal_tim.o
    0x08004030   0x08004030   0x00000024   Code   RO          449    i.HAL_TIM_PWM_MspInit  tim.o
    0x08004054   0x08004054   0x00000002   Code   RO          873    i.HAL_TIM_PWM_PulseFinishedCallback  stm32f4xx_hal_tim.o
    0x08004056   0x08004056   0x00000002   PAD
    0x08004058   0x08004058   0x00000014   Code   RO          178    i.HAL_TIM_PeriodElapsedCallback  main.o
    0x0800406c   0x0800406c   0x00000002   Code   RO          886    i.HAL_TIM_TriggerCallback  stm32f4xx_hal_tim.o
    0x0800406e   0x0800406e   0x00000002   Code   RO         3330    i.HAL_UARTEx_RxEventCallback  stm32f4xx_hal_uart.o
    0x08004070   0x08004070   0x00000002   Code   RO         3332    i.HAL_UART_AbortCpltCallback  stm32f4xx_hal_uart.o
    0x08004072   0x08004072   0x00000002   Code   RO         3334    i.HAL_UART_AbortReceiveCpltCallback  stm32f4xx_hal_uart.o
    0x08004074   0x08004074   0x00000002   Code   RO         3337    i.HAL_UART_AbortTransmitCpltCallback  stm32f4xx_hal_uart.o
    0x08004076   0x08004076   0x00000002   Code   RO         3344    i.HAL_UART_ErrorCallback  stm32f4xx_hal_uart.o
    0x08004078   0x08004078   0x00000260   Code   RO         3347    i.HAL_UART_IRQHandler  stm32f4xx_hal_uart.o
    0x080042d8   0x080042d8   0x00000078   Code   RO         3348    i.HAL_UART_Init     stm32f4xx_hal_uart.o
    0x08004350   0x08004350   0x00000164   Code   RO          518    i.HAL_UART_MspInit  usart.o
    0x080044b4   0x080044b4   0x00000098   Code   RO         3354    i.HAL_UART_RegisterCallback  stm32f4xx_hal_uart.o
    0x0800454c   0x0800454c   0x00000002   Code   RO         3356    i.HAL_UART_RxCpltCallback  stm32f4xx_hal_uart.o
    0x0800454e   0x0800454e   0x00000002   Code   RO         3357    i.HAL_UART_RxHalfCpltCallback  stm32f4xx_hal_uart.o
    0x08004550   0x08004550   0x0000008c   Code   RO         3359    i.HAL_UART_Transmit_DMA  stm32f4xx_hal_uart.o
    0x080045dc   0x080045dc   0x00000002   Code   RO         3361    i.HAL_UART_TxCpltCallback  stm32f4xx_hal_uart.o
    0x080045de   0x080045de   0x00000002   Code   RO         3362    i.HAL_UART_TxHalfCpltCallback  stm32f4xx_hal_uart.o
    0x080045e0   0x080045e0   0x00000044   Code   RO          374    i.MX_CAN1_Init      can.o
    0x08004624   0x08004624   0x00000044   Code   RO          375    i.MX_CAN2_Init      can.o
    0x08004668   0x08004668   0x0000002c   Code   RO          421    i.MX_DMA_Init       dma.o
    0x08004694   0x08004694   0x00000020   Code   RO          329    i.MX_FREERTOS_Init  freertos.o
    0x080046b4   0x080046b4   0x000000b4   Code   RO          305    i.MX_GPIO_Init      gpio.o
    0x08004768   0x08004768   0x00000038   Code   RO          450    i.MX_TIM13_Init     tim.o
    0x080047a0   0x080047a0   0x0000006c   Code   RO          451    i.MX_TIM2_Init      tim.o
    0x0800480c   0x0800480c   0x000000c8   Code   RO          452    i.MX_TIM3_Init      tim.o
    0x080048d4   0x080048d4   0x0000003c   Code   RO          519    i.MX_UART4_Init     usart.o
    0x08004910   0x08004910   0x00000038   Code   RO          520    i.MX_USART1_UART_Init  usart.o
    0x08004948   0x08004948   0x00000038   Code   RO          521    i.MX_USART2_UART_Init  usart.o
    0x08004980   0x08004980   0x00000002   Code   RO          577    i.MemManage_Handler  stm32f4xx_it.o
    0x08004982   0x08004982   0x00000002   Code   RO          578    i.NMI_Handler       stm32f4xx_it.o
    0x08004984   0x08004984   0x00000088   Code   RO          330    i.StartDefaultTask  freertos.o
    0x08004a0c   0x08004a0c   0x0000001a   Code   RO         5452    i.SysTick_Handler   cmsis_os2.o
    0x08004a26   0x08004a26   0x00000002   PAD
    0x08004a28   0x08004a28   0x00000098   Code   RO          179    i.SystemClock_Config  main.o
    0x08004ac0   0x08004ac0   0x0000001c   Code   RO         3722    i.SystemInit        system_stm32f4xx.o
    0x08004adc   0x08004adc   0x0000000c   Code   RO          579    i.TIM8_TRG_COM_TIM14_IRQHandler  stm32f4xx_it.o
    0x08004ae8   0x08004ae8   0x00000044   Code   RO         4027    i.TIM8_UP_TIM13_IRQHandler  hrtimer.o
    0x08004b2c   0x08004b2c   0x000000d4   Code   RO          888    i.TIM_Base_SetConfig  stm32f4xx_hal_tim.o
    0x08004c00   0x08004c00   0x00000014   Code   RO          899    i.TIM_ETR_SetConfig  stm32f4xx_hal_tim.o
    0x08004c14   0x08004c14   0x00000010   Code   RO          900    i.TIM_ITRx_SetConfig  stm32f4xx_hal_tim.o
    0x08004c24   0x08004c24   0x00000068   Code   RO          901    i.TIM_OC1_SetConfig  stm32f4xx_hal_tim.o
    0x08004c8c   0x08004c8c   0x00000074   Code   RO          902    i.TIM_OC2_SetConfig  stm32f4xx_hal_tim.o
    0x08004d00   0x08004d00   0x00000070   Code   RO          903    i.TIM_OC3_SetConfig  stm32f4xx_hal_tim.o
    0x08004d70   0x08004d70   0x00000054   Code   RO          904    i.TIM_OC4_SetConfig  stm32f4xx_hal_tim.o
    0x08004dc4   0x08004dc4   0x00000022   Code   RO          906    i.TIM_TI1_ConfigInputStage  stm32f4xx_hal_tim.o
    0x08004de6   0x08004de6   0x00000024   Code   RO          908    i.TIM_TI2_ConfigInputStage  stm32f4xx_hal_tim.o
    0x08004e0a   0x08004e0a   0x00000002   PAD
    0x08004e0c   0x08004e0c   0x0000000c   Code   RO          580    i.UART4_IRQHandler  stm32f4xx_it.o
    0x08004e18   0x08004e18   0x0000000a   Code   RO         3365    i.UART_DMAAbortOnError  stm32f4xx_hal_uart.o
    0x08004e22   0x08004e22   0x0000004c   Code   RO         3366    i.UART_DMAError     stm32f4xx_hal_uart.o
    0x08004e6e   0x08004e6e   0x0000003e   Code   RO         3371    i.UART_DMATransmitCplt  stm32f4xx_hal_uart.o
    0x08004eac   0x08004eac   0x00000006   Code   RO         3373    i.UART_DMATxHalfCplt  stm32f4xx_hal_uart.o
    0x08004eb2   0x08004eb2   0x0000004e   Code   RO         3375    i.UART_EndRxTransfer  stm32f4xx_hal_uart.o
    0x08004f00   0x08004f00   0x0000001a   Code   RO         3376    i.UART_EndTransmit_IT  stm32f4xx_hal_uart.o
    0x08004f1a   0x08004f1a   0x0000001c   Code   RO         3377    i.UART_EndTxTransfer  stm32f4xx_hal_uart.o
    0x08004f36   0x08004f36   0x00000002   PAD
    0x08004f38   0x08004f38   0x0000004c   Code   RO         3378    i.UART_InitCallbacksToDefault  stm32f4xx_hal_uart.o
    0x08004f84   0x08004f84   0x000000c8   Code   RO         3379    i.UART_Receive_IT   stm32f4xx_hal_uart.o
    0x0800504c   0x0800504c   0x00000114   Code   RO         3380    i.UART_SetConfig    stm32f4xx_hal_uart.o
    0x08005160   0x08005160   0x0000005e   Code   RO         3383    i.UART_Transmit_IT  stm32f4xx_hal_uart.o
    0x080051be   0x080051be   0x00000002   PAD
    0x080051c0   0x080051c0   0x00000038   Code   RO           13    i.USART4_Init       bsp_uart.o
    0x080051f8   0x080051f8   0x00000018   Code   RO           14    i.USART4_SendData   bsp_uart.o
    0x08005210   0x08005210   0x0000062c   Code   RO           15    i.USART4_Start_DmaTx  bsp_uart.o
    0x0800583c   0x0800583c   0x00000020   Code   RO           16    i.USART4_TxTcCb     bsp_uart.o
    0x0800585c   0x0800585c   0x00000002   Code   RO          581    i.UsageFault_Handler  stm32f4xx_it.o
    0x0800585e   0x0800585e   0x00000030   Code   RO         6348    i.__ARM_fpclassify  m_wm.l(fpclassify.o)
    0x0800588e   0x0800588e   0x00000020   Code   RO         2928    i.__NVIC_SetPriority  stm32f4xx_hal_cortex.o
    0x080058ae   0x080058ae   0x0000000e   Code   RO         6166    i._is_digit         c_w.l(__printf_wp.o)
    0x080058bc   0x080058bc   0x00000002   Code   RO          180    i._sys_exit         main.o
    0x080058be   0x080058be   0x00000002   PAD
    0x080058c0   0x080058c0   0x00000090   Code   RO         4280    i.app_init          app_init.o
    0x08005950   0x08005950   0x000000c8   Code   RO         4076    i.cm_backtrace_call_stack  cm_backtrace.o
    0x08005a18   0x08005a18   0x00000238   Code   RO         4077    i.cm_backtrace_fault  cm_backtrace.o
    0x08005c50   0x08005c50   0x0000002c   Code   RO         4078    i.cm_backtrace_firmware_info  cm_backtrace.o
    0x08005c7c   0x08005c7c   0x00000078   Code   RO         4079    i.cm_backtrace_init  cm_backtrace.o
    0x08005cf4   0x08005cf4   0x00000028   Code   RO         4080    i.disassembly_ins_is_bl_blx  cm_backtrace.o
    0x08005d1c   0x08005d1c   0x000000c8   Code   RO         4081    i.dump_stack        cm_backtrace.o
    0x08005de4   0x08005de4   0x000000fc   Code   RO         3759    i.elog_get_filter_tag_lvl  elog.o
    0x08005ee0   0x08005ee0   0x0000003c   Code   RO         3762    i.elog_init         elog.o
    0x08005f1c   0x08005f1c   0x0000034c   Code   RO         3763    i.elog_output       elog.o
    0x08006268   0x08006268   0x00000024   Code   RO         3764    i.elog_output_lock  elog.o
    0x0800628c   0x0800628c   0x00000030   Code   RO         3765    i.elog_output_lock_enabled  elog.o
    0x080062bc   0x080062bc   0x00000024   Code   RO         3766    i.elog_output_unlock  elog.o
    0x080062e0   0x080062e0   0x00000010   Code   RO         3948    i.elog_port_get_p_info  elog_port.o
    0x080062f0   0x080062f0   0x0000000c   Code   RO         3949    i.elog_port_get_t_info  elog_port.o
    0x080062fc   0x080062fc   0x00000028   Code   RO         3950    i.elog_port_get_time  elog_port.o
    0x08006324   0x08006324   0x00000004   Code   RO         3951    i.elog_port_init    elog_port.o
    0x08006328   0x08006328   0x00000010   Code   RO         3952    i.elog_port_output  elog_port.o
    0x08006338   0x08006338   0x00000004   Code   RO         3953    i.elog_port_output_lock  elog_port.o
    0x0800633c   0x0800633c   0x00000004   Code   RO         3954    i.elog_port_output_unlock  elog_port.o
    0x08006340   0x08006340   0x000000b4   Code   RO         3770    i.elog_set_filter_lvl  elog.o
    0x080063f4   0x080063f4   0x00000034   Code   RO         3773    i.elog_set_filter_tag_lvl_default  elog.o
    0x08006428   0x08006428   0x000000bc   Code   RO         3774    i.elog_set_fmt      elog.o
    0x080064e4   0x080064e4   0x0000000c   Code   RO         3775    i.elog_set_output_enabled  elog.o
    0x080064f0   0x080064f0   0x00000080   Code   RO         3776    i.elog_start        elog.o
    0x08006570   0x08006570   0x000000f4   Code   RO         3922    i.elog_strcpy       elog_utils.o
    0x08006664   0x08006664   0x00000240   Code   RO         4082    i.fault_diagnosis   cm_backtrace.o
    0x080068a4   0x080068a4   0x000000c8   Code   RO         3777    i.get_fmt_enabled   elog.o
    0x0800696c   0x0800696c   0x00000020   Code   RO         4028    i.hrt_absolute_time  hrtimer.o
    0x0800698c   0x0800698c   0x00000010   Code   RO         4029    i.hrtimer_init      hrtimer.o
    0x0800699c   0x0800699c   0x00000054   Code   RO         4176    i.lwrb_get_free     lwrb.o
    0x080069f0   0x080069f0   0x00000058   Code   RO         4177    i.lwrb_get_full     lwrb.o
    0x08006a48   0x08006a48   0x0000002c   Code   RO         4178    i.lwrb_get_linear_block_read_address  lwrb.o
    0x08006a74   0x08006a74   0x00000050   Code   RO         4179    i.lwrb_get_linear_block_read_length  lwrb.o
    0x08006ac4   0x08006ac4   0x00000030   Code   RO         4182    i.lwrb_init         lwrb.o
    0x08006af4   0x08006af4   0x00000060   Code   RO         4188    i.lwrb_skip         lwrb.o
    0x08006b54   0x08006b54   0x0000009c   Code   RO         4189    i.lwrb_write        lwrb.o
    0x08006bf0   0x08006bf0   0x0000003e   Code   RO          183    i.main              main.o
    0x08006c2e   0x08006c2e   0x0000003e   Code   RO         3955    i.my_log_init       elog_port.o
    0x08006c6c   0x08006c6c   0x00000028   Code   RO         3956    i.myprintf          elog_port.o
    0x08006c94   0x08006c94   0x0000001c   Code   RO         5454    i.osDelay           cmsis_os2.o
    0x08006cb0   0x08006cb0   0x00000028   Code   RO         5468    i.osKernelInitialize  cmsis_os2.o
    0x08006cd8   0x08006cd8   0x00000038   Code   RO         5471    i.osKernelStart     cmsis_os2.o
    0x08006d10   0x08006d10   0x000000ba   Code   RO         5513    i.osThreadNew       cmsis_os2.o
    0x08006dca   0x08006dca   0x00000002   PAD
    0x08006dcc   0x08006dcc   0x00000094   Code   RO         4083    i.print_call_stack  cm_backtrace.o
    0x08006e60   0x08006e60   0x00000060   Code   RO         4889    i.prvAddCurrentTaskToDelayedList  tasks.o
    0x08006ec0   0x08006ec0   0x00000088   Code   RO         4890    i.prvAddNewTaskToReadyList  tasks.o
    0x08006f48   0x08006f48   0x00000058   Code   RO         5265    i.prvCheckForValidListAndQueue  timers.o
    0x08006fa0   0x08006fa0   0x0000003c   Code   RO         4891    i.prvCheckTasksWaitingTermination  tasks.o
    0x08006fdc   0x08006fdc   0x00000028   Code   RO         4479    i.prvCopyDataFromQueue  queue.o
    0x08007004   0x08007004   0x0000006e   Code   RO         4480    i.prvCopyDataToQueue  queue.o
    0x08007072   0x08007072   0x00000040   Code   RO         4892    i.prvDeleteTCB      tasks.o
    0x080070b2   0x080070b2   0x00000002   PAD
    0x080070b4   0x080070b4   0x00000024   Code   RO         5266    i.prvGetNextExpireTime  timers.o
    0x080070d8   0x080070d8   0x0000004c   Code   RO         5977    i.prvHeapInit       heap_4.o
    0x08007124   0x08007124   0x00000028   Code   RO         4893    i.prvIdleTask       tasks.o
    0x0800714c   0x0800714c   0x00000022   Code   RO         4483    i.prvInitialiseNewQueue  queue.o
    0x0800716e   0x0800716e   0x000000a8   Code   RO         4894    i.prvInitialiseNewTask  tasks.o
    0x08007216   0x08007216   0x00000002   PAD
    0x08007218   0x08007218   0x00000058   Code   RO         4895    i.prvInitialiseTaskLists  tasks.o
    0x08007270   0x08007270   0x00000054   Code   RO         5978    i.prvInsertBlockIntoFreeList  heap_4.o
    0x080072c4   0x080072c4   0x00000040   Code   RO         5268    i.prvInsertTimerInActiveList  timers.o
    0x08007304   0x08007304   0x0000001a   Code   RO         4484    i.prvIsQueueEmpty   queue.o
    0x0800731e   0x0800731e   0x0000001e   Code   RO         4485    i.prvIsQueueFull    queue.o
    0x0800733c   0x0800733c   0x00000068   Code   RO         5269    i.prvProcessExpiredTimer  timers.o
    0x080073a4   0x080073a4   0x000000fc   Code   RO         5270    i.prvProcessReceivedCommands  timers.o
    0x080074a0   0x080074a0   0x0000006c   Code   RO         5271    i.prvProcessTimerOrBlockTask  timers.o
    0x0800750c   0x0800750c   0x00000024   Code   RO         4897    i.prvResetNextTaskUnblockTime  tasks.o
    0x08007530   0x08007530   0x0000002c   Code   RO         5272    i.prvSampleTimeNow  timers.o
    0x0800755c   0x0800755c   0x00000070   Code   RO         5273    i.prvSwitchTimerLists  timers.o
    0x080075cc   0x080075cc   0x0000002c   Code   RO         6033    i.prvTaskExitError  port.o
    0x080075f8   0x080075f8   0x00000014   Code   RO         5274    i.prvTimerTask      timers.o
    0x0800760c   0x0800760c   0x0000006a   Code   RO         4486    i.prvUnlockQueue    queue.o
    0x08007676   0x08007676   0x00000002   PAD
    0x08007678   0x08007678   0x000000dc   Code   RO         5979    i.pvPortMalloc      heap_4.o
    0x08007754   0x08007754   0x00000024   Code   RO         6034    i.pxPortInitialiseStack  port.o
    0x08007778   0x08007778   0x0000001c   Code   RO         4084    i.statck_del_fpu_regs  cm_backtrace.o
    0x08007794   0x08007794   0x00000026   Code   RO         4439    i.uxListRemove      list.o
    0x080077ba   0x080077ba   0x00000002   PAD
    0x080077bc   0x080077bc   0x00000014   Code   RO         5525    i.vApplicationGetIdleTaskMemory  cmsis_os2.o
    0x080077d0   0x080077d0   0x00000018   Code   RO         5526    i.vApplicationGetTimerTaskMemory  cmsis_os2.o
    0x080077e8   0x080077e8   0x00000016   Code   RO         4440    i.vListInitialise   list.o
    0x080077fe   0x080077fe   0x00000006   Code   RO         4441    i.vListInitialiseItem  list.o
    0x08007804   0x08007804   0x00000030   Code   RO         4442    i.vListInsert       list.o
    0x08007834   0x08007834   0x00000018   Code   RO         4443    i.vListInsertEnd    list.o
    0x0800784c   0x0800784c   0x00000040   Code   RO         6036    i.vPortEnterCritical  port.o
    0x0800788c   0x0800788c   0x0000002c   Code   RO         6037    i.vPortExitCritical  port.o
    0x080078b8   0x080078b8   0x00000064   Code   RO         5980    i.vPortFree         heap_4.o
    0x0800791c   0x0800791c   0x00000024   Code   RO         6038    i.vPortSetupTimerInterrupt  port.o
    0x08007940   0x08007940   0x00000054   Code   RO         6039    i.vPortValidateInterruptPriority  port.o
    0x08007994   0x08007994   0x00000024   Code   RO         4492    i.vQueueAddToRegistry  queue.o
    0x080079b8   0x080079b8   0x00000046   Code   RO         4496    i.vQueueWaitForMessageRestricted  queue.o
    0x080079fe   0x080079fe   0x00000002   PAD
    0x08007a00   0x08007a00   0x00000050   Code   RO         4910    i.vTaskDelay        tasks.o
    0x08007a50   0x08007a50   0x00000010   Code   RO         4915    i.vTaskInternalSetTimeOutState  tasks.o
    0x08007a60   0x08007a60   0x0000000c   Code   RO         4916    i.vTaskMissedYield  tasks.o
    0x08007a6c   0x08007a6c   0x00000034   Code   RO         4918    i.vTaskPlaceOnEventList  tasks.o
    0x08007aa0   0x08007aa0   0x0000003c   Code   RO         4919    i.vTaskPlaceOnEventListRestricted  tasks.o
    0x08007adc   0x08007adc   0x00000090   Code   RO         4927    i.vTaskStartScheduler  tasks.o
    0x08007b6c   0x08007b6c   0x00000010   Code   RO         4929    i.vTaskSuspendAll   tasks.o
    0x08007b7c   0x08007b7c   0x00000068   Code   RO         4930    i.vTaskSwitchContext  tasks.o
    0x08007be4   0x08007be4   0x000000f4   Code   RO         6040    i.xPortStartScheduler  port.o
    0x08007cd8   0x08007cd8   0x0000002c   Code   RO         6041    i.xPortSysTickHandler  port.o
    0x08007d04   0x08007d04   0x0000006c   Code   RO         4502    i.xQueueGenericCreateStatic  queue.o
    0x08007d70   0x08007d70   0x0000008c   Code   RO         4503    i.xQueueGenericReset  queue.o
    0x08007dfc   0x08007dfc   0x00000164   Code   RO         4504    i.xQueueGenericSend  queue.o
    0x08007f60   0x08007f60   0x000000c0   Code   RO         4505    i.xQueueGenericSendFromISR  queue.o
    0x08008020   0x08008020   0x0000013c   Code   RO         4514    i.xQueueReceive     queue.o
    0x0800815c   0x0800815c   0x0000007c   Code   RO         4932    i.xTaskCheckForTimeOut  tasks.o
    0x080081d8   0x080081d8   0x00000064   Code   RO         4933    i.xTaskCreate       tasks.o
    0x0800823c   0x0800823c   0x0000005c   Code   RO         4934    i.xTaskCreateStatic  tasks.o
    0x08008298   0x08008298   0x0000001c   Code   RO         4938    i.xTaskGetSchedulerState  tasks.o
    0x080082b4   0x080082b4   0x0000000c   Code   RO         4939    i.xTaskGetTickCount  tasks.o
    0x080082c0   0x080082c0   0x000000cc   Code   RO         4941    i.xTaskIncrementTick  tasks.o
    0x0800838c   0x0800838c   0x0000007c   Code   RO         4944    i.xTaskPriorityDisinherit  tasks.o
    0x08008408   0x08008408   0x00000078   Code   RO         4946    i.xTaskRemoveFromEventList  tasks.o
    0x08008480   0x08008480   0x000000c8   Code   RO         4947    i.xTaskResumeAll    tasks.o
    0x08008548   0x08008548   0x00000068   Code   RO         5283    i.xTimerCreateTimerTask  timers.o
    0x080085b0   0x080085b0   0x0000006c   Code   RO         5284    i.xTimerGenericCommand  timers.o
    0x0800861c   0x0800861c   0x0000002c   Code   RO         6331    locale$$code        c_w.l(lc_numeric_c.o)
    0x08008648   0x08008648   0x0000002c   Code   RO         6358    locale$$code        c_w.l(lc_ctype_c.o)
    0x08008674   0x08008674   0x0000000a   Code   RO         6424    x$fpl$fpinit        fz_wm.l(fpinit.o)
    0x0800867e   0x0800867e   0x00000004   Code   RO         6258    x$fpl$printf1       fz_wm.l(printf1.o)
    0x08008682   0x08008682   0x00000004   Code   RO         6260    x$fpl$printf2       fz_wm.l(printf2.o)
    0x08008686   0x08008686   0x00000000   Code   RO         6347    x$fpl$usenofp       fz_wm.l(usenofp.o)
    0x08008686   0x08008686   0x00000002   PAD
    0x08008688   0x08008688   0x00000035   Data   RO          331    .constdata          freertos.o
    0x080086bd   0x080086bd   0x0000003d   Data   RO          741    .constdata          bsp_can.o
    0x080086fa   0x080086fa   0x00000008   Data   RO         2624    .constdata          stm32f4xx_hal_dma.o
    0x08008702   0x08008702   0x00000010   Data   RO         3723    .constdata          system_stm32f4xx.o
    0x08008712   0x08008712   0x00000008   Data   RO         3724    .constdata          system_stm32f4xx.o
    0x0800871a   0x0800871a   0x000000bc   Data   RO         3779    .constdata          elog.o
    0x080087d6   0x080087d6   0x00000023   Data   RO         3923    .constdata          elog_utils.o
    0x080087f9   0x080087f9   0x00000003   PAD
    0x080087fc   0x080087fc   0x000000e0   Data   RO         4086    .constdata          cm_backtrace.o
    0x080088dc   0x080088dc   0x00000009   Data   RO         4281    .constdata          app_init.o
    0x080088e5   0x080088e5   0x00000028   Data   RO         6154    .constdata          c_w.l(_printf_hex_int_ll_ptr.o)
    0x0800890d   0x0800890d   0x00000011   Data   RO         6174    .constdata          c_w.l(__printf_flags_ss_wp.o)
    0x0800891e   0x0800891e   0x00000002   PAD
    0x08008920   0x08008920   0x00000008   Data   RO         6232    .constdata          c_w.l(_printf_wctomb.o)
    0x08008928   0x08008928   0x00000026   Data   RO         6286    .constdata          c_w.l(_printf_fp_hex.o)
    0x0800894e   0x0800894e   0x00000002   PAD
    0x08008950   0x08008950   0x00000094   Data   RO         6306    .constdata          c_w.l(bigflt0.o)
    0x080089e4   0x080089e4   0x0000000c   Data   RO          332    .conststring        freertos.o
    0x080089f0   0x080089f0   0x00000087   Data   RO          742    .conststring        bsp_can.o
    0x08008a77   0x08008a77   0x00000001   PAD
    0x08008a78   0x08008a78   0x00000017   Data   RO         3780    .conststring        elog.o
    0x08008a8f   0x08008a8f   0x00000001   PAD
    0x08008a90   0x08008a90   0x00000879   Data   RO         4087    .conststring        cm_backtrace.o
    0x08009309   0x08009309   0x00000003   PAD
    0x0800930c   0x0800930c   0x00000020   Data   RO         6476    Region$$Table       anon$$obj.o
    0x0800932c   0x0800932c   0x0000001c   Data   RO         6330    locale$$data        c_w.l(lc_numeric_c.o)
    0x08009348   0x08009348   0x00000110   Data   RO         6357    locale$$data        c_w.l(lc_ctype_c.o)


    Execution Region RW_IRAM1 (Exec base: 0x20000000, Load base: 0x08009458, Size: 0x000066b0, Max: 0x00020000, ABSOLUTE)

    Exec Addr    Load Addr    Size         Type   Attr      Idx    E Section Name        Object

    0x20000000   0x08009458   0x00000004   Data   RW           19    .data               bsp_uart.o
    0x20000004   0x0800945c   0x00000004   Data   RW          333    .data               freertos.o
    0x20000008   0x08009460   0x00000004   Data   RW          377    .data               can.o
    0x2000000c   0x08009464   0x0000000c   Data   RW         3087    .data               stm32f4xx_hal.o
    0x20000018   0x08009470   0x00000004   Data   RW         3725    .data               system_stm32f4xx.o
    0x2000001c   0x08009474   0x0000001c   Data   RW         3781    .data               elog.o
    0x20000038   0x08009490   0x00000008   Data   RW         4030    .data               hrtimer.o
    0x20000040   0x08009498   0x00000018   Data   RW         4088    .data               cm_backtrace.o
    0x20000058   0x080094b0   0x0000003c   Data   RW         4950    .data               tasks.o
    0x20000094   0x080094ec   0x00000014   Data   RW         5292    .data               timers.o
    0x200000a8   0x08009500   0x00000004   Data   RW         5528    .data               cmsis_os2.o
    0x200000ac   0x08009504   0x00000020   Data   RW         5986    .data               heap_4.o
    0x200000cc   0x08009524   0x0000000c   Data   RW         6042    .data               port.o
    0x200000d8        -       0x000009a0   Zero   RW           17    .bss                bsp_uart.o
    0x20000a78        -       0x00000050   Zero   RW          376    .bss                can.o
    0x20000ac8        -       0x000000d8   Zero   RW          453    .bss                tim.o
    0x20000ba0        -       0x000001c8   Zero   RW          522    .bss                usart.o
    0x20000d68        -       0x00000048   Zero   RW          700    .bss                stm32f4xx_hal_timebase_tim.o
    0x20000db0        -       0x0000001c   Zero   RW          740    .bss                bsp_can.o
    0x20000dcc        -       0x000001a4   Zero   RW         3778    .bss                elog.o
    0x20000f70        -       0x000000d8   Zero   RW         3957    .bss                elog_port.o
    0x20001048        -       0x00000134   Zero   RW         4085    .bss                cm_backtrace.o
    0x2000117c        -       0x00000040   Zero   RW         4518    .bss                queue.o
    0x200011bc        -       0x000004c4   Zero   RW         4949    .bss                tasks.o
    0x20001680        -       0x00000118   Zero   RW         5291    .bss                timers.o
    0x20001798        -       0x000006b8   Zero   RW         5527    .bss                cmsis_os2.o
    0x20001e50        -       0x00003c00   Zero   RW         5985    .bss                heap_4.o
    0x20005a50        -       0x00000060   Zero   RW         6351    .bss                c_w.l(libspace.o)
    0x20005ab0        -       0x00000400   Zero   RW            2    HEAP                startup_stm32f446xx.o
    0x20005eb0        -       0x00000800   Zero   RW            1    STACK               startup_stm32f446xx.o


==============================================================================

Image component sizes


      Code (inc. data)   RO Data    RW Data    ZI Data      Debug   Object Name

       144         88          9          0          0        551   app_init.o
       968        344        196          0         28       3058   bsp_can.o
      1692         66          0          4       2464     734263   bsp_uart.o
       396         36          0          4         80       2470   can.o
      1924        366       2393         24        308      10370   cm_backtrace.o
        12          0          0          0          0        432   cmb_fault.o
       380         24          0          4       1720      64659   cmsis_os2.o
        44          4          0          0          0        746   dma.o
      2036        736        211         28        420      15946   elog.o
       198         50          0          0        216       4822   elog_port.o
       244         96         35          0          0       2265   elog_utils.o
         0          0          0          0          0      19380   event_groups.o
       168         88         65          4          0       1885   freertos.o
       180         16          0          0          0        951   gpio.o
       480         26          0         32      15360       4915   heap_4.o
       116         22          0          8          0       2498   hrtimer.o
       138          0          0          0          0       3482   list.o
       596         34          0          0          0       5674   lwrb.o
         0          0          0          0          0        968   lwrb_ex.o
       240         16          0          0          0      13993   main.o
       786         84          0         12          0      11445   port.o
      1564         20          0          0         64      17512   queue.o
        64         26        452          0       3072        832   startup_stm32f446xx.o
       116         18          0         12          0       8482   stm32f4xx_hal.o
      1540          6          0          0          0      13304   stm32f4xx_hal_can.o
       158         14          0          0          0      33038   stm32f4xx_hal_cortex.o
      1170         14          8          0          0       7390   stm32f4xx_hal_dma.o
       482         42          0          0          0       2893   stm32f4xx_hal_gpio.o
        56          4          0          0          0        834   stm32f4xx_hal_msp.o
       468         56          0          0          0       4031   stm32f4xx_hal_rcc.o
      1196         30          0          0          0       3462   stm32f4xx_hal_rcc_ex.o
      1790        110          0          0          0      14598   stm32f4xx_hal_tim.o
       148         30          0          0          0       2501   stm32f4xx_hal_tim_ex.o
       152         20          0          0         72       1516   stm32f4xx_hal_timebase_tim.o
      1970         84          0          0          0      17392   stm32f4xx_hal_uart.o
        70         30          0          0          0      10777   stm32f4xx_it.o
        28          6         24          4          0       1119   system_stm32f4xx.o
      2176        186          0         60       1220      27694   tasks.o
       616         60          0          0        216       4258   tim.o
      1040         88          0         20        280      32879   timers.o
       528         66          0          0        456       3168   usart.o

    ----------------------------------------------------------------------
     26118       3006       3433        216      25976    1112453   Object Totals
         0          0         32          0          0          0   (incl. Generated)
        44          0          8          0          0          0   (incl. Padding)

    ----------------------------------------------------------------------

      Code (inc. data)   RO Data    RW Data    ZI Data      Debug   Library Member Name

        56          6          0          0          0         88   __2snprintf.o
        44          6          0          0          0         84   __2sprintf.o
         8          0          0          0          0         68   __main.o
       392          4         17          0          0         92   __printf_flags_ss_wp.o
        14          0          0          0          0         68   __printf_wp.o
         0          0          0          0          0          0   __rtentry.o
        12          0          0          0          0          0   __rtentry2.o
         6          0          0          0          0          0   __rtentry4.o
        52          8          0          0          0          0   __scatter.o
        26          0          0          0          0          0   __scatter_copy.o
        28          0          0          0          0          0   __scatter_zi.o
         6          0          0          0          0          0   _printf_a.o
         6          0          0          0          0          0   _printf_c.o
        44          0          0          0          0        108   _printf_char.o
        48          6          0          0          0         96   _printf_char_common.o
        40          0          0          0          0         68   _printf_charcount.o
         6          0          0          0          0          0   _printf_d.o
       120         16          0          0          0         92   _printf_dec.o
         6          0          0          0          0          0   _printf_e.o
         6          0          0          0          0          0   _printf_f.o
      1054          0          0          0          0        216   _printf_fp_dec.o
       764          8         38          0          0        100   _printf_fp_hex.o
       128         16          0          0          0         84   _printf_fp_infnan.o
         6          0          0          0          0          0   _printf_g.o
       148          4         40          0          0        160   _printf_hex_int_ll_ptr.o
         6          0          0          0          0          0   _printf_i.o
       178          0          0          0          0         88   _printf_intcommon.o
        10          0          0          0          0          0   _printf_l.o
         6          0          0          0          0          0   _printf_lc.o
        10          0          0          0          0          0   _printf_ll.o
         6          0          0          0          0          0   _printf_lld.o
         6          0          0          0          0          0   _printf_lli.o
         6          0          0          0          0          0   _printf_llo.o
         6          0          0          0          0          0   _printf_llu.o
         6          0          0          0          0          0   _printf_llx.o
       124         16          0          0          0         92   _printf_longlong_dec.o
         6          0          0          0          0          0   _printf_ls.o
         6          0          0          0          0          0   _printf_n.o
         6          0          0          0          0          0   _printf_o.o
       112         10          0          0          0        124   _printf_oct_int_ll.o
         6          0          0          0          0          0   _printf_p.o
        78          0          0          0          0        108   _printf_pad.o
         0          0          0          0          0          0   _printf_percent.o
         4          0          0          0          0          0   _printf_percent_end.o
         6          0          0          0          0          0   _printf_s.o
        82          0          0          0          0         80   _printf_str.o
        36          0          0          0          0         84   _printf_truncate.o
         6          0          0          0          0          0   _printf_u.o
        44          0          0          0          0        108   _printf_wchar.o
       188          6          8          0          0         92   _printf_wctomb.o
         6          0          0          0          0          0   _printf_x.o
        16          0          0          0          0         68   _snputc.o
        10          0          0          0          0         68   _sputc.o
        64          0          0          0          0         92   _wcrtomb.o
        16          0          0          0          0         68   aeabi_memset.o
       228          4        148          0          0         96   bigflt0.o
      1936        128          0          0          0        672   btod.o
        18          0          0          0          0         80   exit.o
         6          0          0          0          0        152   heapauxi.o
        44         10        272          0          0         76   lc_ctype_c.o
        44         10         28          0          0         76   lc_numeric_c.o
         2          0          0          0          0          0   libinit.o
        34          0          0          0          0          0   libinit2.o
         2          0          0          0          0          0   libshutdown.o
         2          0          0          0          0          0   libshutdown2.o
         8          4          0          0         96         68   libspace.o
       138          0          0          0          0         80   lludiv10.o
       238          0          0          0          0        100   lludivv7m.o
        16          4          0          0          0         76   rt_ctype_table.o
         8          4          0          0          0         68   rt_locale_intlibspace.o
        68          0          0          0          0         68   rt_memclr.o
        78          0          0          0          0         80   rt_memclr_w.o
       138          0          0          0          0         68   rt_memcpy_v6.o
       100          0          0          0          0         80   rt_memcpy_w.o
         2          0          0          0          0          0   rtexit.o
        10          0          0          0          0          0   rtexit2.o
       128          0          0          0          0         68   strcmpv7m.o
        62          0          0          0          0         76   strlen.o
       150          0          0          0          0         80   strncmp.o
        86          0          0          0          0         76   strncpy.o
        36          0          0          0          0         80   strstr.o
        74          0          0          0          0         80   sys_stackheap_outer.o
         2          0          0          0          0         68   use_no_semi.o
         2          0          0          0          0         68   use_no_semi_2.o
        52          4          0          0          0         80   vsnprintf.o
        10          0          0          0          0        116   fpinit.o
         4          0          0          0          0        116   printf1.o
         4          0          0          0          0        116   printf2.o
         0          0          0          0          0          0   usenofp.o
        48          0          0          0          0        124   fpclassify.o

    ----------------------------------------------------------------------
      7870        274        555          0         96       5384   Library Totals
        16          0          4          0          0          0   (incl. Padding)

    ----------------------------------------------------------------------

      Code (inc. data)   RO Data    RW Data    ZI Data      Debug   Library Name

      7788        274        551          0         96       4912   c_w.l
        18          0          0          0          0        348   fz_wm.l
        48          0          0          0          0        124   m_wm.l

    ----------------------------------------------------------------------
      7870        274        555          0         96       5384   Library Totals

    ----------------------------------------------------------------------

==============================================================================


      Code (inc. data)   RO Data    RW Data    ZI Data      Debug   

     33988       3280       3988        216      26072    1090581   Grand Totals
     33988       3280       3988        216      26072    1090581   ELF Image Totals
     33988       3280       3988        216          0          0   ROM Totals

==============================================================================

    Total RO  Size (Code + RO Data)                37976 (  37.09kB)
    Total RW  Size (RW Data + ZI Data)             26288 (  25.67kB)
    Total ROM Size (Code + RO Data + RW Data)      38192 (  37.30kB)

==============================================================================

