Component: ARM Compiler 5.06 update 7 (build 960) Tool: armlink [4d3601]

==============================================================================

Section Cross References

    startup_stm32f446xx.o(STACK) refers (Special) to heapauxi.o(.text) for __use_two_region_memory
    startup_stm32f446xx.o(HEAP) refers (Special) to heapauxi.o(.text) for __use_two_region_memory
    startup_stm32f446xx.o(RESET) refers (Special) to heapauxi.o(.text) for __use_two_region_memory
    startup_stm32f446xx.o(RESET) refers to startup_stm32f446xx.o(STACK) for __initial_sp
    startup_stm32f446xx.o(RESET) refers to startup_stm32f446xx.o(.text) for Reset_Handler
    startup_stm32f446xx.o(RESET) refers to stm32f4xx_it.o(i.NMI_Handler) for NMI_Handler
    startup_stm32f446xx.o(RESET) refers to cmb_fault.o(.text) for HardFault_Handler
    startup_stm32f446xx.o(RESET) refers to stm32f4xx_it.o(i.MemManage_Handler) for MemManage_Handler
    startup_stm32f446xx.o(RESET) refers to stm32f4xx_it.o(i.BusFault_Handler) for BusFault_Handler
    startup_stm32f446xx.o(RESET) refers to stm32f4xx_it.o(i.UsageFault_Handler) for UsageFault_Handler
    startup_stm32f446xx.o(RESET) refers to stm32f4xx_it.o(i.SVC_Handler) for SVC_Handler
    startup_stm32f446xx.o(RESET) refers to stm32f4xx_it.o(i.DebugMon_Handler) for DebugMon_Handler
    startup_stm32f446xx.o(RESET) refers to stm32f4xx_it.o(i.PendSV_Handler) for PendSV_Handler
    startup_stm32f446xx.o(RESET) refers to stm32f4xx_it.o(i.SysTick_Handler) for SysTick_Handler
    startup_stm32f446xx.o(RESET) refers to stm32f4xx_it.o(i.DMA1_Stream0_IRQHandler) for DMA1_Stream0_IRQHandler
    startup_stm32f446xx.o(RESET) refers to stm32f4xx_it.o(i.CAN1_RX0_IRQHandler) for CAN1_RX0_IRQHandler
    startup_stm32f446xx.o(RESET) refers to hrtimer.o(i.TIM8_UP_TIM13_IRQHandler) for TIM8_UP_TIM13_IRQHandler
    startup_stm32f446xx.o(RESET) refers to stm32f4xx_it.o(i.TIM8_TRG_COM_TIM14_IRQHandler) for TIM8_TRG_COM_TIM14_IRQHandler
    startup_stm32f446xx.o(RESET) refers to stm32f4xx_it.o(i.DMA1_Stream7_IRQHandler) for DMA1_Stream7_IRQHandler
    startup_stm32f446xx.o(RESET) refers to stm32f4xx_it.o(i.UART5_IRQHandler) for UART5_IRQHandler
    startup_stm32f446xx.o(RESET) refers to stm32f4xx_it.o(i.CAN2_RX0_IRQHandler) for CAN2_RX0_IRQHandler
    startup_stm32f446xx.o(RESET) refers to stm32f4xx_it.o(i.OTG_FS_IRQHandler) for OTG_FS_IRQHandler
    startup_stm32f446xx.o(.text) refers (Special) to heapauxi.o(.text) for __use_two_region_memory
    startup_stm32f446xx.o(.text) refers to system_stm32f4xx.o(i.SystemInit) for SystemInit
    startup_stm32f446xx.o(.text) refers to __main.o(!!!main) for __main
    startup_stm32f446xx.o(.text) refers to startup_stm32f446xx.o(HEAP) for Heap_Mem
    startup_stm32f446xx.o(.text) refers to startup_stm32f446xx.o(STACK) for Stack_Mem
    main.o(.rev16_text) refers (Special) to use_no_semi_2.o(.text) for __use_no_semihosting
    main.o(.revsh_text) refers (Special) to use_no_semi_2.o(.text) for __use_no_semihosting
    main.o(.rrx_text) refers (Special) to use_no_semi_2.o(.text) for __use_no_semihosting
    main.o(i.Error_Handler) refers (Special) to use_no_semi_2.o(.text) for __use_no_semihosting
    main.o(i.HAL_TIM_PeriodElapsedCallback) refers (Special) to use_no_semi_2.o(.text) for __use_no_semihosting
    main.o(i.HAL_TIM_PeriodElapsedCallback) refers to stm32f4xx_hal.o(i.HAL_IncTick) for HAL_IncTick
    main.o(i.SystemClock_Config) refers (Special) to use_no_semi_2.o(.text) for __use_no_semihosting
    main.o(i.SystemClock_Config) refers to rt_memclr_w.o(.text) for __aeabi_memclr4
    main.o(i.SystemClock_Config) refers to stm32f4xx_hal_rcc_ex.o(i.HAL_RCC_OscConfig) for HAL_RCC_OscConfig
    main.o(i.SystemClock_Config) refers to main.o(i.Error_Handler) for Error_Handler
    main.o(i.SystemClock_Config) refers to stm32f4xx_hal_rcc.o(i.HAL_RCC_ClockConfig) for HAL_RCC_ClockConfig
    main.o(i._sys_exit) refers (Special) to use_no_semi_2.o(.text) for __use_no_semihosting
    main.o(i._ttywrch) refers (Special) to use_no_semi_2.o(.text) for __use_no_semihosting
    main.o(i.fputc) refers (Special) to use_no_semi_2.o(.text) for __use_no_semihosting
    main.o(i.fputc) refers to usbd_cdc_if.o(i.CDC_Transmit_FS) for CDC_Transmit_FS
    main.o(i.main) refers (Special) to use_no_semi_2.o(.text) for __use_no_semihosting
    main.o(i.main) refers to stm32f4xx_hal.o(i.HAL_Init) for HAL_Init
    main.o(i.main) refers to main.o(i.SystemClock_Config) for SystemClock_Config
    main.o(i.main) refers to gpio.o(i.MX_GPIO_Init) for MX_GPIO_Init
    main.o(i.main) refers to dma.o(i.MX_DMA_Init) for MX_DMA_Init
    main.o(i.main) refers to can.o(i.MX_CAN1_Init) for MX_CAN1_Init
    main.o(i.main) refers to can.o(i.MX_CAN2_Init) for MX_CAN2_Init
    main.o(i.main) refers to tim.o(i.MX_TIM2_Init) for MX_TIM2_Init
    main.o(i.main) refers to tim.o(i.MX_TIM3_Init) for MX_TIM3_Init
    main.o(i.main) refers to usart.o(i.MX_UART4_Init) for MX_UART4_Init
[...]
    HAL_PCD_DisconnectCallback               0x080030bf   Thumb Code    14  usbd_conf.o(i.HAL_PCD_DisconnectCallback)
    HAL_PCD_EP_Abort                         0x080030cd   Thumb Code    66  stm32f4xx_hal_pcd.o(i.HAL_PCD_EP_Abort)
    HAL_PCD_EP_Close                         0x0800310f   Thumb Code   106  stm32f4xx_hal_pcd.o(i.HAL_PCD_EP_Close)
    HAL_PCD_EP_ClrStall                      0x08003179   Thumb Code   124  stm32f4xx_hal_pcd.o(i.HAL_PCD_EP_ClrStall)
    HAL_PCD_EP_GetRxCount                    0x080031f5   Thumb Code    22  stm32f4xx_hal_pcd.o(i.HAL_PCD_EP_GetRxCount)
    HAL_PCD_EP_Open                          0x0800320b   Thumb Code   142  stm32f4xx_hal_pcd.o(i.HAL_PCD_EP_Open)
    HAL_PCD_EP_Receive                       0x08003299   Thumb Code    70  stm32f4xx_hal_pcd.o(i.HAL_PCD_EP_Receive)
    HAL_PCD_EP_SetStall                      0x080032df   Thumb Code   138  stm32f4xx_hal_pcd.o(i.HAL_PCD_EP_SetStall)
    HAL_PCD_EP_Transmit                      0x08003369   Thumb Code    72  stm32f4xx_hal_pcd.o(i.HAL_PCD_EP_Transmit)
    HAL_PCD_IRQHandler                       0x080033b1   Thumb Code  1806  stm32f4xx_hal_pcd.o(i.HAL_PCD_IRQHandler)
    HAL_PCD_ISOINIncompleteCallback          0x08003abf   Thumb Code    18  usbd_conf.o(i.HAL_PCD_ISOINIncompleteCallback)
    HAL_PCD_ISOOUTIncompleteCallback         0x08003ad1   Thumb Code    18  usbd_conf.o(i.HAL_PCD_ISOOUTIncompleteCallback)
    HAL_PCD_Init                             0x08003ae3   Thumb Code   362  stm32f4xx_hal_pcd.o(i.HAL_PCD_Init)
    HAL_PCD_MspInit                          0x08003c4d   Thumb Code   190  usbd_conf.o(i.HAL_PCD_MspInit)
    HAL_PCD_ResetCallback                    0x08003d15   Thumb Code    48  usbd_conf.o(i.HAL_PCD_ResetCallback)
    HAL_PCD_ResumeCallback                   0x08003d45   Thumb Code    14  usbd_conf.o(i.HAL_PCD_ResumeCallback)
    HAL_PCD_SOFCallback                      0x08003d53   Thumb Code    14  usbd_conf.o(i.HAL_PCD_SOFCallback)
    HAL_PCD_SetAddress                       0x08003d61   Thumb Code    52  stm32f4xx_hal_pcd.o(i.HAL_PCD_SetAddress)
    HAL_PCD_SetupStageCallback               0x08003d95   Thumb Code    18  usbd_conf.o(i.HAL_PCD_SetupStageCallback)
    HAL_PCD_Start                            0x08003da7   Thumb Code    76  stm32f4xx_hal_pcd.o(i.HAL_PCD_Start)
    HAL_PCD_SuspendCallback                  0x08003df5   Thumb Code    46  usbd_conf.o(i.HAL_PCD_SuspendCallback)
    HAL_RCCEx_PeriphCLKConfig                0x08003e29   Thumb Code  1360  stm32f4xx_hal_rcc_ex.o(i.HAL_RCCEx_PeriphCLKConfig)
    HAL_RCC_ClockConfig                      0x08004381   Thumb Code   368  stm32f4xx_hal_rcc.o(i.HAL_RCC_ClockConfig)
    HAL_RCC_GetClockConfig                   0x08004505   Thumb Code    58  stm32f4xx_hal_rcc.o(i.HAL_RCC_GetClockConfig)
    HAL_RCC_GetHCLKFreq                      0x08004549   Thumb Code     6  stm32f4xx_hal_rcc.o(i.HAL_RCC_GetHCLKFreq)
    HAL_RCC_GetPCLK1Freq                     0x08004555   Thumb Code    22  stm32f4xx_hal_rcc.o(i.HAL_RCC_GetPCLK1Freq)
    HAL_RCC_GetPCLK2Freq                     0x08004575   Thumb Code    22  stm32f4xx_hal_rcc.o(i.HAL_RCC_GetPCLK2Freq)
    HAL_RCC_GetSysClockFreq                  0x08004595   Thumb Code   266  stm32f4xx_hal_rcc_ex.o(i.HAL_RCC_GetSysClockFreq)
    HAL_RCC_OscConfig                        0x080046ad   Thumb Code  1246  stm32f4xx_hal_rcc_ex.o(i.HAL_RCC_OscConfig)
    HAL_TIMEx_BreakCallback                  0x08004b95   Thumb Code     2  stm32f4xx_hal_tim_ex.o(i.HAL_TIMEx_BreakCallback)
    HAL_TIMEx_CommutCallback                 0x08004b97   Thumb Code     2  stm32f4xx_hal_tim_ex.o(i.HAL_TIMEx_CommutCallback)
    HAL_TIMEx_MasterConfigSynchronization    0x08004b99   Thumb Code   150  stm32f4xx_hal_tim_ex.o(i.HAL_TIMEx_MasterConfigSynchronization)
    HAL_TIM_Base_Init                        0x08004c4d   Thumb Code   102  stm32f4xx_hal_tim.o(i.HAL_TIM_Base_Init)
    HAL_TIM_Base_MspInit                     0x08004cb5   Thumb Code   102  tim.o(i.HAL_TIM_Base_MspInit)
    HAL_TIM_Base_Start_IT                    0x08004d29   Thumb Code   138  stm32f4xx_hal_tim.o(i.HAL_TIM_Base_Start_IT)
    HAL_TIM_ConfigClockSource                0x08004dd1   Thumb Code   268  stm32f4xx_hal_tim.o(i.HAL_TIM_ConfigClockSource)
    HAL_TIM_IC_CaptureCallback               0x08004edd   Thumb Code     2  stm32f4xx_hal_tim.o(i.HAL_TIM_IC_CaptureCallback)
    HAL_TIM_IRQHandler                       0x08004edf   Thumb Code   364  stm32f4xx_hal_tim.o(i.HAL_TIM_IRQHandler)
    HAL_TIM_MspPostInit                      0x0800504d   Thumb Code   154  tim.o(i.HAL_TIM_MspPostInit)
    HAL_TIM_OC_DelayElapsedCallback          0x080050f9   Thumb Code     2  stm32f4xx_hal_tim.o(i.HAL_TIM_OC_DelayElapsedCallback)
    HAL_TIM_PWM_ConfigChannel                0x080050fb   Thumb Code   260  stm32f4xx_hal_tim.o(i.HAL_TIM_PWM_ConfigChannel)
    HAL_TIM_PWM_Init                         0x080051ff   Thumb Code   102  stm32f4xx_hal_tim.o(i.HAL_TIM_PWM_Init)
    HAL_TIM_PWM_MspInit                      0x08005265   Thumb Code    44  tim.o(i.HAL_TIM_PWM_MspInit)
    HAL_TIM_PWM_PulseFinishedCallback        0x08005295   Thumb Code     2  stm32f4xx_hal_tim.o(i.HAL_TIM_PWM_PulseFinishedCallback)
    HAL_TIM_PeriodElapsedCallback            0x08005299   Thumb Code    18  main.o(i.HAL_TIM_PeriodElapsedCallback)
    HAL_TIM_TriggerCallback                  0x080052b1   Thumb Code     2  stm32f4xx_hal_tim.o(i.HAL_TIM_TriggerCallback)
    HAL_UARTEx_RxEventCallback               0x080052b3   Thumb Code     2  stm32f4xx_hal_uart.o(i.HAL_UARTEx_RxEventCallback)
    HAL_UART_ErrorCallback                   0x080052b5   Thumb Code     2  stm32f4xx_hal_uart.o(i.HAL_UART_ErrorCallback)
    HAL_UART_IRQHandler                      0x080052b9   Thumb Code   772  stm32f4xx_hal_uart.o(i.HAL_UART_IRQHandler)
    HAL_UART_Init                            0x080055c1   Thumb Code   118  stm32f4xx_hal_uart.o(i.HAL_UART_Init)
    HAL_UART_MspInit                         0x08005639   Thumb Code   650  usart.o(i.HAL_UART_MspInit)
    HAL_UART_RxCpltCallback                  0x080058f1   Thumb Code     2  stm32f4xx_hal_uart.o(i.HAL_UART_RxCpltCallback)
    HAL_UART_TxCpltCallback                  0x080058f3   Thumb Code     2  stm32f4xx_hal_uart.o(i.HAL_UART_TxCpltCallback)
    MX_CAN1_Init                             0x08005935   Thumb Code    58  can.o(i.MX_CAN1_Init)
    MX_CAN2_Init                             0x08005979   Thumb Code    58  can.o(i.MX_CAN2_Init)
    MX_DMA_Init                              0x080059bd   Thumb Code    68  dma.o(i.MX_DMA_Init)
    MX_GPIO_Init                             0x08005a05   Thumb Code   256  gpio.o(i.MX_GPIO_Init)
    MX_TIM13_Init                            0x08005b15   Thumb Code    44  tim.o(i.MX_TIM13_Init)
    MX_TIM2_Init                             0x08005b49   Thumb Code   114  tim.o(i.MX_TIM2_Init)
    MX_TIM3_Init                             0x08005bc1   Thumb Code   202  tim.o(i.MX_TIM3_Init)
    MX_UART4_Init                            0x08005c95   Thumb Code    46  usart.o(i.MX_UART4_Init)
    MX_UART5_Init                            0x08005ccd   Thumb Code    46  usart.o(i.MX_UART5_Init)
    MX_USART1_UART_Init                      0x08005d05   Thumb Code    46  usart.o(i.MX_USART1_UART_Init)
    MX_USART2_UART_Init                      0x08005d3d   Thumb Code    46  usart.o(i.MX_USART2_UART_Init)
    MX_USB_DEVICE_Init                       0x08005d75   Thumb Code    60  usb_device.o(i.MX_USB_DEVICE_Init)
    MemManage_Handler                        0x08005dc1   Thumb Code     4  stm32f4xx_it.o(i.MemManage_Handler)
    NMI_Handler                              0x08005dc5   Thumb Code     4  stm32f4xx_it.o(i.NMI_Handler)
    OTG_FS_IRQHandler                        0x08005dc9   Thumb Code    10  stm32f4xx_it.o(i.OTG_FS_IRQHandler)
    PendSV_Handler                           0x08006037   Thumb Code     2  stm32f4xx_it.o(i.PendSV_Handler)
    SVC_Handler                              0x08006039   Thumb Code     2  stm32f4xx_it.o(i.SVC_Handler)
    SysTick_Handler                          0x0800604d   Thumb Code     2  stm32f4xx_it.o(i.SysTick_Handler)
    SystemClock_Config                       0x08006051   Thumb Code   174  main.o(i.SystemClock_Config)
    SystemInit                               0x08006109   Thumb Code    24  system_stm32f4xx.o(i.SystemInit)
    TIM8_TRG_COM_TIM14_IRQHandler            0x08006125   Thumb Code    10  stm32f4xx_it.o(i.TIM8_TRG_COM_TIM14_IRQHandler)
    TIM8_UP_TIM13_IRQHandler                 0x08006135   Thumb Code    66  hrtimer.o(i.TIM8_UP_TIM13_IRQHandler)
    TIM_Base_SetConfig                       0x08006181   Thumb Code   178  stm32f4xx_hal_tim.o(i.TIM_Base_SetConfig)
    TIM_ETR_SetConfig                        0x08006261   Thumb Code    22  stm32f4xx_hal_tim.o(i.TIM_ETR_SetConfig)
    TIM_OC2_SetConfig                        0x080062f9   Thumb Code   114  stm32f4xx_hal_tim.o(i.TIM_OC2_SetConfig)
    UART5_IRQHandler                         0x08006491   Thumb Code    10  stm32f4xx_it.o(i.UART5_IRQHandler)
    USBD_CDC_GetDeviceQualifierDescriptor    0x08006af5   Thumb Code    10  usbd_cdc.o(i.USBD_CDC_GetDeviceQualifierDescriptor)
    USBD_CDC_ReceivePacket                   0x08006d75   Thumb Code    74  usbd_cdc.o(i.USBD_CDC_ReceivePacket)
    USBD_CDC_RegisterInterface               0x08006dc5   Thumb Code    24  usbd_cdc.o(i.USBD_CDC_RegisterInterface)
    USBD_CDC_SetRxBuffer                     0x08006ddd   Thumb Code    30  usbd_cdc.o(i.USBD_CDC_SetRxBuffer)
    USBD_CDC_SetTxBuffer                     0x08006dfb   Thumb Code    36  usbd_cdc.o(i.USBD_CDC_SetTxBuffer)
    USBD_CDC_TransmitPacket                  0x08006f61   Thumb Code    84  usbd_cdc.o(i.USBD_CDC_TransmitPacket)
    USBD_ClrClassConfig                      0x08006fb9   Thumb Code    28  usbd_core.o(i.USBD_ClrClassConfig)
    USBD_CoreFindEP                          0x08007013   Thumb Code     6  usbd_core.o(i.USBD_CoreFindEP)
    USBD_CoreFindIF                          0x08007019   Thumb Code     6  usbd_core.o(i.USBD_CoreFindIF)
    USBD_CtlContinueRx                       0x0800701f   Thumb Code    24  usbd_ioreq.o(i.USBD_CtlContinueRx)
    USBD_CtlContinueSendData                 0x08007037   Thumb Code    24  usbd_ioreq.o(i.USBD_CtlContinueSendData)
    USBD_CtlError                            0x0800704f   Thumb Code    24  usbd_ctlreq.o(i.USBD_CtlError)
    USBD_CtlPrepareRx                        0x08007067   Thumb Code    46  usbd_ioreq.o(i.USBD_CtlPrepareRx)
    USBD_CtlReceiveStatus                    0x08007095   Thumb Code    26  usbd_ioreq.o(i.USBD_CtlReceiveStatus)
    USBD_CtlSendData                         0x080070af   Thumb Code    36  usbd_ioreq.o(i.USBD_CtlSendData)
    USBD_CtlSendStatus                       0x080070d3   Thumb Code    26  usbd_ioreq.o(i.USBD_CtlSendStatus)
    USBD_FS_ConfigStrDescriptor              0x080070ed   Thumb Code    34  usbd_desc.o(i.USBD_FS_ConfigStrDescriptor)
    USBD_FS_DeviceDescriptor                 0x08007121   Thumb Code    10  usbd_desc.o(i.USBD_FS_DeviceDescriptor)
    USBD_FS_InterfaceStrDescriptor           0x08007131   Thumb Code    34  usbd_desc.o(i.USBD_FS_InterfaceStrDescriptor)
    USBD_FS_LangIDStrDescriptor              0x08007169   Thumb Code    10  usbd_desc.o(i.USBD_FS_LangIDStrDescriptor)
    USBD_FS_ManufacturerStrDescriptor        0x08007179   Thumb Code    20  usbd_desc.o(i.USBD_FS_ManufacturerStrDescriptor)
    USBD_FS_ProductStrDescriptor             0x080071a5   Thumb Code    34  usbd_desc.o(i.USBD_FS_ProductStrDescriptor)
    USBD_FS_SerialStrDescriptor              0x080071e5   Thumb Code    18  usbd_desc.o(i.USBD_FS_SerialStrDescriptor)
    USBD_FS_USR_BOSDescriptor                0x080071fd   Thumb Code    10  usbd_desc.o(i.USBD_FS_USR_BOSDescriptor)
    USBD_GetEpDesc                           0x08007495   Thumb Code    80  usbd_core.o(i.USBD_GetEpDesc)
    USBD_GetNextDesc                         0x080074fb   Thumb Code    20  usbd_core.o(i.USBD_GetNextDesc)
    USBD_GetString                           0x08007569   Thumb Code   104  usbd_ctlreq.o(i.USBD_GetString)
    USBD_Get_USB_Status                      0x080075d1   Thumb Code    44  usbd_conf.o(i.USBD_Get_USB_Status)
    USBD_Init                                0x080075fd   Thumb Code    58  usbd_core.o(i.USBD_Init)
    USBD_LL_ClearStallEP                     0x08007637   Thumb Code    38  usbd_conf.o(i.USBD_LL_ClearStallEP)
    USBD_LL_CloseEP                          0x0800765d   Thumb Code    38  usbd_conf.o(i.USBD_LL_CloseEP)
    USBD_LL_DataInStage                      0x08007683   Thumb Code   272  usbd_core.o(i.USBD_LL_DataInStage)
    USBD_LL_DataOutStage                     0x08007793   Thumb Code   266  usbd_core.o(i.USBD_LL_DataOutStage)
    USBD_LL_DevConnected                     0x0800789d   Thumb Code     6  usbd_core.o(i.USBD_LL_DevConnected)
    USBD_LL_DevDisconnected                  0x080078a3   Thumb Code    38  usbd_core.o(i.USBD_LL_DevDisconnected)
    USBD_LL_GetRxDataSize                    0x080078c9   Thumb Code    18  usbd_conf.o(i.USBD_LL_GetRxDataSize)
    USBD_LL_Init                             0x080078dd   Thumb Code   100  usbd_conf.o(i.USBD_LL_Init)
    USBD_LL_IsStallEP                        0x08007945   Thumb Code    56  usbd_conf.o(i.USBD_LL_IsStallEP)
    USBD_LL_IsoINIncomplete                  0x0800797d   Thumb Code    72  usbd_core.o(i.USBD_LL_IsoINIncomplete)
    USBD_LL_IsoOUTIncomplete                 0x080079c5   Thumb Code    72  usbd_core.o(i.USBD_LL_IsoOUTIncomplete)
    USBD_LL_OpenEP                           0x08007a0d   Thumb Code    48  usbd_conf.o(i.USBD_LL_OpenEP)
    USBD_LL_PrepareReceive                   0x08007a3d   Thumb Code    48  usbd_conf.o(i.USBD_LL_PrepareReceive)
    USBD_LL_Reset                            0x08007a6d   Thumb Code   110  usbd_core.o(i.USBD_LL_Reset)
    USBD_LL_Resume                           0x08007adb   Thumb Code    22  usbd_core.o(i.USBD_LL_Resume)
    USBD_LL_SOF                              0x08007af1   Thumb Code    40  usbd_core.o(i.USBD_LL_SOF)
    USBD_LL_SetSpeed                         0x08007b19   Thumb Code     8  usbd_core.o(i.USBD_LL_SetSpeed)
    USBD_LL_SetUSBAddress                    0x08007b21   Thumb Code    38  usbd_conf.o(i.USBD_LL_SetUSBAddress)
    USBD_LL_SetupStage                       0x08007b47   Thumb Code   118  usbd_core.o(i.USBD_LL_SetupStage)
    USBD_LL_StallEP                          0x08007bbd   Thumb Code    38  usbd_conf.o(i.USBD_LL_StallEP)
    USBD_LL_Start                            0x08007be3   Thumb Code    30  usbd_conf.o(i.USBD_LL_Start)
    USBD_LL_Suspend                          0x08007c01   Thumb Code    28  usbd_core.o(i.USBD_LL_Suspend)
    USBD_LL_Transmit                         0x08007c1d   Thumb Code    48  usbd_conf.o(i.USBD_LL_Transmit)
    USBD_ParseSetupRequest                   0x08007c4d   Thumb Code    54  usbd_ctlreq.o(i.USBD_ParseSetupRequest)
    USBD_RegisterClass                       0x08007c83   Thumb Code    72  usbd_core.o(i.USBD_RegisterClass)
    USBD_RunTestMode                         0x08007ccb   Thumb Code     6  usbd_core.o(i.USBD_RunTestMode)
    USBD_SetClassConfig                      0x08007d2b   Thumb Code    32  usbd_core.o(i.USBD_SetClassConfig)
    USBD_Start                               0x08007e89   Thumb Code    12  usbd_core.o(i.USBD_Start)
    USBD_StdDevReq                           0x08007e95   Thumb Code   174  usbd_ctlreq.o(i.USBD_StdDevReq)
    USBD_StdEPReq                            0x08007f43   Thumb Code   644  usbd_ctlreq.o(i.USBD_StdEPReq)
    USBD_StdItfReq                           0x080081c7   Thumb Code   174  usbd_ctlreq.o(i.USBD_StdItfReq)
    USBD_static_free                         0x08008275   Thumb Code     2  usbd_conf.o(i.USBD_static_free)
    USBD_static_malloc                       0x08008279   Thumb Code     6  usbd_conf.o(i.USBD_static_malloc)
    USB_ActivateEndpoint                     0x08008285   Thumb Code   202  stm32f4xx_ll_usb.o(i.USB_ActivateEndpoint)
    USB_ActivateSetup                        0x08008355   Thumb Code    40  stm32f4xx_ll_usb.o(i.USB_ActivateSetup)
    USB_CoreInit                             0x0800837d   Thumb Code   136  stm32f4xx_ll_usb.o(i.USB_CoreInit)
    USB_DeactivateEndpoint                   0x0800846d   Thumb Code   318  stm32f4xx_ll_usb.o(i.USB_DeactivateEndpoint)
    USB_DevConnect                           0x080085b9   Thumb Code    36  stm32f4xx_ll_usb.o(i.USB_DevConnect)
    USB_DevDisconnect                        0x080085dd   Thumb Code    36  stm32f4xx_ll_usb.o(i.USB_DevDisconnect)
    USB_DevInit                              0x08008601   Thumb Code   472  stm32f4xx_ll_usb.o(i.USB_DevInit)
    USB_DisableGlobalInt                     0x080087e1   Thumb Code    14  stm32f4xx_ll_usb.o(i.USB_DisableGlobalInt)
    USB_EP0_OutStart                         0x080087f1   Thumb Code   106  stm32f4xx_ll_usb.o(i.USB_EP0_OutStart)
    USB_EPClearStall                         0x08008861   Thumb Code   142  stm32f4xx_ll_usb.o(i.USB_EPClearStall)
    USB_EPSetStall                           0x080088ef   Thumb Code   154  stm32f4xx_ll_usb.o(i.USB_EPSetStall)
    USB_EPStartXfer                          0x08008989   Thumb Code   954  stm32f4xx_ll_usb.o(i.USB_EPStartXfer)
    USB_EPStopXfer                           0x08008d49   Thumb Code   236  stm32f4xx_ll_usb.o(i.USB_EPStopXfer)
    USB_EnableGlobalInt                      0x08008e35   Thumb Code    14  stm32f4xx_ll_usb.o(i.USB_EnableGlobalInt)
    USB_FlushRxFifo                          0x08008e43   Thumb Code    80  stm32f4xx_ll_usb.o(i.USB_FlushRxFifo)
    USB_FlushTxFifo                          0x08008e93   Thumb Code    84  stm32f4xx_ll_usb.o(i.USB_FlushTxFifo)
    USB_GetDevSpeed                          0x08008ee7   Thumb Code    38  stm32f4xx_ll_usb.o(i.USB_GetDevSpeed)
    USB_GetMode                              0x08008f0d   Thumb Code    10  stm32f4xx_ll_usb.o(i.USB_GetMode)
    USB_ReadDevAllInEpInterrupt              0x08008f17   Thumb Code    20  stm32f4xx_ll_usb.o(i.USB_ReadDevAllInEpInterrupt)
    USB_ReadDevAllOutEpInterrupt             0x08008f2b   Thumb Code    20  stm32f4xx_ll_usb.o(i.USB_ReadDevAllOutEpInterrupt)
    USB_ReadDevInEPInterrupt                 0x08008f3f   Thumb Code    50  stm32f4xx_ll_usb.o(i.USB_ReadDevInEPInterrupt)
    USB_ReadDevOutEPInterrupt                0x08008f71   Thumb Code    26  stm32f4xx_ll_usb.o(i.USB_ReadDevOutEPInterrupt)
    USB_ReadInterrupts                       0x08008f8b   Thumb Code    10  stm32f4xx_ll_usb.o(i.USB_ReadInterrupts)
    USB_ReadPacket                           0x08008f95   Thumb Code    96  stm32f4xx_ll_usb.o(i.USB_ReadPacket)
    USB_SetCurrentMode                       0x08008ff5   Thumb Code   104  stm32f4xx_ll_usb.o(i.USB_SetCurrentMode)
    USB_SetDevAddress                        0x0800905d   Thumb Code    42  stm32f4xx_ll_usb.o(i.USB_SetDevAddress)
    USB_SetDevSpeed                          0x08009087   Thumb Code    18  stm32f4xx_ll_usb.o(i.USB_SetDevSpeed)
    USB_SetTurnaroundTime                    0x08009099   Thumb Code   192  stm32f4xx_ll_usb.o(i.USB_SetTurnaroundTime)
    USB_WritePacket                          0x08009181   Thumb Code    68  stm32f4xx_ll_usb.o(i.USB_WritePacket)
    UsageFault_Handler                       0x080091c5   Thumb Code     4  stm32f4xx_it.o(i.UsageFault_Handler)
    __ARM_fpclassify                         0x080091c9   Thumb Code    48  fpclassify.o(i.__ARM_fpclassify)
    _is_digit                                0x08009231   Thumb Code    14  __printf_wp.o(i._is_digit)
    _sys_exit                                0x0800923f   Thumb Code     4  main.o(i._sys_exit)
    app_init                                 0x08009245   Thumb Code    60  app_init.o(i.app_init)
    cm_backtrace_call_stack                  0x080092d5   Thumb Code   226  cm_backtrace.o(i.cm_backtrace_call_stack)
    cm_backtrace_fault                       0x080093d5   Thumb Code   414  cm_backtrace.o(i.cm_backtrace_fault)
    cm_backtrace_firmware_info               0x08009645   Thumb Code    24  cm_backtrace.o(i.cm_backtrace_firmware_info)
    cm_backtrace_init                        0x08009671   Thumb Code   102  cm_backtrace.o(i.cm_backtrace_init)
    elog_get_filter_tag_lvl                  0x08009811   Thumb Code   174  elog.o(i.elog_get_filter_tag_lvl)
    elog_init                                0x0800992d   Thumb Code    70  elog.o(i.elog_init)
    elog_output                              0x08009979   Thumb Code   752  elog.o(i.elog_output)
    elog_output_lock                         0x08009d05   Thumb Code    34  elog.o(i.elog_output_lock)
    elog_output_lock_enabled                 0x08009d2d   Thumb Code    60  elog.o(i.elog_output_lock_enabled)
    elog_output_unlock                       0x08009d6d   Thumb Code    34  elog.o(i.elog_output_unlock)
    elog_port_get_p_info                     0x08009d95   Thumb Code     4  elog_port.o(i.elog_port_get_p_info)
    elog_port_get_t_info                     0x08009da5   Thumb Code     4  elog_port.o(i.elog_port_get_t_info)
    elog_port_get_time                       0x08009db1   Thumb Code    24  elog_port.o(i.elog_port_get_time)
    elog_port_init                           0x08009dd9   Thumb Code     4  elog_port.o(i.elog_port_init)
    elog_port_output                         0x08009ddd   Thumb Code    18  elog_port.o(i.elog_port_output)
    elog_port_output_lock                    0x08009df9   Thumb Code     4  elog_port.o(i.elog_port_output_lock)
    elog_port_output_unlock                  0x08009dfd   Thumb Code     4  elog_port.o(i.elog_port_output_unlock)
    elog_set_filter_lvl                      0x08009e01   Thumb Code    76  elog.o(i.elog_set_filter_lvl)
    elog_set_fmt                             0x08009f09   Thumb Code    80  elog.o(i.elog_set_fmt)
    elog_set_output_enabled                  0x08009fcd   Thumb Code    78  elog.o(i.elog_set_output_enabled)
    elog_start                               0x0800a09d   Thumb Code    34  elog.o(i.elog_start)
    elog_strcpy                              0x0800a11d   Thumb Code   160  elog_utils.o(i.elog_strcpy)
    hrt_absolute_time                        0x0800a5f5   Thumb Code    20  hrtimer.o(i.hrt_absolute_time)
    hrtimer_init                             0x0800a611   Thumb Code    12  hrtimer.o(i.hrtimer_init)
    main                                     0x0800a621   Thumb Code   118  main.o(i.main)
    my_log_init                              0x0800a6d5   Thumb Code    62  elog_port.o(i.my_log_init)
    myprintf                                 0x0800a715   Thumb Code    42  elog_port.o(i.myprintf)
    _get_lc_numeric                          0x0800a801   Thumb Code    44  lc_numeric_c.o(locale$$code)
    _get_lc_ctype                            0x0800a82d   Thumb Code    44  lc_ctype_c.o(locale$$code)
    _fp_init                                 0x0800a859   Thumb Code    10  fpinit.o(x$fpl$fpinit)
    __fplib_config_fpu_vfp                   0x0800a861   Thumb Code     0  fpinit.o(x$fpl$fpinit)
    __fplib_config_pureend_doubles           0x0800a861   Thumb Code     0  fpinit.o(x$fpl$fpinit)
    _printf_fp_dec                           0x0800a863   Thumb Code     4  printf1.o(x$fpl$printf1)
    _printf_fp_hex                           0x0800a867   Thumb Code     4  printf2.o(x$fpl$printf2)
    __I$use$fp                               0x0800a86a   Number         0  usenofp.o(x$fpl$usenofp)
    AHBPrescTable                            0x0800a877   Data          16  system_stm32f4xx.o(.constdata)
    APBPrescTable                            0x0800a887   Data           8  system_stm32f4xx.o(.constdata)
    Region$$Table$$Base                      0x0800b3ec   Number         0  anon$$obj.o(Region$$Table)
    Region$$Table$$Limit                     0x0800b40c   Number         0  anon$$obj.o(Region$$Table)
    __ctype                                  0x0800b435   Data           0  lc_ctype_c.o(locale$$data)
    Image$$ER_IROM1$$Limit                   0x0800b538   Number         0  anon$$obj.o ABSOLUTE
    FS_Desc                                  0x20000004   Data          32  usbd_desc.o(.data)
    USBD_FS_DeviceDesc                       0x20000024   Data          18  usbd_desc.o(.data)
    USBD_FS_BOSDesc                          0x20000038   Data          12  usbd_desc.o(.data)
    USBD_LangIDDesc                          0x20000044   Data           4  usbd_desc.o(.data)
    USBD_StringSerial                        0x20000048   Data          26  usbd_desc.o(.data)
    USBD_Interface_fops_FS                   0x20000064   Data          20  usbd_cdc_if.o(.data)
    uwTick                                   0x20000078   Data           4  stm32f4xx_hal.o(.data)
    uwTickPrio                               0x2000007c   Data           4  stm32f4xx_hal.o(.data)
    uwTickFreq                               0x20000080   Data           1  stm32f4xx_hal.o(.data)
    SystemCoreClock                          0x20000084   Data           4  system_stm32f4xx.o(.data)
    USBD_CDC                                 0x20000098   Data          56  usbd_cdc.o(.data)
    elog_assert_hook                         0x20000130   Data           4  elog.o(.data)
    hcan1                                    0x20000158   Data          40  can.o(.bss)
    hcan2                                    0x20000180   Data          40  can.o(.bss)
    htim2                                    0x200001a8   Data          72  tim.o(.bss)
    htim3                                    0x200001f0   Data          72  tim.o(.bss)
    htim13                                   0x20000238   Data          72  tim.o(.bss)
    huart4                                   0x20000280   Data          72  usart.o(.bss)
    huart5                                   0x200002c8   Data          72  usart.o(.bss)
    huart1                                   0x20000310   Data          72  usart.o(.bss)
    huart2                                   0x20000358   Data          72  usart.o(.bss)
    hdma_uart5_rx                            0x200003a0   Data          96  usart.o(.bss)
    hdma_uart5_tx                            0x20000400   Data          96  usart.o(.bss)
    htim14                                   0x20000460   Data          72  stm32f4xx_hal_timebase_tim.o(.bss)
    hUsbDeviceFS                             0x200004a8   Data         732  usb_device.o(.bss)
    USBD_StrDesc                             0x20000784   Data         512  usbd_desc.o(.bss)
    UserRxBufferFS                           0x20000984   Data        2048  usbd_cdc_if.o(.bss)
    UserTxBufferFS                           0x20001184   Data        2048  usbd_cdc_if.o(.bss)
    hpcd_USB_OTG_FS                          0x20001984   Data        1252  usbd_conf.o(.bss)
    __libspace_start                         0x20002438   Data          96  libspace.o(.bss)
    __temporary_stack_top$libspace           0x20002498   Data           0  libspace.o(.bss)
    STACK$$Base                              0x20002898   Number         0  startup_stm32f446xx.o(STACK)
    STACK$$Limit                             0x20003098   Number         0  startup_stm32f446xx.o(STACK)



==============================================================================

Memory Map of the image

  Image Entry point : 0x080001c5

  Load Region LR_IROM1 (Base: 0x08000000, Size: 0x0000b690, Max: 0x00080000, ABSOLUTE, COMPRESSED[0x0000b610])

    Execution Region ER_IROM1 (Exec base: 0x08000000, Load base: 0x08000000, Size: 0x0000b538, Max: 0x00080000, ABSOLUTE)

    Exec Addr    Load Addr    Size         Type   Attr      Idx    E Section Name        Object

    0x08000000   0x08000000   0x000001c4   Data   RO            3    RESET               startup_stm32f446xx.o
    0x080001c4   0x080001c4   0x00000008   Code   RO         5574  * !!!main             c_w.l(__main.o)
    0x080001cc   0x080001cc   0x00000034   Code   RO         5850    !!!scatter          c_w.l(__scatter.o)
    0x08000200   0x08000200   0x0000005a   Code   RO         5848    !!dczerorl2         c_w.l(__dczerorl2.o)
    0x0800025a   0x0800025a   0x00000002   PAD
    0x0800025c   0x0800025c   0x0000001c   Code   RO         5852    !!handler_zi        c_w.l(__scatter_zi.o)
    0x08000278   0x08000278   0x00000000   Code   RO         5552    .ARM.Collect$$_printf_percent$$00000000  c_w.l(_printf_percent.o)
    0x08000278   0x08000278   0x00000006   Code   RO         5608    .ARM.Collect$$_printf_percent$$00000001  c_w.l(_printf_n.o)
    0x0800027e   0x0800027e   0x00000006   Code   RO         5609    .ARM.Collect$$_printf_percent$$00000002  c_w.l(_printf_p.o)
    0x08000284   0x08000284   0x00000006   Code   RO         5613    .ARM.Collect$$_printf_percent$$00000003  c_w.l(_printf_f.o)
    0x0800028a   0x0800028a   0x00000006   Code   RO         5614    .ARM.Collect$$_printf_percent$$00000004  c_w.l(_printf_e.o)
    0x08000290   0x08000290   0x00000006   Code   RO         5615    .ARM.Collect$$_printf_percent$$00000005  c_w.l(_printf_g.o)
    0x08000296   0x08000296   0x00000006   Code   RO         5616    .ARM.Collect$$_printf_percent$$00000006  c_w.l(_printf_a.o)
    0x0800029c   0x0800029c   0x0000000a   Code   RO         5620    .ARM.Collect$$_printf_percent$$00000007  c_w.l(_printf_ll.o)
    0x080002a6   0x080002a6   0x00000006   Code   RO         5611    .ARM.Collect$$_printf_percent$$00000008  c_w.l(_printf_i.o)
    0x080002ac   0x080002ac   0x00000006   Code   RO         5551    .ARM.Collect$$_printf_percent$$00000009  c_w.l(_printf_d.o)
    0x080002b2   0x080002b2   0x00000006   Code   RO         5612    .ARM.Collect$$_printf_percent$$0000000A  c_w.l(_printf_u.o)
    0x080002b8   0x080002b8   0x00000006   Code   RO         5610    .ARM.Collect$$_printf_percent$$0000000B  c_w.l(_printf_o.o)
    0x080002be   0x080002be   0x00000006   Code   RO         5550    .ARM.Collect$$_printf_percent$$0000000C  c_w.l(_printf_x.o)
    0x080002c4   0x080002c4   0x00000006   Code   RO         5618    .ARM.Collect$$_printf_percent$$0000000D  c_w.l(_printf_lli.o)
    0x080002ca   0x080002ca   0x00000006   Code   RO         5553    .ARM.Collect$$_printf_percent$$0000000E  c_w.l(_printf_lld.o)
    0x080002d0   0x080002d0   0x00000006   Code   RO         5619    .ARM.Collect$$_printf_percent$$0000000F  c_w.l(_printf_llu.o)
    0x080002d6   0x080002d6   0x00000006   Code   RO         5624    .ARM.Collect$$_printf_percent$$00000010  c_w.l(_printf_llo.o)
    0x080002dc   0x080002dc   0x00000006   Code   RO         5625    .ARM.Collect$$_printf_percent$$00000011  c_w.l(_printf_llx.o)
    0x080002e2   0x080002e2   0x0000000a   Code   RO         5621    .ARM.Collect$$_printf_percent$$00000012  c_w.l(_printf_l.o)
    0x080002ec   0x080002ec   0x00000006   Code   RO         5548    .ARM.Collect$$_printf_percent$$00000013  c_w.l(_printf_c.o)
    0x080002f2   0x080002f2   0x00000006   Code   RO         5549    .ARM.Collect$$_printf_percent$$00000014  c_w.l(_printf_s.o)
    0x080002f8   0x080002f8   0x00000006   Code   RO         5622    .ARM.Collect$$_printf_percent$$00000015  c_w.l(_printf_lc.o)
    0x080002fe   0x080002fe   0x00000006   Code   RO         5623    .ARM.Collect$$_printf_percent$$00000016  c_w.l(_printf_ls.o)
    0x08000304   0x08000304   0x00000004   Code   RO         5617    .ARM.Collect$$_printf_percent$$00000017  c_w.l(_printf_percent_end.o)
    0x08000308   0x08000308   0x00000002   Code   RO         5712    .ARM.Collect$$libinit$$00000000  c_w.l(libinit.o)
    0x0800030a   0x0800030a   0x00000004   Code   RO         5734    .ARM.Collect$$libinit$$00000001  c_w.l(libinit2.o)
    0x0800030e   0x0800030e   0x00000000   Code   RO         5737    .ARM.Collect$$libinit$$00000004  c_w.l(libinit2.o)
    0x0800030e   0x0800030e   0x00000000   Code   RO         5740    .ARM.Collect$$libinit$$0000000A  c_w.l(libinit2.o)
    0x0800030e   0x0800030e   0x00000000   Code   RO         5742    .ARM.Collect$$libinit$$0000000C  c_w.l(libinit2.o)
    0x0800030e   0x0800030e   0x00000000   Code   RO         5744    .ARM.Collect$$libinit$$0000000E  c_w.l(libinit2.o)
    0x0800030e   0x0800030e   0x00000006   Code   RO         5745    .ARM.Collect$$libinit$$0000000F  c_w.l(libinit2.o)
    0x08000314   0x08000314   0x00000000   Code   RO         5747    .ARM.Collect$$libinit$$00000011  c_w.l(libinit2.o)
    0x08000314   0x08000314   0x0000000c   Code   RO         5748    .ARM.Collect$$libinit$$00000012  c_w.l(libinit2.o)
    0x08000320   0x08000320   0x00000000   Code   RO         5749    .ARM.Collect$$libinit$$00000013  c_w.l(libinit2.o)
    0x08000320   0x08000320   0x00000000   Code   RO         5751    .ARM.Collect$$libinit$$00000015  c_w.l(libinit2.o)
    0x08000320   0x08000320   0x0000000a   Code   RO         5752    .ARM.Collect$$libinit$$00000016  c_w.l(libinit2.o)
    0x0800032a   0x0800032a   0x00000000   Code   RO         5753    .ARM.Collect$$libinit$$00000017  c_w.l(libinit2.o)
    0x0800032a   0x0800032a   0x00000000   Code   RO         5755    .ARM.Collect$$libinit$$00000019  c_w.l(libinit2.o)
    0x0800032a   0x0800032a   0x00000000   Code   RO         5757    .ARM.Collect$$libinit$$0000001B  c_w.l(libinit2.o)
    0x0800032a   0x0800032a   0x00000000   Code   RO         5759    .ARM.Collect$$libinit$$0000001D  c_w.l(libinit2.o)
    0x0800032a   0x0800032a   0x00000000   Code   RO         5761    .ARM.Collect$$libinit$$0000001F  c_w.l(libinit2.o)
    0x0800032a   0x0800032a   0x00000000   Code   RO         5763    .ARM.Collect$$libinit$$00000021  c_w.l(libinit2.o)
    0x0800032a   0x0800032a   0x00000000   Code   RO         5765    .ARM.Collect$$libinit$$00000023  c_w.l(libinit2.o)
    0x0800032a   0x0800032a   0x00000000   Code   RO         5767    .ARM.Collect$$libinit$$00000025  c_w.l(libinit2.o)
    0x0800032a   0x0800032a   0x00000000   Code   RO         5771    .ARM.Collect$$libinit$$0000002C  c_w.l(libinit2.o)
    0x0800032a   0x0800032a   0x00000000   Code   RO         5773    .ARM.Collect$$libinit$$0000002E  c_w.l(libinit2.o)
    0x0800032a   0x0800032a   0x00000000   Code   RO         5775    .ARM.Collect$$libinit$$00000030  c_w.l(libinit2.o)
    0x0800032a   0x0800032a   0x00000000   Code   RO         5777    .ARM.Collect$$libinit$$00000032  c_w.l(libinit2.o)
    0x0800032a   0x0800032a   0x00000002   Code   RO         5778    .ARM.Collect$$libinit$$00000033  c_w.l(libinit2.o)
    0x0800032c   0x0800032c   0x00000002   Code   RO         5802    .ARM.Collect$$libshutdown$$00000000  c_w.l(libshutdown.o)
    0x0800032e   0x0800032e   0x00000000   Code   RO         5828    .ARM.Collect$$libshutdown$$00000002  c_w.l(libshutdown2.o)
    0x0800032e   0x0800032e   0x00000000   Code   RO         5830    .ARM.Collect$$libshutdown$$00000004  c_w.l(libshutdown2.o)
    0x0800032e   0x0800032e   0x00000000   Code   RO         5832    .ARM.Collect$$libshutdown$$00000006  c_w.l(libshutdown2.o)
    0x0800032e   0x0800032e   0x00000000   Code   RO         5835    .ARM.Collect$$libshutdown$$00000009  c_w.l(libshutdown2.o)
    0x0800032e   0x0800032e   0x00000000   Code   RO         5838    .ARM.Collect$$libshutdown$$0000000C  c_w.l(libshutdown2.o)
    0x0800032e   0x0800032e   0x00000000   Code   RO         5840    .ARM.Collect$$libshutdown$$0000000E  c_w.l(libshutdown2.o)
    0x0800032e   0x0800032e   0x00000000   Code   RO         5843    .ARM.Collect$$libshutdown$$00000011  c_w.l(libshutdown2.o)
    0x0800032e   0x0800032e   0x00000002   Code   RO         5844    .ARM.Collect$$libshutdown$$00000012  c_w.l(libshutdown2.o)
    0x08000330   0x08000330   0x00000000   Code   RO         5578    .ARM.Collect$$rtentry$$00000000  c_w.l(__rtentry.o)
    0x08000330   0x08000330   0x00000000   Code   RO         5635    .ARM.Collect$$rtentry$$00000002  c_w.l(__rtentry2.o)
    0x08000330   0x08000330   0x00000006   Code   RO         5647    .ARM.Collect$$rtentry$$00000004  c_w.l(__rtentry4.o)
    0x08000336   0x08000336   0x00000000   Code   RO         5637    .ARM.Collect$$rtentry$$00000009  c_w.l(__rtentry2.o)
    0x08000336   0x08000336   0x00000004   Code   RO         5638    .ARM.Collect$$rtentry$$0000000A  c_w.l(__rtentry2.o)
    0x0800033a   0x0800033a   0x00000000   Code   RO         5640    .ARM.Collect$$rtentry$$0000000C  c_w.l(__rtentry2.o)
    0x0800033a   0x0800033a   0x00000008   Code   RO         5641    .ARM.Collect$$rtentry$$0000000D  c_w.l(__rtentry2.o)
    0x08000342   0x08000342   0x00000002   Code   RO         5721    .ARM.Collect$$rtexit$$00000000  c_w.l(rtexit.o)
    0x08000344   0x08000344   0x00000000   Code   RO         5780    .ARM.Collect$$rtexit$$00000002  c_w.l(rtexit2.o)
    0x08000344   0x08000344   0x00000004   Code   RO         5781    .ARM.Collect$$rtexit$$00000003  c_w.l(rtexit2.o)
    0x08000348   0x08000348   0x00000006   Code   RO         5782    .ARM.Collect$$rtexit$$00000004  c_w.l(rtexit2.o)
    0x0800034e   0x0800034e   0x00000002   PAD
    0x08000350   0x08000350   0x00000040   Code   RO            4    .text               startup_stm32f446xx.o
    0x08000390   0x08000390   0x0000000c   Code   RO         5445    .text               cmb_fault.o
    0x0800039c   0x0800039c   0x00000002   Code   RO         5483    .text               c_w.l(use_no_semi_2.o)
    0x0800039e   0x0800039e   0x000000ee   Code   RO         5485    .text               c_w.l(lludivv7m.o)
    0x0800048c   0x0800048c   0x00000034   Code   RO         5487    .text               c_w.l(vsnprintf.o)
    0x080004c0   0x080004c0   0x0000002c   Code   RO         5489    .text               c_w.l(__2sprintf.o)
    0x080004ec   0x080004ec   0x00000038   Code   RO         5491    .text               c_w.l(__2snprintf.o)
    0x08000524   0x08000524   0x0000004e   Code   RO         5499    .text               c_w.l(_printf_pad.o)
    0x08000572   0x08000572   0x00000052   Code   RO         5501    .text               c_w.l(_printf_str.o)
    0x080005c4   0x080005c4   0x00000078   Code   RO         5503    .text               c_w.l(_printf_dec.o)
    0x0800063c   0x0800063c   0x0000007c   Code   RO         5505    .text               c_w.l(_printf_longlong_dec.o)
    0x080006b8   0x080006b8   0x00000094   Code   RO         5525    .text               c_w.l(_printf_hex_int_ll_ptr.o)
    0x0800074c   0x0800074c   0x00000188   Code   RO         5545    .text               c_w.l(__printf_flags_ss_wp.o)
    0x080008d4   0x080008d4   0x00000024   Code   RO         5554    .text               c_w.l(strstr.o)
    0x080008f8   0x080008f8   0x0000003e   Code   RO         5556    .text               c_w.l(strlen.o)
    0x08000936   0x08000936   0x00000096   Code   RO         5560    .text               c_w.l(strncmp.o)
    0x080009cc   0x080009cc   0x00000064   Code   RO         5562    .text               c_w.l(rt_memcpy_w.o)
    0x08000a30   0x08000a30   0x00000010   Code   RO         5564    .text               c_w.l(aeabi_memset.o)
    0x08000a40   0x08000a40   0x00000044   Code   RO         5566    .text               c_w.l(rt_memclr.o)
    0x08000a84   0x08000a84   0x0000004e   Code   RO         5568    .text               c_w.l(rt_memclr_w.o)
    0x08000ad2   0x08000ad2   0x00000056   Code   RO         5570    .text               c_w.l(strncpy.o)
    0x08000b28   0x08000b28   0x00000006   Code   RO         5572    .text               c_w.l(heapauxi.o)
    0x08000b2e   0x08000b2e   0x00000002   Code   RO         5576    .text               c_w.l(use_no_semi.o)
    0x08000b30   0x08000b30   0x0000008a   Code   RO         5583    .text               c_w.l(lludiv10.o)
    0x08000bba   0x08000bba   0x00000024   Code   RO         5585    .text               c_w.l(_printf_truncate.o)
    0x08000bde   0x08000bde   0x000000b2   Code   RO         5587    .text               c_w.l(_printf_intcommon.o)
    0x08000c90   0x08000c90   0x00000028   Code   RO         5589    .text               c_w.l(_printf_charcount.o)
    0x08000cb8   0x08000cb8   0x00000030   Code   RO         5591    .text               c_w.l(_printf_char_common.o)
    0x08000ce8   0x08000ce8   0x0000000a   Code   RO         5593    .text               c_w.l(_sputc.o)
    0x08000cf2   0x08000cf2   0x00000010   Code   RO         5595    .text               c_w.l(_snputc.o)
    0x08000d02   0x08000d02   0x0000002c   Code   RO         5597    .text               c_w.l(_printf_char.o)
    0x08000d2e   0x08000d2e   0x00000002   PAD
    0x08000d30   0x08000d30   0x000000bc   Code   RO         5599    .text               c_w.l(_printf_wctomb.o)
    0x08000dec   0x08000dec   0x00000070   Code   RO         5606    .text               c_w.l(_printf_oct_int_ll.o)
    0x08000e5c   0x08000e5c   0x0000041e   Code   RO         5651    .text               c_w.l(_printf_fp_dec.o)
    0x0800127a   0x0800127a   0x00000002   PAD
    0x0800127c   0x0800127c   0x000002fc   Code   RO         5653    .text               c_w.l(_printf_fp_hex.o)
    0x08001578   0x08001578   0x0000002c   Code   RO         5658    .text               c_w.l(_printf_wchar.o)
    0x080015a4   0x080015a4   0x00000040   Code   RO         5660    .text               c_w.l(_wcrtomb.o)
    0x080015e4   0x080015e4   0x0000004a   Code   RO         5662    .text               c_w.l(sys_stackheap_outer.o)
    0x0800162e   0x0800162e   0x00000002   PAD
    0x08001630   0x08001630   0x00000010   Code   RO         5664    .text               c_w.l(rt_ctype_table.o)
    0x08001640   0x08001640   0x00000008   Code   RO         5669    .text               c_w.l(rt_locale_intlibspace.o)
    0x08001648   0x08001648   0x00000080   Code   RO         5671    .text               c_w.l(_printf_fp_infnan.o)
    0x080016c8   0x080016c8   0x000000e4   Code   RO         5673    .text               c_w.l(bigflt0.o)
    0x080017ac   0x080017ac   0x00000012   Code   RO         5701    .text               c_w.l(exit.o)
    0x080017be   0x080017be   0x00000002   PAD
    0x080017c0   0x080017c0   0x00000008   Code   RO         5718    .text               c_w.l(libspace.o)
    0x080017c8   0x080017c8   0x00000080   Code   RO         5732    .text               c_w.l(strcmpv7m.o)
    0x08001848   0x08001848   0x0000003e   Code   RO         5676    CL$$btod_d2e        c_w.l(btod.o)
    0x08001886   0x08001886   0x00000046   Code   RO         5678    CL$$btod_d2e_denorm_low  c_w.l(btod.o)
    0x080018cc   0x080018cc   0x00000060   Code   RO         5677    CL$$btod_d2e_norm_op1  c_w.l(btod.o)
    0x0800192c   0x0800192c   0x00000338   Code   RO         5686    CL$$btod_div_common  c_w.l(btod.o)
    0x08001c64   0x08001c64   0x000000dc   Code   RO         5683    CL$$btod_e2e        c_w.l(btod.o)
    0x08001d40   0x08001d40   0x0000002a   Code   RO         5680    CL$$btod_ediv       c_w.l(btod.o)
    0x08001d6a   0x08001d6a   0x0000002a   Code   RO         5679    CL$$btod_emul       c_w.l(btod.o)
    0x08001d94   0x08001d94   0x00000244   Code   RO         5685    CL$$btod_mult_common  c_w.l(btod.o)
    0x08001fd8   0x08001fd8   0x00000004   Code   RO          465    i.BusFault_Handler  stm32f4xx_it.o
    0x08001fdc   0x08001fdc   0x00000010   Code   RO          466    i.CAN1_RX0_IRQHandler  stm32f4xx_it.o
    0x08001fec   0x08001fec   0x00000010   Code   RO          467    i.CAN2_RX0_IRQHandler  stm32f4xx_it.o
    0x08001ffc   0x08001ffc   0x00000044   Code   RO          788    i.CDC_Control_FS    usbd_cdc_if.o
    0x08002040   0x08002040   0x00000004   Code   RO          789    i.CDC_DeInit_FS     usbd_cdc_if.o
    0x08002044   0x08002044   0x00000024   Code   RO          790    i.CDC_Init_FS       usbd_cdc_if.o
    0x08002068   0x08002068   0x0000001c   Code   RO          791    i.CDC_Receive_FS    usbd_cdc_if.o
    0x08002084   0x08002084   0x0000000c   Code   RO          792    i.CDC_TransmitCplt_FS  usbd_cdc_if.o
    0x08002090   0x08002090   0x00000038   Code   RO          793    i.CDC_Transmit_FS   usbd_cdc_if.o
    0x080020c8   0x080020c8   0x00000010   Code   RO          468    i.DMA1_Stream0_IRQHandler  stm32f4xx_it.o
    0x080020d8   0x080020d8   0x00000010   Code   RO          469    i.DMA1_Stream7_IRQHandler  stm32f4xx_it.o
    0x080020e8   0x080020e8   0x00000034   Code   RO         3248    i.DMA_CalcBaseAndBitshift  stm32f4xx_hal_dma.o
    0x0800211c   0x0800211c   0x000000aa   Code   RO         3249    i.DMA_CheckFifoParam  stm32f4xx_hal_dma.o
    0x080021c6   0x080021c6   0x00000002   Code   RO          470    i.DebugMon_Handler  stm32f4xx_it.o
    0x080021c8   0x080021c8   0x00000006   Code   RO           13    i.Error_Handler     main.o
    0x080021ce   0x080021ce   0x00000002   PAD
    0x080021d0   0x080021d0   0x00000034   Code   RO          692    i.Get_SerialNum     usbd_desc.o
    0x08002204   0x08002204   0x00000002   Code   RO         3968    i.HAL_CAN_ErrorCallback  stm32f4xx_hal_can.o
    0x08002206   0x08002206   0x0000024e   Code   RO         3975    i.HAL_CAN_IRQHandler  stm32f4xx_hal_can.o
    0x08002454   0x08002454   0x00000174   Code   RO         3976    i.HAL_CAN_Init      stm32f4xx_hal_can.o
    0x080025c8   0x080025c8   0x00000160   Code   RO          261    i.HAL_CAN_MspInit   can.o
    0x08002728   0x08002728   0x00000002   Code   RO         3983    i.HAL_CAN_RxFifo0FullCallback  stm32f4xx_hal_can.o
    0x0800272a   0x0800272a   0x00000002   Code   RO         3984    i.HAL_CAN_RxFifo0MsgPendingCallback  stm32f4xx_hal_can.o
    0x0800272c   0x0800272c   0x00000002   Code   RO         3985    i.HAL_CAN_RxFifo1FullCallback  stm32f4xx_hal_can.o
    0x0800272e   0x0800272e   0x00000002   Code   RO         3986    i.HAL_CAN_RxFifo1MsgPendingCallback  stm32f4xx_hal_can.o
    0x08002730   0x08002730   0x00000002   Code   RO         3987    i.HAL_CAN_SleepCallback  stm32f4xx_hal_can.o
    0x08002732   0x08002732   0x00000002   Code   RO         3990    i.HAL_CAN_TxMailbox0AbortCallback  stm32f4xx_hal_can.o
    0x08002734   0x08002734   0x00000002   Code   RO         3991    i.HAL_CAN_TxMailbox0CompleteCallback  stm32f4xx_hal_can.o
    0x08002736   0x08002736   0x00000002   Code   RO         3992    i.HAL_CAN_TxMailbox1AbortCallback  stm32f4xx_hal_can.o
    0x08002738   0x08002738   0x00000002   Code   RO         3993    i.HAL_CAN_TxMailbox1CompleteCallback  stm32f4xx_hal_can.o
    0x0800273a   0x0800273a   0x00000002   Code   RO         3994    i.HAL_CAN_TxMailbox2AbortCallback  stm32f4xx_hal_can.o
    0x0800273c   0x0800273c   0x00000002   Code   RO         3995    i.HAL_CAN_TxMailbox2CompleteCallback  stm32f4xx_hal_can.o
    0x0800273e   0x0800273e   0x00000002   Code   RO         3997    i.HAL_CAN_WakeUpFromRxMsgCallback  stm32f4xx_hal_can.o
    0x08002740   0x08002740   0x000000ac   Code   RO         3251    i.HAL_DMA_Abort     stm32f4xx_hal_dma.o
    0x080027ec   0x080027ec   0x00000028   Code   RO         3252    i.HAL_DMA_Abort_IT  stm32f4xx_hal_dma.o
    0x08002814   0x08002814   0x00000240   Code   RO         3256    i.HAL_DMA_IRQHandler  stm32f4xx_hal_dma.o
    0x08002a54   0x08002a54   0x000000ec   Code   RO         3257    i.HAL_DMA_Init      stm32f4xx_hal_dma.o
    0x08002b40   0x08002b40   0x00000028   Code   RO         3711    i.HAL_Delay         stm32f4xx_hal.o
    0x08002b68   0x08002b68   0x000001e4   Code   RO         3144    i.HAL_GPIO_Init     stm32f4xx_hal_gpio.o
    0x08002d4c   0x08002d4c   0x0000000c   Code   RO         3148    i.HAL_GPIO_WritePin  stm32f4xx_hal_gpio.o
    0x08002d58   0x08002d58   0x0000000c   Code   RO         3717    i.HAL_GetTick       stm32f4xx_hal.o
    0x08002d64   0x08002d64   0x00000018   Code   RO         3723    i.HAL_IncTick       stm32f4xx_hal.o
    0x08002d7c   0x08002d7c   0x0000003c   Code   RO         3724    i.HAL_Init          stm32f4xx_hal.o
    0x08002db8   0x08002db8   0x000000b4   Code   RO          601    i.HAL_InitTick      stm32f4xx_hal_timebase_tim.o
    0x08002e6c   0x08002e6c   0x00000048   Code   RO          577    i.HAL_MspInit       stm32f4xx_hal_msp.o
    0x08002eb4   0x08002eb4   0x00000028   Code   RO         3554    i.HAL_NVIC_EnableIRQ  stm32f4xx_hal_cortex.o
    0x08002edc   0x08002edc   0x0000007c   Code   RO         3560    i.HAL_NVIC_SetPriority  stm32f4xx_hal_cortex.o
    0x08002f58   0x08002f58   0x00000028   Code   RO         3561    i.HAL_NVIC_SetPriorityGrouping  stm32f4xx_hal_cortex.o
    0x08002f80   0x08002f80   0x00000028   Code   RO         2285    i.HAL_PCDEx_ActivateLPM  stm32f4xx_hal_pcd_ex.o
    0x08002fa8   0x08002fa8   0x00000070   Code   RO          845    i.HAL_PCDEx_LPM_Callback  usbd_conf.o
    0x08003018   0x08003018   0x0000000a   Code   RO         2289    i.HAL_PCDEx_SetRxFiFo  stm32f4xx_hal_pcd_ex.o
    0x08003022   0x08003022   0x0000004e   Code   RO         2290    i.HAL_PCDEx_SetTxFiFo  stm32f4xx_hal_pcd_ex.o
    0x08003070   0x08003070   0x0000000e   Code   RO          846    i.HAL_PCD_ConnectCallback  usbd_conf.o
    0x0800307e   0x0800307e   0x00000020   Code   RO          847    i.HAL_PCD_DataInStageCallback  usbd_conf.o
    0x0800309e   0x0800309e   0x00000020   Code   RO          848    i.HAL_PCD_DataOutStageCallback  usbd_conf.o
    0x080030be   0x080030be   0x0000000e   Code   RO          849    i.HAL_PCD_DisconnectCallback  usbd_conf.o
    0x080030cc   0x080030cc   0x00000042   Code   RO         2051    i.HAL_PCD_EP_Abort  stm32f4xx_hal_pcd.o
    0x0800310e   0x0800310e   0x0000006a   Code   RO         2052    i.HAL_PCD_EP_Close  stm32f4xx_hal_pcd.o
    0x08003178   0x08003178   0x0000007c   Code   RO         2053    i.HAL_PCD_EP_ClrStall  stm32f4xx_hal_pcd.o
    0x080031f4   0x080031f4   0x00000016   Code   RO         2055    i.HAL_PCD_EP_GetRxCount  stm32f4xx_hal_pcd.o
    0x0800320a   0x0800320a   0x0000008e   Code   RO         2056    i.HAL_PCD_EP_Open   stm32f4xx_hal_pcd.o
    0x08003298   0x08003298   0x00000046   Code   RO         2057    i.HAL_PCD_EP_Receive  stm32f4xx_hal_pcd.o
    0x080032de   0x080032de   0x0000008a   Code   RO         2058    i.HAL_PCD_EP_SetStall  stm32f4xx_hal_pcd.o
    0x08003368   0x08003368   0x00000048   Code   RO         2059    i.HAL_PCD_EP_Transmit  stm32f4xx_hal_pcd.o
    0x080033b0   0x080033b0   0x0000070e   Code   RO         2061    i.HAL_PCD_IRQHandler  stm32f4xx_hal_pcd.o
    0x08003abe   0x08003abe   0x00000012   Code   RO          850    i.HAL_PCD_ISOINIncompleteCallback  usbd_conf.o
    0x08003ad0   0x08003ad0   0x00000012   Code   RO          851    i.HAL_PCD_ISOOUTIncompleteCallback  usbd_conf.o
    0x08003ae2   0x08003ae2   0x0000016a   Code   RO         2064    i.HAL_PCD_Init      stm32f4xx_hal_pcd.o
    0x08003c4c   0x08003c4c   0x000000c8   Code   RO          853    i.HAL_PCD_MspInit   usbd_conf.o
    0x08003d14   0x08003d14   0x00000030   Code   RO          854    i.HAL_PCD_ResetCallback  usbd_conf.o
    0x08003d44   0x08003d44   0x0000000e   Code   RO          855    i.HAL_PCD_ResumeCallback  usbd_conf.o
    0x08003d52   0x08003d52   0x0000000e   Code   RO          856    i.HAL_PCD_SOFCallback  usbd_conf.o
    0x08003d60   0x08003d60   0x00000034   Code   RO         2070    i.HAL_PCD_SetAddress  stm32f4xx_hal_pcd.o
    0x08003d94   0x08003d94   0x00000012   Code   RO          857    i.HAL_PCD_SetupStageCallback  usbd_conf.o
    0x08003da6   0x08003da6   0x0000004c   Code   RO         2073    i.HAL_PCD_Start     stm32f4xx_hal_pcd.o
    0x08003df2   0x08003df2   0x00000002   PAD
    0x08003df4   0x08003df4   0x00000034   Code   RO          858    i.HAL_PCD_SuspendCallback  usbd_conf.o
    0x08003e28   0x08003e28   0x00000558   Code   RO         2758    i.HAL_RCCEx_PeriphCLKConfig  stm32f4xx_hal_rcc_ex.o
    0x08004380   0x08004380   0x00000184   Code   RO         2651    i.HAL_RCC_ClockConfig  stm32f4xx_hal_rcc.o
    0x08004504   0x08004504   0x00000044   Code   RO         2655    i.HAL_RCC_GetClockConfig  stm32f4xx_hal_rcc.o
    0x08004548   0x08004548   0x0000000c   Code   RO         2656    i.HAL_RCC_GetHCLKFreq  stm32f4xx_hal_rcc.o
    0x08004554   0x08004554   0x00000020   Code   RO         2658    i.HAL_RCC_GetPCLK1Freq  stm32f4xx_hal_rcc.o
    0x08004574   0x08004574   0x00000020   Code   RO         2659    i.HAL_RCC_GetPCLK2Freq  stm32f4xx_hal_rcc.o
    0x08004594   0x08004594   0x00000118   Code   RO         2762    i.HAL_RCC_GetSysClockFreq  stm32f4xx_hal_rcc_ex.o
    0x080046ac   0x080046ac   0x000004e8   Code   RO         2763    i.HAL_RCC_OscConfig  stm32f4xx_hal_rcc_ex.o
    0x08004b94   0x08004b94   0x00000002   Code   RO         1775    i.HAL_TIMEx_BreakCallback  stm32f4xx_hal_tim_ex.o
    0x08004b96   0x08004b96   0x00000002   Code   RO         1776    i.HAL_TIMEx_CommutCallback  stm32f4xx_hal_tim_ex.o
    0x08004b98   0x08004b98   0x000000b4   Code   RO         1794    i.HAL_TIMEx_MasterConfigSynchronization  stm32f4xx_hal_tim_ex.o
    0x08004c4c   0x08004c4c   0x00000066   Code   RO         1060    i.HAL_TIM_Base_Init  stm32f4xx_hal_tim.o
    0x08004cb2   0x08004cb2   0x00000002   PAD
    0x08004cb4   0x08004cb4   0x00000074   Code   RO          334    i.HAL_TIM_Base_MspInit  tim.o
    0x08004d28   0x08004d28   0x000000a8   Code   RO         1065    i.HAL_TIM_Base_Start_IT  stm32f4xx_hal_tim.o
    0x08004dd0   0x08004dd0   0x0000010c   Code   RO         1069    i.HAL_TIM_ConfigClockSource  stm32f4xx_hal_tim.o
    0x08004edc   0x08004edc   0x00000002   Code   RO         1094    i.HAL_TIM_IC_CaptureCallback  stm32f4xx_hal_tim.o
    0x08004ede   0x08004ede   0x0000016c   Code   RO         1108    i.HAL_TIM_IRQHandler  stm32f4xx_hal_tim.o
    0x0800504a   0x0800504a   0x00000002   PAD
    0x0800504c   0x0800504c   0x000000ac   Code   RO          335    i.HAL_TIM_MspPostInit  tim.o
    0x080050f8   0x080050f8   0x00000002   Code   RO         1111    i.HAL_TIM_OC_DelayElapsedCallback  stm32f4xx_hal_tim.o
    0x080050fa   0x080050fa   0x00000104   Code   RO         1132    i.HAL_TIM_PWM_ConfigChannel  stm32f4xx_hal_tim.o
    0x080051fe   0x080051fe   0x00000066   Code   RO         1135    i.HAL_TIM_PWM_Init  stm32f4xx_hal_tim.o
    0x08005264   0x08005264   0x00000030   Code   RO          337    i.HAL_TIM_PWM_MspInit  tim.o
    0x08005294   0x08005294   0x00000002   Code   RO         1138    i.HAL_TIM_PWM_PulseFinishedCallback  stm32f4xx_hal_tim.o
    0x08005296   0x08005296   0x00000002   PAD
    0x08005298   0x08005298   0x00000018   Code   RO           14    i.HAL_TIM_PeriodElapsedCallback  main.o
    0x080052b0   0x080052b0   0x00000002   Code   RO         1151    i.HAL_TIM_TriggerCallback  stm32f4xx_hal_tim.o
    0x080052b2   0x080052b2   0x00000002   Code   RO         4208    i.HAL_UARTEx_RxEventCallback  stm32f4xx_hal_uart.o
    0x080052b4   0x080052b4   0x00000002   Code   RO         4222    i.HAL_UART_ErrorCallback  stm32f4xx_hal_uart.o
    0x080052b6   0x080052b6   0x00000002   PAD
    0x080052b8   0x080052b8   0x00000308   Code   RO         4225    i.HAL_UART_IRQHandler  stm32f4xx_hal_uart.o
    0x080055c0   0x080055c0   0x00000076   Code   RO         4226    i.HAL_UART_Init     stm32f4xx_hal_uart.o
    0x08005636   0x08005636   0x00000002   PAD
    0x08005638   0x08005638   0x000002b8   Code   RO          406    i.HAL_UART_MspInit  usart.o
    0x080058f0   0x080058f0   0x00000002   Code   RO         4232    i.HAL_UART_RxCpltCallback  stm32f4xx_hal_uart.o
    0x080058f2   0x080058f2   0x00000002   Code   RO         4237    i.HAL_UART_TxCpltCallback  stm32f4xx_hal_uart.o
    0x080058f4   0x080058f4   0x0000003e   Code   RO          693    i.IntToUnicode      usbd_desc.o
    0x08005932   0x08005932   0x00000002   PAD
    0x08005934   0x08005934   0x00000044   Code   RO          262    i.MX_CAN1_Init      can.o
    0x08005978   0x08005978   0x00000044   Code   RO          263    i.MX_CAN2_Init      can.o
    0x080059bc   0x080059bc   0x00000048   Code   RO          309    i.MX_DMA_Init       dma.o
    0x08005a04   0x08005a04   0x00000110   Code   RO          236    i.MX_GPIO_Init      gpio.o
    0x08005b14   0x08005b14   0x00000034   Code   RO          338    i.MX_TIM13_Init     tim.o
    0x08005b48   0x08005b48   0x00000078   Code   RO          339    i.MX_TIM2_Init      tim.o
    0x08005bc0   0x08005bc0   0x000000d4   Code   RO          340    i.MX_TIM3_Init      tim.o
    0x08005c94   0x08005c94   0x00000038   Code   RO          407    i.MX_UART4_Init     usart.o
    0x08005ccc   0x08005ccc   0x00000038   Code   RO          408    i.MX_UART5_Init     usart.o
    0x08005d04   0x08005d04   0x00000038   Code   RO          409    i.MX_USART1_UART_Init  usart.o
    0x08005d3c   0x08005d3c   0x00000038   Code   RO          410    i.MX_USART2_UART_Init  usart.o
    0x08005d74   0x08005d74   0x0000004c   Code   RO          640    i.MX_USB_DEVICE_Init  usb_device.o
    0x08005dc0   0x08005dc0   0x00000004   Code   RO          471    i.MemManage_Handler  stm32f4xx_it.o
    0x08005dc4   0x08005dc4   0x00000004   Code   RO          472    i.NMI_Handler       stm32f4xx_it.o
    0x08005dc8   0x08005dc8   0x00000010   Code   RO          473    i.OTG_FS_IRQHandler  stm32f4xx_it.o
    0x08005dd8   0x08005dd8   0x00000064   Code   RO         2077    i.PCD_EP_OutSetupPacket_int  stm32f4xx_hal_pcd.o
    0x08005e3c   0x08005e3c   0x00000144   Code   RO         2078    i.PCD_EP_OutXfrComplete_int  stm32f4xx_hal_pcd.o
    0x08005f80   0x08005f80   0x000000b6   Code   RO         2079    i.PCD_WriteEmptyTxFifo  stm32f4xx_hal_pcd.o
    0x08006036   0x08006036   0x00000002   Code   RO          474    i.PendSV_Handler    stm32f4xx_it.o
    0x08006038   0x08006038   0x00000002   Code   RO          475    i.SVC_Handler       stm32f4xx_it.o
    0x0800603a   0x0800603a   0x00000012   Code   RO         4768    i.SWAPBYTE          usbd_ctlreq.o
    0x0800604c   0x0800604c   0x00000002   Code   RO          476    i.SysTick_Handler   stm32f4xx_it.o
    0x0800604e   0x0800604e   0x00000002   PAD
    0x08006050   0x08006050   0x000000b8   Code   RO           15    i.SystemClock_Config  main.o
    0x08006108   0x08006108   0x0000001c   Code   RO         4570    i.SystemInit        system_stm32f4xx.o
    0x08006124   0x08006124   0x00000010   Code   RO          477    i.TIM8_TRG_COM_TIM14_IRQHandler  stm32f4xx_it.o
    0x08006134   0x08006134   0x0000004c   Code   RO         5308    i.TIM8_UP_TIM13_IRQHandler  hrtimer.o
    0x08006180   0x08006180   0x000000e0   Code   RO         1153    i.TIM_Base_SetConfig  stm32f4xx_hal_tim.o
    0x08006260   0x08006260   0x00000016   Code   RO         1164    i.TIM_ETR_SetConfig  stm32f4xx_hal_tim.o
    0x08006276   0x08006276   0x00000012   Code   RO         1165    i.TIM_ITRx_SetConfig  stm32f4xx_hal_tim.o
    0x08006288   0x08006288   0x00000070   Code   RO         1166    i.TIM_OC1_SetConfig  stm32f4xx_hal_tim.o
    0x080062f8   0x080062f8   0x0000007c   Code   RO         1167    i.TIM_OC2_SetConfig  stm32f4xx_hal_tim.o
    0x08006374   0x08006374   0x00000078   Code   RO         1168    i.TIM_OC3_SetConfig  stm32f4xx_hal_tim.o
    0x080063ec   0x080063ec   0x00000054   Code   RO         1169    i.TIM_OC4_SetConfig  stm32f4xx_hal_tim.o
    0x08006440   0x08006440   0x00000026   Code   RO         1171    i.TIM_TI1_ConfigInputStage  stm32f4xx_hal_tim.o
    0x08006466   0x08006466   0x00000028   Code   RO         1173    i.TIM_TI2_ConfigInputStage  stm32f4xx_hal_tim.o
    0x0800648e   0x0800648e   0x00000002   PAD
    0x08006490   0x08006490   0x00000010   Code   RO          478    i.UART5_IRQHandler  stm32f4xx_it.o
    0x080064a0   0x080064a0   0x00000012   Code   RO         4239    i.UART_DMAAbortOnError  stm32f4xx_hal_uart.o
    0x080064b2   0x080064b2   0x0000006c   Code   RO         4249    i.UART_EndRxTransfer  stm32f4xx_hal_uart.o
    0x0800651e   0x0800651e   0x00000020   Code   RO         4250    i.UART_EndTransmit_IT  stm32f4xx_hal_uart.o
    0x0800653e   0x0800653e   0x000000fc   Code   RO         4252    i.UART_Receive_IT   stm32f4xx_hal_uart.o
    0x0800663a   0x0800663a   0x00000002   PAD
    0x0800663c   0x0800663c   0x0000022c   Code   RO         4253    i.UART_SetConfig    stm32f4xx_hal_uart.o
    0x08006868   0x08006868   0x00000060   Code   RO         4256    i.UART_Transmit_IT  stm32f4xx_hal_uart.o
    0x080068c8   0x080068c8   0x000000be   Code   RO         4931    i.USBD_CDC_DataIn   usbd_cdc.o
    0x08006986   0x08006986   0x00000048   Code   RO         4932    i.USBD_CDC_DataOut  usbd_cdc.o
    0x080069ce   0x080069ce   0x00000002   PAD
    0x080069d0   0x080069d0   0x000000d4   Code   RO         4933    i.USBD_CDC_DeInit   usbd_cdc.o
    0x08006aa4   0x08006aa4   0x00000050   Code   RO         4934    i.USBD_CDC_EP0_RxReady  usbd_cdc.o
    0x08006af4   0x08006af4   0x00000010   Code   RO         4935    i.USBD_CDC_GetDeviceQualifierDescriptor  usbd_cdc.o
    0x08006b04   0x08006b04   0x00000044   Code   RO         4936    i.USBD_CDC_GetFSCfgDesc  usbd_cdc.o
    0x08006b48   0x08006b48   0x00000048   Code   RO         4937    i.USBD_CDC_GetHSCfgDesc  usbd_cdc.o
    0x08006b90   0x08006b90   0x00000044   Code   RO         4938    i.USBD_CDC_GetOtherSpeedCfgDesc  usbd_cdc.o
    0x08006bd4   0x08006bd4   0x000001a0   Code   RO         4939    i.USBD_CDC_Init     usbd_cdc.o
    0x08006d74   0x08006d74   0x00000050   Code   RO         4940    i.USBD_CDC_ReceivePacket  usbd_cdc.o
    0x08006dc4   0x08006dc4   0x00000018   Code   RO         4941    i.USBD_CDC_RegisterInterface  usbd_cdc.o
    0x08006ddc   0x08006ddc   0x0000001e   Code   RO         4942    i.USBD_CDC_SetRxBuffer  usbd_cdc.o
    0x08006dfa   0x08006dfa   0x00000024   Code   RO         4943    i.USBD_CDC_SetTxBuffer  usbd_cdc.o
    0x08006e1e   0x08006e1e   0x00000140   Code   RO         4944    i.USBD_CDC_Setup    usbd_cdc.o
    0x08006f5e   0x08006f5e   0x00000002   PAD
    0x08006f60   0x08006f60   0x00000058   Code   RO         4945    i.USBD_CDC_TransmitPacket  usbd_cdc.o
    0x08006fb8   0x08006fb8   0x0000001c   Code   RO         4606    i.USBD_ClrClassConfig  usbd_core.o
    0x08006fd4   0x08006fd4   0x0000003e   Code   RO         4769    i.USBD_ClrFeature   usbd_ctlreq.o
    0x08007012   0x08007012   0x00000006   Code   RO         4607    i.USBD_CoreFindEP   usbd_core.o
    0x08007018   0x08007018   0x00000006   Code   RO         4608    i.USBD_CoreFindIF   usbd_core.o
    0x0800701e   0x0800701e   0x00000018   Code   RO         4871    i.USBD_CtlContinueRx  usbd_ioreq.o
    0x08007036   0x08007036   0x00000018   Code   RO         4872    i.USBD_CtlContinueSendData  usbd_ioreq.o
    0x0800704e   0x0800704e   0x00000018   Code   RO         4770    i.USBD_CtlError     usbd_ctlreq.o
    0x08007066   0x08007066   0x0000002e   Code   RO         4873    i.USBD_CtlPrepareRx  usbd_ioreq.o
    0x08007094   0x08007094   0x0000001a   Code   RO         4874    i.USBD_CtlReceiveStatus  usbd_ioreq.o
    0x080070ae   0x080070ae   0x00000024   Code   RO         4875    i.USBD_CtlSendData  usbd_ioreq.o
    0x080070d2   0x080070d2   0x0000001a   Code   RO         4876    i.USBD_CtlSendStatus  usbd_ioreq.o
    0x080070ec   0x080070ec   0x00000034   Code   RO          694    i.USBD_FS_ConfigStrDescriptor  usbd_desc.o
    0x08007120   0x08007120   0x00000010   Code   RO          695    i.USBD_FS_DeviceDescriptor  usbd_desc.o
    0x08007130   0x08007130   0x00000038   Code   RO          696    i.USBD_FS_InterfaceStrDescriptor  usbd_desc.o
    0x08007168   0x08007168   0x00000010   Code   RO          697    i.USBD_FS_LangIDStrDescriptor  usbd_desc.o
    0x08007178   0x08007178   0x0000002c   Code   RO          698    i.USBD_FS_ManufacturerStrDescriptor  usbd_desc.o
    0x080071a4   0x080071a4   0x00000040   Code   RO          699    i.USBD_FS_ProductStrDescriptor  usbd_desc.o
    0x080071e4   0x080071e4   0x00000018   Code   RO          700    i.USBD_FS_SerialStrDescriptor  usbd_desc.o
    0x080071fc   0x080071fc   0x00000010   Code   RO          701    i.USBD_FS_USR_BOSDescriptor  usbd_desc.o
    0x0800720c   0x0800720c   0x00000056   Code   RO         4771    i.USBD_GetConfig    usbd_ctlreq.o
    0x08007262   0x08007262   0x00000232   Code   RO         4772    i.USBD_GetDescriptor  usbd_ctlreq.o
    0x08007494   0x08007494   0x00000050   Code   RO         4610    i.USBD_GetEpDesc    usbd_core.o
    0x080074e4   0x080074e4   0x00000016   Code   RO         4773    i.USBD_GetLen       usbd_ctlreq.o
    0x080074fa   0x080074fa   0x00000014   Code   RO         4611    i.USBD_GetNextDesc  usbd_core.o
    0x0800750e   0x0800750e   0x0000005a   Code   RO         4774    i.USBD_GetStatus    usbd_ctlreq.o
    0x08007568   0x08007568   0x00000068   Code   RO         4775    i.USBD_GetString    usbd_ctlreq.o
    0x080075d0   0x080075d0   0x0000002c   Code   RO          859    i.USBD_Get_USB_Status  usbd_conf.o
    0x080075fc   0x080075fc   0x0000003a   Code   RO         4612    i.USBD_Init         usbd_core.o
    0x08007636   0x08007636   0x00000026   Code   RO          860    i.USBD_LL_ClearStallEP  usbd_conf.o
    0x0800765c   0x0800765c   0x00000026   Code   RO          861    i.USBD_LL_CloseEP   usbd_conf.o
    0x08007682   0x08007682   0x00000110   Code   RO         4613    i.USBD_LL_DataInStage  usbd_core.o
    0x08007792   0x08007792   0x0000010a   Code   RO         4614    i.USBD_LL_DataOutStage  usbd_core.o
    0x0800789c   0x0800789c   0x00000006   Code   RO         4615    i.USBD_LL_DevConnected  usbd_core.o
    0x080078a2   0x080078a2   0x00000026   Code   RO         4616    i.USBD_LL_DevDisconnected  usbd_core.o
    0x080078c8   0x080078c8   0x00000012   Code   RO          865    i.USBD_LL_GetRxDataSize  usbd_conf.o
    0x080078da   0x080078da   0x00000002   PAD
    0x080078dc   0x080078dc   0x00000068   Code   RO          866    i.USBD_LL_Init      usbd_conf.o
    0x08007944   0x08007944   0x00000038   Code   RO          867    i.USBD_LL_IsStallEP  usbd_conf.o
    0x0800797c   0x0800797c   0x00000048   Code   RO         4617    i.USBD_LL_IsoINIncomplete  usbd_core.o
    0x080079c4   0x080079c4   0x00000048   Code   RO         4618    i.USBD_LL_IsoOUTIncomplete  usbd_core.o
    0x08007a0c   0x08007a0c   0x00000030   Code   RO          868    i.USBD_LL_OpenEP    usbd_conf.o
    0x08007a3c   0x08007a3c   0x00000030   Code   RO          869    i.USBD_LL_PrepareReceive  usbd_conf.o
    0x08007a6c   0x08007a6c   0x0000006e   Code   RO         4619    i.USBD_LL_Reset     usbd_core.o
    0x08007ada   0x08007ada   0x00000016   Code   RO         4620    i.USBD_LL_Resume    usbd_core.o
    0x08007af0   0x08007af0   0x00000028   Code   RO         4621    i.USBD_LL_SOF       usbd_core.o
    0x08007b18   0x08007b18   0x00000008   Code   RO         4622    i.USBD_LL_SetSpeed  usbd_core.o
    0x08007b20   0x08007b20   0x00000026   Code   RO          870    i.USBD_LL_SetUSBAddress  usbd_conf.o
    0x08007b46   0x08007b46   0x00000076   Code   RO         4623    i.USBD_LL_SetupStage  usbd_core.o
    0x08007bbc   0x08007bbc   0x00000026   Code   RO          871    i.USBD_LL_StallEP   usbd_conf.o
    0x08007be2   0x08007be2   0x0000001e   Code   RO          872    i.USBD_LL_Start     usbd_conf.o
    0x08007c00   0x08007c00   0x0000001c   Code   RO         4624    i.USBD_LL_Suspend   usbd_core.o
    0x08007c1c   0x08007c1c   0x00000030   Code   RO          874    i.USBD_LL_Transmit  usbd_conf.o
    0x08007c4c   0x08007c4c   0x00000036   Code   RO         4776    i.USBD_ParseSetupRequest  usbd_ctlreq.o
    0x08007c82   0x08007c82   0x00000048   Code   RO         4625    i.USBD_RegisterClass  usbd_core.o
    0x08007cca   0x08007cca   0x00000006   Code   RO         4626    i.USBD_RunTestMode  usbd_core.o
    0x08007cd0   0x08007cd0   0x0000005a   Code   RO         4777    i.USBD_SetAddress   usbd_ctlreq.o
    0x08007d2a   0x08007d2a   0x00000020   Code   RO         4627    i.USBD_SetClassConfig  usbd_core.o
    0x08007d4a   0x08007d4a   0x00000002   PAD
    0x08007d4c   0x08007d4c   0x00000104   Code   RO         4778    i.USBD_SetConfig    usbd_ctlreq.o
    0x08007e50   0x08007e50   0x00000038   Code   RO         4779    i.USBD_SetFeature   usbd_ctlreq.o
    0x08007e88   0x08007e88   0x0000000c   Code   RO         4628    i.USBD_Start        usbd_core.o
    0x08007e94   0x08007e94   0x000000ae   Code   RO         4780    i.USBD_StdDevReq    usbd_ctlreq.o
    0x08007f42   0x08007f42   0x00000284   Code   RO         4781    i.USBD_StdEPReq     usbd_ctlreq.o
    0x080081c6   0x080081c6   0x000000ae   Code   RO         4782    i.USBD_StdItfReq    usbd_ctlreq.o
    0x08008274   0x08008274   0x00000002   Code   RO          875    i.USBD_static_free  usbd_conf.o
    0x08008276   0x08008276   0x00000002   PAD
    0x08008278   0x08008278   0x0000000c   Code   RO          876    i.USBD_static_malloc  usbd_conf.o
    0x08008284   0x08008284   0x000000d0   Code   RO         2340    i.USB_ActivateEndpoint  stm32f4xx_ll_usb.o
    0x08008354   0x08008354   0x00000028   Code   RO         2342    i.USB_ActivateSetup  stm32f4xx_ll_usb.o
    0x0800837c   0x0800837c   0x0000008c   Code   RO         2344    i.USB_CoreInit      stm32f4xx_ll_usb.o
    0x08008408   0x08008408   0x00000062   Code   RO         2345    i.USB_CoreReset     stm32f4xx_ll_usb.o
    0x0800846a   0x0800846a   0x00000002   PAD
    0x0800846c   0x0800846c   0x0000014c   Code   RO         2348    i.USB_DeactivateEndpoint  stm32f4xx_ll_usb.o
    0x080085b8   0x080085b8   0x00000024   Code   RO         2349    i.USB_DevConnect    stm32f4xx_ll_usb.o
    0x080085dc   0x080085dc   0x00000024   Code   RO         2350    i.USB_DevDisconnect  stm32f4xx_ll_usb.o
    0x08008600   0x08008600   0x000001e0   Code   RO         2351    i.USB_DevInit       stm32f4xx_ll_usb.o
    0x080087e0   0x080087e0   0x0000000e   Code   RO         2352    i.USB_DisableGlobalInt  stm32f4xx_ll_usb.o
    0x080087ee   0x080087ee   0x00000002   PAD
    0x080087f0   0x080087f0   0x00000070   Code   RO         2355    i.USB_EP0_OutStart  stm32f4xx_ll_usb.o
    0x08008860   0x08008860   0x0000008e   Code   RO         2356    i.USB_EPClearStall  stm32f4xx_ll_usb.o
    0x080088ee   0x080088ee   0x0000009a   Code   RO         2357    i.USB_EPSetStall    stm32f4xx_ll_usb.o
    0x08008988   0x08008988   0x000003c0   Code   RO         2358    i.USB_EPStartXfer   stm32f4xx_ll_usb.o
    0x08008d48   0x08008d48   0x000000ec   Code   RO         2359    i.USB_EPStopXfer    stm32f4xx_ll_usb.o
    0x08008e34   0x08008e34   0x0000000e   Code   RO         2360    i.USB_EnableGlobalInt  stm32f4xx_ll_usb.o
    0x08008e42   0x08008e42   0x00000050   Code   RO         2361    i.USB_FlushRxFifo   stm32f4xx_ll_usb.o
    0x08008e92   0x08008e92   0x00000054   Code   RO         2362    i.USB_FlushTxFifo   stm32f4xx_ll_usb.o
    0x08008ee6   0x08008ee6   0x00000026   Code   RO         2364    i.USB_GetDevSpeed   stm32f4xx_ll_usb.o
    0x08008f0c   0x08008f0c   0x0000000a   Code   RO         2366    i.USB_GetMode       stm32f4xx_ll_usb.o
    0x08008f16   0x08008f16   0x00000014   Code   RO         2374    i.USB_ReadDevAllInEpInterrupt  stm32f4xx_ll_usb.o
    0x08008f2a   0x08008f2a   0x00000014   Code   RO         2375    i.USB_ReadDevAllOutEpInterrupt  stm32f4xx_ll_usb.o
    0x08008f3e   0x08008f3e   0x00000032   Code   RO         2376    i.USB_ReadDevInEPInterrupt  stm32f4xx_ll_usb.o
    0x08008f70   0x08008f70   0x0000001a   Code   RO         2377    i.USB_ReadDevOutEPInterrupt  stm32f4xx_ll_usb.o
    0x08008f8a   0x08008f8a   0x0000000a   Code   RO         2378    i.USB_ReadInterrupts  stm32f4xx_ll_usb.o
    0x08008f94   0x08008f94   0x00000060   Code   RO         2379    i.USB_ReadPacket    stm32f4xx_ll_usb.o
    0x08008ff4   0x08008ff4   0x00000068   Code   RO         2381    i.USB_SetCurrentMode  stm32f4xx_ll_usb.o
    0x0800905c   0x0800905c   0x0000002a   Code   RO         2382    i.USB_SetDevAddress  stm32f4xx_ll_usb.o
    0x08009086   0x08009086   0x00000012   Code   RO         2383    i.USB_SetDevSpeed   stm32f4xx_ll_usb.o
    0x08009098   0x08009098   0x000000e8   Code   RO         2384    i.USB_SetTurnaroundTime  stm32f4xx_ll_usb.o
    0x08009180   0x08009180   0x00000044   Code   RO         2387    i.USB_WritePacket   stm32f4xx_ll_usb.o
    0x080091c4   0x080091c4   0x00000004   Code   RO          479    i.UsageFault_Handler  stm32f4xx_it.o
    0x080091c8   0x080091c8   0x00000030   Code   RO         5716    i.__ARM_fpclassify  m_wm.l(fpclassify.o)
    0x080091f8   0x080091f8   0x00000010   Code   RO         3567    i.__NVIC_GetPriorityGrouping  stm32f4xx_hal_cortex.o
    0x08009208   0x08009208   0x00000028   Code   RO         3568    i.__NVIC_SetPriority  stm32f4xx_hal_cortex.o
    0x08009230   0x08009230   0x0000000e   Code   RO         5538    i._is_digit         c_w.l(__printf_wp.o)
    0x0800923e   0x0800923e   0x00000004   Code   RO           16    i._sys_exit         main.o
    0x08009242   0x08009242   0x00000002   PAD
    0x08009244   0x08009244   0x00000090   Code   RO         5453    i.app_init          app_init.o
    0x080092d4   0x080092d4   0x00000100   Code   RO         5354    i.cm_backtrace_call_stack  cm_backtrace.o
    0x080093d4   0x080093d4   0x00000270   Code   RO         5355    i.cm_backtrace_fault  cm_backtrace.o
    0x08009644   0x08009644   0x0000002c   Code   RO         5356    i.cm_backtrace_firmware_info  cm_backtrace.o
    0x08009670   0x08009670   0x000000a0   Code   RO         5357    i.cm_backtrace_init  cm_backtrace.o
    0x08009710   0x08009710   0x00000030   Code   RO         5358    i.disassembly_ins_is_bl_blx  cm_backtrace.o
    0x08009740   0x08009740   0x000000d0   Code   RO         5359    i.dump_stack        cm_backtrace.o
    0x08009810   0x08009810   0x0000011c   Code   RO         5036    i.elog_get_filter_tag_lvl  elog.o
    0x0800992c   0x0800992c   0x0000004c   Code   RO         5039    i.elog_init         elog.o
    0x08009978   0x08009978   0x0000038c   Code   RO         5040    i.elog_output       elog.o
    0x08009d04   0x08009d04   0x00000028   Code   RO         5041    i.elog_output_lock  elog.o
    0x08009d2c   0x08009d2c   0x00000040   Code   RO         5042    i.elog_output_lock_enabled  elog.o
    0x08009d6c   0x08009d6c   0x00000028   Code   RO         5043    i.elog_output_unlock  elog.o
    0x08009d94   0x08009d94   0x00000010   Code   RO         5229    i.elog_port_get_p_info  elog_port.o
    0x08009da4   0x08009da4   0x0000000c   Code   RO         5230    i.elog_port_get_t_info  elog_port.o
    0x08009db0   0x08009db0   0x00000028   Code   RO         5231    i.elog_port_get_time  elog_port.o
    0x08009dd8   0x08009dd8   0x00000004   Code   RO         5232    i.elog_port_init    elog_port.o
    0x08009ddc   0x08009ddc   0x0000001c   Code   RO         5233    i.elog_port_output  elog_port.o
    0x08009df8   0x08009df8   0x00000004   Code   RO         5234    i.elog_port_output_lock  elog_port.o
    0x08009dfc   0x08009dfc   0x00000004   Code   RO         5235    i.elog_port_output_unlock  elog_port.o
    0x08009e00   0x08009e00   0x000000c0   Code   RO         5047    i.elog_set_filter_lvl  elog.o
    0x08009ec0   0x08009ec0   0x00000048   Code   RO         5050    i.elog_set_filter_tag_lvl_default  elog.o
    0x08009f08   0x08009f08   0x000000c4   Code   RO         5051    i.elog_set_fmt      elog.o
    0x08009fcc   0x08009fcc   0x000000d0   Code   RO         5052    i.elog_set_output_enabled  elog.o
    0x0800a09c   0x0800a09c   0x00000080   Code   RO         5053    i.elog_start        elog.o
    0x0800a11c   0x0800a11c   0x00000100   Code   RO         5203    i.elog_strcpy       elog_utils.o
    0x0800a21c   0x0800a21c   0x00000308   Code   RO         5360    i.fault_diagnosis   cm_backtrace.o
    0x0800a524   0x0800a524   0x000000d0   Code   RO         5054    i.get_fmt_enabled   elog.o
    0x0800a5f4   0x0800a5f4   0x0000001c   Code   RO         5309    i.hrt_absolute_time  hrtimer.o
    0x0800a610   0x0800a610   0x00000010   Code   RO         5310    i.hrtimer_init      hrtimer.o
    0x0800a620   0x0800a620   0x000000b4   Code   RO           19    i.main              main.o
    0x0800a6d4   0x0800a6d4   0x0000003e   Code   RO         5236    i.my_log_init       elog_port.o
    0x0800a712   0x0800a712   0x00000002   PAD
    0x0800a714   0x0800a714   0x00000030   Code   RO         5237    i.myprintf          elog_port.o
    0x0800a744   0x0800a744   0x00000098   Code   RO         5361    i.print_call_stack  cm_backtrace.o
    0x0800a7dc   0x0800a7dc   0x00000024   Code   RO         5362    i.statck_del_fpu_regs  cm_backtrace.o
    0x0800a800   0x0800a800   0x0000002c   Code   RO         5699    locale$$code        c_w.l(lc_numeric_c.o)
    0x0800a82c   0x0800a82c   0x0000002c   Code   RO         5726    locale$$code        c_w.l(lc_ctype_c.o)
    0x0800a858   0x0800a858   0x0000000a   Code   RO         5792    x$fpl$fpinit        fz_wm.l(fpinit.o)
    0x0800a862   0x0800a862   0x00000004   Code   RO         5626    x$fpl$printf1       fz_wm.l(printf1.o)
    0x0800a866   0x0800a866   0x00000004   Code   RO         5628    x$fpl$printf2       fz_wm.l(printf2.o)
    0x0800a86a   0x0800a86a   0x00000000   Code   RO         5715    x$fpl$usenofp       fz_wm.l(usenofp.o)
    0x0800a86a   0x0800a86a   0x00000005   Data   RO           20    .constdata          main.o
    0x0800a86f   0x0800a86f   0x00000008   Data   RO         3263    .constdata          stm32f4xx_hal_dma.o
    0x0800a877   0x0800a877   0x00000018   Data   RO         4571    .constdata          system_stm32f4xx.o
    0x0800a88f   0x0800a88f   0x000000bc   Data   RO         5056    .constdata          elog.o
    0x0800a94b   0x0800a94b   0x00000023   Data   RO         5204    .constdata          elog_utils.o
    0x0800a96e   0x0800a96e   0x00000002   PAD
    0x0800a970   0x0800a970   0x000000e0   Data   RO         5364    .constdata          cm_backtrace.o
    0x0800aa50   0x0800aa50   0x00000009   Data   RO         5454    .constdata          app_init.o
    0x0800aa59   0x0800aa59   0x00000028   Data   RO         5526    .constdata          c_w.l(_printf_hex_int_ll_ptr.o)
    0x0800aa81   0x0800aa81   0x00000011   Data   RO         5546    .constdata          c_w.l(__printf_flags_ss_wp.o)
    0x0800aa92   0x0800aa92   0x00000002   PAD
    0x0800aa94   0x0800aa94   0x00000008   Data   RO         5600    .constdata          c_w.l(_printf_wctomb.o)
    0x0800aa9c   0x0800aa9c   0x00000026   Data   RO         5654    .constdata          c_w.l(_printf_fp_hex.o)
    0x0800aac2   0x0800aac2   0x00000002   PAD
    0x0800aac4   0x0800aac4   0x00000094   Data   RO         5674    .constdata          c_w.l(bigflt0.o)
    0x0800ab58   0x0800ab58   0x00000017   Data   RO         5057    .conststring        elog.o
    0x0800ab6f   0x0800ab6f   0x00000001   PAD
    0x0800ab70   0x0800ab70   0x00000879   Data   RO         5365    .conststring        cm_backtrace.o
    0x0800b3e9   0x0800b3e9   0x00000003   PAD
    0x0800b3ec   0x0800b3ec   0x00000020   Data   RO         5846    Region$$Table       anon$$obj.o
    0x0800b40c   0x0800b40c   0x0000001c   Data   RO         5698    locale$$data        c_w.l(lc_numeric_c.o)
    0x0800b428   0x0800b428   0x00000110   Data   RO         5725    locale$$data        c_w.l(lc_ctype_c.o)


    Execution Region RW_IRAM1 (Exec base: 0x20000000, Load base: 0x0800b538, Size: 0x00003098, Max: 0x00020000, ABSOLUTE, COMPRESSED[0x000000d8])

    Exec Addr    Load Addr    Size         Type   Attr      Idx    E Section Name        Object

    0x20000000   COMPRESSED   0x00000004   Data   RW          265    .data               can.o
    0x20000004   COMPRESSED   0x0000005e   Data   RW          703    .data               usbd_desc.o
    0x20000062   COMPRESSED   0x00000002   PAD
    0x20000064   COMPRESSED   0x00000014   Data   RW          795    .data               usbd_cdc_if.o
    0x20000078   COMPRESSED   0x00000009   Data   RW         3731    .data               stm32f4xx_hal.o
    0x20000081   COMPRESSED   0x00000003   PAD
    0x20000084   COMPRESSED   0x00000004   Data   RW         4572    .data               system_stm32f4xx.o
    0x20000088   COMPRESSED   0x00000001   Data   RW         4783    .data               usbd_ctlreq.o
    0x20000089   COMPRESSED   0x00000003   PAD
    0x2000008c   COMPRESSED   0x0000008a   Data   RW         4946    .data               usbd_cdc.o
    0x20000116   COMPRESSED   0x00000002   PAD
    0x20000118   COMPRESSED   0x0000001c   Data   RW         5058    .data               elog.o
    0x20000134   COMPRESSED   0x00000004   PAD
    0x20000138   COMPRESSED   0x00000008   Data   RW         5311    .data               hrtimer.o
    0x20000140   COMPRESSED   0x00000015   Data   RW         5366    .data               cm_backtrace.o
    0x20000155   COMPRESSED   0x00000003   PAD
    0x20000158        -       0x00000050   Zero   RW          264    .bss                can.o
    0x200001a8        -       0x000000d8   Zero   RW          341    .bss                tim.o
    0x20000280        -       0x000001e0   Zero   RW          411    .bss                usart.o
    0x20000460        -       0x00000048   Zero   RW          604    .bss                stm32f4xx_hal_timebase_tim.o
    0x200004a8        -       0x000002dc   Zero   RW          641    .bss                usb_device.o
    0x20000784        -       0x00000200   Zero   RW          702    .bss                usbd_desc.o
    0x20000984        -       0x00001000   Zero   RW          794    .bss                usbd_cdc_if.o
    0x20001984        -       0x00000704   Zero   RW          877    .bss                usbd_conf.o
    0x20002088        -       0x000001a4   Zero   RW         5055    .bss                elog.o
    0x2000222c        -       0x000000d8   Zero   RW         5238    .bss                elog_port.o
    0x20002304        -       0x00000134   Zero   RW         5363    .bss                cm_backtrace.o
    0x20002438        -       0x00000060   Zero   RW         5719    .bss                c_w.l(libspace.o)
    0x20002498        -       0x00000400   Zero   RW            2    HEAP                startup_stm32f446xx.o
    0x20002898        -       0x00000800   Zero   RW            1    STACK               startup_stm32f446xx.o


==============================================================================

Image component sizes


      Code (inc. data)   RO Data    RW Data    ZI Data      Debug   Object Name

       144         84          9          0          0        551   app_init.o
       488         40          0          4         80       2354   can.o
      2304        454       2393         21        308      14418   cm_backtrace.o
        12          0          0          0          0        428   cmb_fault.o
        72          4          0          0          0        738   dma.o
      2416        868        211         28        420      15334   elog.o
         0          0          0          0          0       3183   elog_async.o
       218         52          0          0        216       4854   elog_port.o
       256         96         35          0          0       2189   elog_utils.o
       272         16          0          0          0       1007   gpio.o
       120         22          0          8          0       2402   hrtimer.o
       398         78          5          0          0     740620   main.o
        64         26        452          0       3072        828   startup_stm32f446xx.o
       136         24          0          9          0       8458   stm32f4xx_hal.o
       988          0          0          0          0      10167   stm32f4xx_hal_can.o
       260         22          0          0          0      33458   stm32f4xx_hal_cortex.o
      1246         16          8          0          0       5247   stm32f4xx_hal_dma.o
       496         40          0          0          0       2052   stm32f4xx_hal_gpio.o
        72          4          0          0          0        826   stm32f4xx_hal_msp.o
      3642         16          0          0          0      13548   stm32f4xx_hal_pcd.o
       128          4          0          0          0       2408   stm32f4xx_hal_pcd_ex.o
       532         56          0          0          0       3855   stm32f4xx_hal_rcc.o
      2904         72          0          0          0       4562   stm32f4xx_hal_rcc_ex.o
      2054        112          0          0          0      14050   stm32f4xx_hal_tim.o
       184         30          0          0          0       2453   stm32f4xx_hal_tim_ex.o
       180         20          0          0         72       1420   stm32f4xx_hal_timebase_tim.o
      1964         14          0          0          0       9368   stm32f4xx_hal_uart.o
       136         42          0          0          0       6981   stm32f4xx_it.o
      3900         84          0          0          0      22312   stm32f4xx_ll_usb.o
        28          4         24          4          0       1103   system_stm32f4xx.o
       720         60          0          0        216       4198   tim.o
       920         86          0          0        480       3813   usart.o
        76         16          0          0        732       2539   usb_device.o
      1772         52          0        138          0      13953   usbd_cdc.o
       204         22          0         20       4096       4124   usbd_cdc_if.o
      1148         32          0          0       1796      17841   usbd_conf.o
      1372          0          0          0          0      16157   usbd_core.o
      2420         22          0          1          0      17632   usbd_ctlreq.o
       402        128          0         94        512       7349   usbd_desc.o
       182          0          0          0          0       4596   usbd_ioreq.o

    ----------------------------------------------------------------------
     34870       2718       3175        344      12000    1023376   Object Totals
         0          0         32          0          0          0   (incl. Generated)
        40          0          6         17          0          0   (incl. Padding)

    ----------------------------------------------------------------------

      Code (inc. data)   RO Data    RW Data    ZI Data      Debug   Library Member Name

        56          6          0          0          0         88   __2snprintf.o
        44          6          0          0          0         84   __2sprintf.o
        90          0          0          0          0          0   __dczerorl2.o
         8          0          0          0          0         68   __main.o
       392          4         17          0          0         92   __printf_flags_ss_wp.o
        14          0          0          0          0         68   __printf_wp.o
         0          0          0          0          0          0   __rtentry.o
        12          0          0          0          0          0   __rtentry2.o
         6          0          0          0          0          0   __rtentry4.o
        52          8          0          0          0          0   __scatter.o
        28          0          0          0          0          0   __scatter_zi.o
         6          0          0          0          0          0   _printf_a.o
         6          0          0          0          0          0   _printf_c.o
        44          0          0          0          0        108   _printf_char.o
        48          6          0          0          0         96   _printf_char_common.o
        40          0          0          0          0         68   _printf_charcount.o
         6          0          0          0          0          0   _printf_d.o
       120         16          0          0          0         92   _printf_dec.o
         6          0          0          0          0          0   _printf_e.o
         6          0          0          0          0          0   _printf_f.o
      1054          0          0          0          0        216   _printf_fp_dec.o
       764          8         38          0          0        100   _printf_fp_hex.o
       128         16          0          0          0         84   _printf_fp_infnan.o
         6          0          0          0          0          0   _printf_g.o
       148          4         40          0          0        160   _printf_hex_int_ll_ptr.o
         6          0          0          0          0          0   _printf_i.o
       178          0          0          0          0         88   _printf_intcommon.o
        10          0          0          0          0          0   _printf_l.o
         6          0          0          0          0          0   _printf_lc.o
        10          0          0          0          0          0   _printf_ll.o
         6          0          0          0          0          0   _printf_lld.o
         6          0          0          0          0          0   _printf_lli.o
         6          0          0          0          0          0   _printf_llo.o
         6          0          0          0          0          0   _printf_llu.o
         6          0          0          0          0          0   _printf_llx.o
       124         16          0          0          0         92   _printf_longlong_dec.o
         6          0          0          0          0          0   _printf_ls.o
         6          0          0          0          0          0   _printf_n.o
         6          0          0          0          0          0   _printf_o.o
       112         10          0          0          0        124   _printf_oct_int_ll.o
         6          0          0          0          0          0   _printf_p.o
        78          0          0          0          0        108   _printf_pad.o
         0          0          0          0          0          0   _printf_percent.o
         4          0          0          0          0          0   _printf_percent_end.o
         6          0          0          0          0          0   _printf_s.o
        82          0          0          0          0         80   _printf_str.o
        36          0          0          0          0         84   _printf_truncate.o
         6          0          0          0          0          0   _printf_u.o
        44          0          0          0          0        108   _printf_wchar.o
       188          6          8          0          0         92   _printf_wctomb.o
         6          0          0          0          0          0   _printf_x.o
        16          0          0          0          0         68   _snputc.o
        10          0          0          0          0         68   _sputc.o
        64          0          0          0          0         92   _wcrtomb.o
        16          0          0          0          0         68   aeabi_memset.o
       228          4        148          0          0         96   bigflt0.o
      1936        128          0          0          0        672   btod.o
        18          0          0          0          0         80   exit.o
         6          0          0          0          0        152   heapauxi.o
        44         10        272          0          0         76   lc_ctype_c.o
        44         10         28          0          0         76   lc_numeric_c.o
         2          0          0          0          0          0   libinit.o
        34          0          0          0          0          0   libinit2.o
         2          0          0          0          0          0   libshutdown.o
         2          0          0          0          0          0   libshutdown2.o
         8          4          0          0         96         68   libspace.o
       138          0          0          0          0         80   lludiv10.o
       238          0          0          0          0        100   lludivv7m.o
        16          4          0          0          0         76   rt_ctype_table.o
         8          4          0          0          0         68   rt_locale_intlibspace.o
        68          0          0          0          0         68   rt_memclr.o
        78          0          0          0          0         80   rt_memclr_w.o
       100          0          0          0          0         80   rt_memcpy_w.o
         2          0          0          0          0          0   rtexit.o
        10          0          0          0          0          0   rtexit2.o
       128          0          0          0          0         68   strcmpv7m.o
        62          0          0          0          0         76   strlen.o
       150          0          0          0          0         80   strncmp.o
        86          0          0          0          0         76   strncpy.o
        36          0          0          0          0         80   strstr.o
        74          0          0          0          0         80   sys_stackheap_outer.o
         2          0          0          0          0         68   use_no_semi.o
         2          0          0          0          0         68   use_no_semi_2.o
        52          4          0          0          0         80   vsnprintf.o
        10          0          0          0          0        116   fpinit.o
         4          0          0          0          0        116   printf1.o
         4          0          0          0          0        116   printf2.o
         0          0          0          0          0          0   usenofp.o
        48          0          0          0          0        124   fpclassify.o

    ----------------------------------------------------------------------
      7792        274        555          0         96       5316   Library Totals
        12          0          4          0          0          0   (incl. Padding)

    ----------------------------------------------------------------------

      Code (inc. data)   RO Data    RW Data    ZI Data      Debug   Library Name

      7714        274        551          0         96       4844   c_w.l
        18          0          0          0          0        348   fz_wm.l
        48          0          0          0          0        124   m_wm.l

    ----------------------------------------------------------------------
      7792        274        555          0         96       5316   Library Totals

    ----------------------------------------------------------------------

==============================================================================


      Code (inc. data)   RO Data    RW Data    ZI Data      Debug   

     42662       2992       3730        344      12096     996488   Grand Totals
     42662       2992       3730        216      12096     996488   ELF Image Totals (compressed)
     42662       2992       3730        216          0          0   ROM Totals

==============================================================================

    Total RO  Size (Code + RO Data)                46392 (  45.30kB)
    Total RW  Size (RW Data + ZI Data)             12440 (  12.15kB)
    Total ROM Size (Code + RO Data + RW Data)      46608 (  45.52kB)

==============================================================================

